<?xml version="1.0"?>
<link_info>
   <banner>MSP430 Linker Unix v15.12.1.LTS</banner>
   <copyright>Copyright (c) 2003-2015 Texas Instruments Incorporated</copyright>
   <link_time>0x63d263d3</link_time>
   <link_errors>0x0</link_errors>
   <output_file>sendstr.out</output_file>
   <entry_point>
      <name>_c_int00_noargs_noexit_mpu</name>
      <address>0x4400</address>
   </entry_point>
   <input_file_list>
      <input_file id="fl-2">
         <path>./</path>
         <kind>object</kind>
         <file>board.obj</file>
         <name>board.obj</name>
      </input_file>
      <input_file id="fl-3">
         <path>./</path>
         <kind>object</kind>
         <file>cli_uart.obj</file>
         <name>cli_uart.obj</name>
      </input_file>
      <input_file id="fl-4">
         <path>./</path>
         <kind>object</kind>
         <file>leds.obj</file>
         <name>leds.obj</name>
      </input_file>
      <input_file id="fl-5">
         <path>./</path>
         <kind>object</kind>
         <file>main.obj</file>
         <name>main.obj</name>
      </input_file>
      <input_file id="fl-6">
         <path>./</path>
         <kind>object</kind>
         <file>simple_link_func.obj</file>
         <name>simple_link_func.obj</name>
      </input_file>
      <input_file id="fl-7">
         <path>./</path>
         <kind>object</kind>
         <file>spi.obj</file>
         <name>spi.obj</name>
      </input_file>
      <input_file id="fl-8">
         <path>./</path>
         <kind>object</kind>
         <file>uart.obj</file>
         <name>uart.obj</name>
      </input_file>
      <input_file id="fl-9">
         <path>./</path>
         <kind>object</kind>
         <file>uartstdio.obj</file>
         <name>uartstdio.obj</name>
      </input_file>
      <input_file id="fl-a">
         <path>./common/</path>
         <kind>object</kind>
         <file>jsmn.obj</file>
         <name>jsmn.obj</name>
      </input_file>
      <input_file id="fl-b">
         <path>./simplelink/source/</path>
         <kind>object</kind>
         <file>device.obj</file>
         <name>device.obj</name>
      </input_file>
      <input_file id="fl-c">
         <path>./simplelink/source/</path>
         <kind>object</kind>
         <file>driver.obj</file>
         <name>driver.obj</name>
      </input_file>
      <input_file id="fl-d">
         <path>./simplelink/source/</path>
         <kind>object</kind>
         <file>flowcont.obj</file>
         <name>flowcont.obj</name>
      </input_file>
      <input_file id="fl-e">
         <path>./simplelink/source/</path>
         <kind>object</kind>
         <file>fs.obj</file>
         <name>fs.obj</name>
      </input_file>
      <input_file id="fl-f">
         <path>./simplelink/source/</path>
         <kind>object</kind>
         <file>netapp.obj</file>
         <name>netapp.obj</name>
      </input_file>
      <input_file id="fl-10">
         <path>./simplelink/source/</path>
         <kind>object</kind>
         <file>netcfg.obj</file>
         <name>netcfg.obj</name>
      </input_file>
      <input_file id="fl-11">
         <path>./simplelink/source/</path>
         <kind>object</kind>
         <file>nonos.obj</file>
         <name>nonos.obj</name>
      </input_file>
      <input_file id="fl-12">
         <path>./simplelink/source/</path>
         <kind>object</kind>
         <file>socket.obj</file>
         <name>socket.obj</name>
      </input_file>
      <input_file id="fl-13">
         <path>./simplelink/source/</path>
         <kind>object</kind>
         <file>spawn.obj</file>
         <name>spawn.obj</name>
      </input_file>
      <input_file id="fl-14">
         <path>./simplelink/source/</path>
         <kind>object</kind>
         <file>wlan.obj</file>
         <name>wlan.obj</name>
      </input_file>
      <input_file id="fl-3c">
         <path>/home/lab1362-01/programs/ti/ccsv6/tools/compiler/ti-cgt-msp430_15.12.1.LTS/lib/</path>
         <kind>archive</kind>
         <file>rts430x_lc_rd_eabi.lib</file>
         <name>copy_decompress_none.obj</name>
      </input_file>
      <input_file id="fl-3d">
         <path>/home/lab1362-01/programs/ti/ccsv6/tools/compiler/ti-cgt-msp430_15.12.1.LTS/lib/</path>
         <kind>archive</kind>
         <file>rts430x_lc_rd_eabi.lib</file>
         <name>copy_decompress_rle.obj</name>
      </input_file>
      <input_file id="fl-3e">
         <path>/home/lab1362-01/programs/ti/ccsv6/tools/compiler/ti-cgt-msp430_15.12.1.LTS/lib/</path>
         <kind>archive</kind>
         <file>rts430x_lc_rd_eabi.lib</file>
         <name>int27.obj</name>
      </input_file>
      <input_file id="fl-3f">
         <path>/home/lab1362-01/programs/ti/ccsv6/tools/compiler/ti-cgt-msp430_15.12.1.LTS/lib/</path>
         <kind>archive</kind>
         <file>rts430x_lc_rd_eabi.lib</file>
         <name>isr_trap.obj</name>
      </input_file>
      <input_file id="fl-40">
         <path>/home/lab1362-01/programs/ti/ccsv6/tools/compiler/ti-cgt-msp430_15.12.1.LTS/lib/</path>
         <kind>archive</kind>
         <file>rts430x_lc_rd_eabi.lib</file>
         <name>int29.obj</name>
      </input_file>
      <input_file id="fl-41">
         <path>/home/lab1362-01/programs/ti/ccsv6/tools/compiler/ti-cgt-msp430_15.12.1.LTS/lib/</path>
         <kind>archive</kind>
         <file>rts430x_lc_rd_eabi.lib</file>
         <name>int30.obj</name>
      </input_file>
      <input_file id="fl-42">
         <path>/home/lab1362-01/programs/ti/ccsv6/tools/compiler/ti-cgt-msp430_15.12.1.LTS/lib/</path>
         <kind>archive</kind>
         <file>rts430x_lc_rd_eabi.lib</file>
         <name>int31.obj</name>
      </input_file>
      <input_file id="fl-43">
         <path>/home/lab1362-01/programs/ti/ccsv6/tools/compiler/ti-cgt-msp430_15.12.1.LTS/lib/</path>
         <kind>archive</kind>
         <file>rts430x_lc_rd_eabi.lib</file>
         <name>int32.obj</name>
      </input_file>
      <input_file id="fl-44">
         <path>/home/lab1362-01/programs/ti/ccsv6/tools/compiler/ti-cgt-msp430_15.12.1.LTS/lib/</path>
         <kind>archive</kind>
         <file>rts430x_lc_rd_eabi.lib</file>
         <name>int33.obj</name>
      </input_file>
      <input_file id="fl-45">
         <path>/home/lab1362-01/programs/ti/ccsv6/tools/compiler/ti-cgt-msp430_15.12.1.LTS/lib/</path>
         <kind>archive</kind>
         <file>rts430x_lc_rd_eabi.lib</file>
         <name>int37.obj</name>
      </input_file>
      <input_file id="fl-46">
         <path>/home/lab1362-01/programs/ti/ccsv6/tools/compiler/ti-cgt-msp430_15.12.1.LTS/lib/</path>
         <kind>archive</kind>
         <file>rts430x_lc_rd_eabi.lib</file>
         <name>int41.obj</name>
      </input_file>
      <input_file id="fl-47">
         <path>/home/lab1362-01/programs/ti/ccsv6/tools/compiler/ti-cgt-msp430_15.12.1.LTS/lib/</path>
         <kind>archive</kind>
         <file>rts430x_lc_rd_eabi.lib</file>
         <name>int48.obj</name>
      </input_file>
      <input_file id="fl-48">
         <path>/home/lab1362-01/programs/ti/ccsv6/tools/compiler/ti-cgt-msp430_15.12.1.LTS/lib/</path>
         <kind>archive</kind>
         <file>rts430x_lc_rd_eabi.lib</file>
         <name>int52.obj</name>
      </input_file>
      <input_file id="fl-49">
         <path>/home/lab1362-01/programs/ti/ccsv6/tools/compiler/ti-cgt-msp430_15.12.1.LTS/lib/</path>
         <kind>archive</kind>
         <file>rts430x_lc_rd_eabi.lib</file>
         <name>copy_zero_init.obj</name>
      </input_file>
      <input_file id="fl-4a">
         <path>/home/lab1362-01/programs/ti/ccsv6/tools/compiler/ti-cgt-msp430_15.12.1.LTS/lib/</path>
         <kind>archive</kind>
         <file>rts430x_lc_rd_eabi.lib</file>
         <name>div32u.obj</name>
      </input_file>
      <input_file id="fl-4b">
         <path>/home/lab1362-01/programs/ti/ccsv6/tools/compiler/ti-cgt-msp430_15.12.1.LTS/lib/</path>
         <kind>archive</kind>
         <file>rts430x_lc_rd_eabi.lib</file>
         <name>mult16.obj</name>
      </input_file>
      <input_file id="fl-4c">
         <path>/home/lab1362-01/programs/ti/ccsv6/tools/compiler/ti-cgt-msp430_15.12.1.LTS/lib/</path>
         <kind>archive</kind>
         <file>rts430x_lc_rd_eabi.lib</file>
         <name>mult16_f5hw.obj</name>
      </input_file>
      <input_file id="fl-4d">
         <path>/home/lab1362-01/programs/ti/ccsv6/tools/compiler/ti-cgt-msp430_15.12.1.LTS/lib/</path>
         <kind>archive</kind>
         <file>rts430x_lc_rd_eabi.lib</file>
         <name>mult32.obj</name>
      </input_file>
      <input_file id="fl-4e">
         <path>/home/lab1362-01/programs/ti/ccsv6/tools/compiler/ti-cgt-msp430_15.12.1.LTS/lib/</path>
         <kind>archive</kind>
         <file>rts430x_lc_rd_eabi.lib</file>
         <name>mult32_f5hw.obj</name>
      </input_file>
      <input_file id="fl-4f">
         <path>/home/lab1362-01/programs/ti/ccsv6/tools/compiler/ti-cgt-msp430_15.12.1.LTS/lib/</path>
         <kind>archive</kind>
         <file>rts430x_lc_rd_eabi.lib</file>
         <name>mult64_f5hw.obj</name>
      </input_file>
      <input_file id="fl-50">
         <path>/home/lab1362-01/programs/ti/ccsv6/tools/compiler/ti-cgt-msp430_15.12.1.LTS/lib/</path>
         <kind>archive</kind>
         <file>rts430x_lc_rd_eabi.lib</file>
         <name>mult1632_f5hw.obj</name>
      </input_file>
      <input_file id="fl-51">
         <path>/home/lab1362-01/programs/ti/ccsv6/tools/compiler/ti-cgt-msp430_15.12.1.LTS/lib/</path>
         <kind>archive</kind>
         <file>rts430x_lc_rd_eabi.lib</file>
         <name>mult3264_f5hw.obj</name>
      </input_file>
      <input_file id="fl-52">
         <path>/home/lab1362-01/programs/ti/ccsv6/tools/compiler/ti-cgt-msp430_15.12.1.LTS/lib/</path>
         <kind>archive</kind>
         <file>rts430x_lc_rd_eabi.lib</file>
         <name>lsl16.obj</name>
      </input_file>
      <input_file id="fl-53">
         <path>/home/lab1362-01/programs/ti/ccsv6/tools/compiler/ti-cgt-msp430_15.12.1.LTS/lib/</path>
         <kind>archive</kind>
         <file>rts430x_lc_rd_eabi.lib</file>
         <name>lsl32.obj</name>
      </input_file>
      <input_file id="fl-54">
         <path>/home/lab1362-01/programs/ti/ccsv6/tools/compiler/ti-cgt-msp430_15.12.1.LTS/lib/</path>
         <kind>archive</kind>
         <file>rts430x_lc_rd_eabi.lib</file>
         <name>lsr16.obj</name>
      </input_file>
      <input_file id="fl-55">
         <path>/home/lab1362-01/programs/ti/ccsv6/tools/compiler/ti-cgt-msp430_15.12.1.LTS/lib/</path>
         <kind>archive</kind>
         <file>rts430x_lc_rd_eabi.lib</file>
         <name>lsr32.obj</name>
      </input_file>
      <input_file id="fl-56">
         <path>/home/lab1362-01/programs/ti/ccsv6/tools/compiler/ti-cgt-msp430_15.12.1.LTS/lib/</path>
         <kind>archive</kind>
         <file>rts430x_lc_rd_eabi.lib</file>
         <name>boot.obj</name>
      </input_file>
      <input_file id="fl-57">
         <path>/home/lab1362-01/programs/ti/ccsv6/tools/compiler/ti-cgt-msp430_15.12.1.LTS/lib/</path>
         <kind>archive</kind>
         <file>rts430x_lc_rd_eabi.lib</file>
         <name>args_main.obj</name>
      </input_file>
      <input_file id="fl-58">
         <path>/home/lab1362-01/programs/ti/ccsv6/tools/compiler/ti-cgt-msp430_15.12.1.LTS/lib/</path>
         <kind>archive</kind>
         <file>rts430x_lc_rd_eabi.lib</file>
         <name>autoinit_wdt.obj</name>
      </input_file>
      <input_file id="fl-59">
         <path>/home/lab1362-01/programs/ti/ccsv6/tools/compiler/ti-cgt-msp430_15.12.1.LTS/lib/</path>
         <kind>archive</kind>
         <file>rts430x_lc_rd_eabi.lib</file>
         <name>boot_special.obj</name>
      </input_file>
      <input_file id="fl-5a">
         <path>/home/lab1362-01/programs/ti/ccsv6/ccs_base/msp430/lib/FR59xx/</path>
         <kind>archive</kind>
         <file>MSPMPU_INIT_LIB_CCS_msp430_large_code_restricted_data.lib</file>
         <name>mpu_init.o</name>
      </input_file>
      <input_file id="fl-5b">
         <path>/home/lab1362-01/programs/ti/ccsv6/tools/compiler/ti-cgt-msp430_15.12.1.LTS/lib/</path>
         <kind>archive</kind>
         <file>rts430x_lc_rd_eabi.lib</file>
         <name>startup.obj</name>
      </input_file>
      <input_file id="fl-5c">
         <path>/home/lab1362-01/programs/ti/ccsv6/tools/compiler/ti-cgt-msp430_15.12.1.LTS/lib/</path>
         <kind>archive</kind>
         <file>rts430x_lc_rd_eabi.lib</file>
         <name>pre_init.obj</name>
      </input_file>
      <input_file id="fl-5d">
         <path>/home/lab1362-01/programs/ti/ccsv6/tools/compiler/ti-cgt-msp430_15.12.1.LTS/lib/</path>
         <kind>archive</kind>
         <file>rts430x_lc_rd_eabi.lib</file>
         <name>exit.obj</name>
      </input_file>
      <input_file id="fl-5e">
         <path>/home/lab1362-01/programs/ti/ccsv6/tools/compiler/ti-cgt-msp430_15.12.1.LTS/lib/</path>
         <kind>archive</kind>
         <file>rts430x_lc_rd_eabi.lib</file>
         <name>exit_gvars.obj</name>
      </input_file>
      <input_file id="fl-5f">
         <path>/home/lab1362-01/programs/ti/ccsv6/tools/compiler/ti-cgt-msp430_15.12.1.LTS/lib/</path>
         <kind>archive</kind>
         <file>rts430x_lc_rd_eabi.lib</file>
         <name>_lock.obj</name>
      </input_file>
      <input_file id="fl-60">
         <path>/home/lab1362-01/programs/ti/ccsv6/tools/compiler/ti-cgt-msp430_15.12.1.LTS/lib/</path>
         <kind>archive</kind>
         <file>rts430x_lc_rd_eabi.lib</file>
         <name>cpy_tbl.obj</name>
      </input_file>
      <input_file id="fl-61">
         <path>/home/lab1362-01/programs/ti/ccsv6/tools/compiler/ti-cgt-msp430_15.12.1.LTS/lib/</path>
         <kind>archive</kind>
         <file>rts430x_lc_rd_eabi.lib</file>
         <name>memcpy.obj</name>
      </input_file>
      <input_file id="fl-62">
         <path>/home/lab1362-01/programs/ti/ccsv6/tools/compiler/ti-cgt-msp430_15.12.1.LTS/lib/</path>
         <kind>archive</kind>
         <file>rts430x_lc_rd_eabi.lib</file>
         <name>memset.obj</name>
      </input_file>
      <input_file id="fl-63">
         <path>/home/lab1362-01/programs/ti/ccsv6/tools/compiler/ti-cgt-msp430_15.12.1.LTS/lib/</path>
         <kind>archive</kind>
         <file>rts430x_lc_rd_eabi.lib</file>
         <name>strcpy.obj</name>
      </input_file>
      <input_file id="fl-64">
         <path>/home/lab1362-01/programs/ti/ccsv6/tools/compiler/ti-cgt-msp430_15.12.1.LTS/lib/</path>
         <kind>archive</kind>
         <file>rts430x_lc_rd_eabi.lib</file>
         <name>strlen.obj</name>
      </input_file>
   </input_file_list>
   <object_component_list>
      <object_component id="oc-be6">
         <name>.cinit..bss.load</name>
         <load_address>0x4932</load_address>
         <run_address>0x4932</run_address>
         <size>0xb</size>
      </object_component>
      <object_component id="oc-be7">
         <name>.cinit..data.load</name>
         <load_address>0x493e</load_address>
         <run_address>0x493e</run_address>
         <size>0x9</size>
      </object_component>
      <object_component id="oc-be4">
         <name>__TI_handler_table</name>
         <load_address>0x4948</load_address>
         <run_address>0x4948</run_address>
         <size>0x8</size>
      </object_component>
      <object_component id="oc-be5">
         <name>__TI_cinit_table</name>
         <load_address>0x4950</load_address>
         <run_address>0x4950</run_address>
         <size>0x10</size>
      </object_component>
      <object_component id="oc-b7c">
         <name>.binit</name>
         <load_address>0x4400</load_address>
         <run_address>0x4400</run_address>
         <size>0x0</size>
      </object_component>
      <object_component id="oc-ac5">
         <name>.const:.string</name>
         <load_address>0x444e</load_address>
         <run_address>0x444e</run_address>
         <size>0x29c</size>
         <input_file_ref idref="fl-6"/>
      </object_component>
      <object_component id="oc-71e">
         <name>.const:.string</name>
         <load_address>0x46ea</load_address>
         <run_address>0x46ea</run_address>
         <size>0xb4</size>
         <input_file_ref idref="fl-5"/>
      </object_component>
      <object_component id="oc-ac1">
         <name>.const:OpcodeTranslateTable</name>
         <load_address>0x479e</load_address>
         <run_address>0x479e</run_address>
         <size>0x3c</size>
         <input_file_ref idref="fl-c"/>
      </object_component>
      <object_component id="oc-ae5">
         <name>.const:_SlActionLookupTable</name>
         <load_address>0x47da</load_address>
         <run_address>0x47da</run_address>
         <size>0x38</size>
         <input_file_ref idref="fl-c"/>
      </object_component>
      <object_component id="oc-7f7">
         <name>.const:.string</name>
         <load_address>0x4812</load_address>
         <run_address>0x4812</run_address>
         <size>0x34</size>
         <input_file_ref idref="fl-9"/>
      </object_component>
      <object_component id="oc-807">
         <name>.const:$P$T0$1</name>
         <load_address>0x4846</load_address>
         <run_address>0x4846</run_address>
         <size>0x2c</size>
         <input_file_ref idref="fl-6"/>
      </object_component>
      <object_component id="oc-ad4">
         <name>.const:RxMsgClassLUT</name>
         <load_address>0x4872</load_address>
         <run_address>0x4872</run_address>
         <size>0x20</size>
         <input_file_ref idref="fl-c"/>
      </object_component>
      <object_component id="oc-80a">
         <name>.const:$P$T1$2</name>
         <load_address>0x4892</load_address>
         <run_address>0x4892</run_address>
         <size>0x14</size>
         <input_file_ref idref="fl-6"/>
      </object_component>
      <object_component id="oc-71b">
         <name>.const:$P$T1$2</name>
         <load_address>0x48a6</load_address>
         <run_address>0x48a6</run_address>
         <size>0x10</size>
         <input_file_ref idref="fl-5"/>
      </object_component>
      <object_component id="oc-a1e">
         <name>.const:.string:_SlPayloadByProtocolLUT</name>
         <load_address>0x48b6</load_address>
         <run_address>0x48b6</run_address>
         <size>0x10</size>
         <input_file_ref idref="fl-12"/>
      </object_component>
      <object_component id="oc-9f0">
         <name>.const:StartResponseLUT</name>
         <load_address>0x48c6</load_address>
         <run_address>0x48c6</run_address>
         <size>0x10</size>
         <input_file_ref idref="fl-b"/>
      </object_component>
      <object_component id="oc-718">
         <name>.const:$P$T0$1</name>
         <load_address>0x48d6</load_address>
         <run_address>0x48d6</run_address>
         <size>0x8</size>
         <input_file_ref idref="fl-5"/>
      </object_component>
      <object_component id="oc-ad0">
         <name>.const:g_H2NCnysPattern</name>
         <load_address>0x48de</load_address>
         <run_address>0x48de</run_address>
         <size>0x8</size>
         <input_file_ref idref="fl-c"/>
      </object_component>
      <object_component id="oc-a8e">
         <name>.const:g_H2NSyncPattern</name>
         <load_address>0x48e6</load_address>
         <run_address>0x48e6</run_address>
         <size>0x8</size>
         <input_file_ref idref="fl-c"/>
      </object_component>
      <object_component id="oc-7fd">
         <name>.const</name>
         <load_address>0x48ee</load_address>
         <run_address>0x48ee</run_address>
         <size>0x8</size>
         <input_file_ref idref="fl-9"/>
      </object_component>
      <object_component id="oc-aec">
         <name>.const:.string</name>
         <load_address>0x48f6</load_address>
         <run_address>0x48f6</run_address>
         <size>0x4</size>
         <input_file_ref idref="fl-3"/>
      </object_component>
      <object_component id="oc-959">
         <name>.const:_SlDeviceGetCmdCtrl</name>
         <load_address>0x48fa</load_address>
         <run_address>0x48fa</run_address>
         <size>0x4</size>
         <input_file_ref idref="fl-b"/>
      </object_component>
      <object_component id="oc-b64">
         <name>.const:_SlNetAppSendTokenValueCmdCtrl</name>
         <load_address>0x48fe</load_address>
         <run_address>0x48fe</run_address>
         <size>0x4</size>
         <input_file_ref idref="fl-f"/>
      </object_component>
      <object_component id="oc-965">
         <name>.const:_SlNetCfgSetCmdCtrl</name>
         <load_address>0x4902</load_address>
         <run_address>0x4902</run_address>
         <size>0x4</size>
         <input_file_ref idref="fl-10"/>
      </object_component>
      <object_component id="oc-95d">
         <name>.const:_SlPolicySetCmdCtrl</name>
         <load_address>0x4906</load_address>
         <run_address>0x4906</run_address>
         <size>0x4</size>
         <input_file_ref idref="fl-14"/>
      </object_component>
      <object_component id="oc-961">
         <name>.const:_SlProfileDelCmdCtrl</name>
         <load_address>0x490a</load_address>
         <run_address>0x490a</run_address>
         <size>0x4</size>
         <input_file_ref idref="fl-14"/>
      </object_component>
      <object_component id="oc-902">
         <name>.const:_SlRecvCmdCtrl</name>
         <load_address>0x490e</load_address>
         <run_address>0x490e</run_address>
         <size>0x4</size>
         <input_file_ref idref="fl-12"/>
      </object_component>
      <object_component id="oc-a56">
         <name>.const:_SlRegisterServiceCtrl</name>
         <load_address>0x4912</load_address>
         <run_address>0x4912</run_address>
         <size>0x4</size>
         <input_file_ref idref="fl-f"/>
      </object_component>
      <object_component id="oc-97d">
         <name>.const:_SlRxFilterSetCmdCtrl</name>
         <load_address>0x4916</load_address>
         <run_address>0x4916</run_address>
         <size>0x4</size>
         <input_file_ref idref="fl-14"/>
      </object_component>
      <object_component id="oc-8f1">
         <name>.const:_SlSendCmdCtrl</name>
         <load_address>0x491a</load_address>
         <run_address>0x491a</run_address>
         <size>0x4</size>
         <input_file_ref idref="fl-12"/>
      </object_component>
      <object_component id="oc-90c">
         <name>.const:_SlSockCloseCmdCtrl</name>
         <load_address>0x491e</load_address>
         <run_address>0x491e</run_address>
         <size>0x4</size>
         <input_file_ref idref="fl-12"/>
      </object_component>
      <object_component id="oc-8ca">
         <name>.const:_SlSockSocketCmdCtrl</name>
         <load_address>0x4922</load_address>
         <run_address>0x4922</run_address>
         <size>0x4</size>
         <input_file_ref idref="fl-12"/>
      </object_component>
      <object_component id="oc-917">
         <name>.const:_SlStopCmdCtrl</name>
         <load_address>0x4926</load_address>
         <run_address>0x4926</run_address>
         <size>0x4</size>
         <input_file_ref idref="fl-b"/>
      </object_component>
      <object_component id="oc-96f">
         <name>.const:_SlWlanCfgSetCmdCtrl</name>
         <load_address>0x492a</load_address>
         <run_address>0x492a</run_address>
         <size>0x4</size>
         <input_file_ref idref="fl-14"/>
      </object_component>
      <object_component id="oc-955">
         <name>.const:_SlWlanSetModeCmdCtrl</name>
         <load_address>0x492e</load_address>
         <run_address>0x492e</run_address>
         <size>0x4</size>
         <input_file_ref idref="fl-14"/>
      </object_component>
      <object_component id="oc-c6">
         <name>.text:_isr:_c_int00_noargs_noexit_mpu</name>
         <load_address>0x4400</load_address>
         <run_address>0x4400</run_address>
         <size>0x1e</size>
         <input_file_ref idref="fl-59"/>
      </object_component>
      <object_component id="oc-688">
         <name>.text:_isr:Port2_ISR</name>
         <load_address>0x441e</load_address>
         <run_address>0x441e</run_address>
         <size>0x1a</size>
         <input_file_ref idref="fl-2"/>
      </object_component>
      <object_component id="oc-68e">
         <name>.text:_isr:UART_ISR</name>
         <load_address>0x4438</load_address>
         <run_address>0x4438</run_address>
         <size>0xa</size>
         <input_file_ref idref="fl-3"/>
      </object_component>
      <object_component id="oc-67d">
         <name>.text:_isr:__TI_ISR_TRAP</name>
         <load_address>0x4442</load_address>
         <run_address>0x4442</run_address>
         <size>0x8</size>
         <input_file_ref idref="fl-3f"/>
      </object_component>
      <object_component id="oc-682">
         <name>.text:_isr:Trap_ISR</name>
         <load_address>0x444a</load_address>
         <run_address>0x444a</run_address>
         <size>0x4</size>
         <input_file_ref idref="fl-2"/>
      </object_component>
      <object_component id="oc-a72">
         <name>.text:_SlDrvMsgRead</name>
         <load_address>0x10000</load_address>
         <run_address>0x10000</run_address>
         <size>0x4c0</size>
         <input_file_ref idref="fl-c"/>
      </object_component>
      <object_component id="oc-737">
         <name>.text:UARTprintf</name>
         <load_address>0x104c0</load_address>
         <run_address>0x104c0</run_address>
         <size>0x3be</size>
         <input_file_ref idref="fl-9"/>
      </object_component>
      <object_component id="oc-749">
         <name>.text:sl_WlanConnect</name>
         <load_address>0x1087e</load_address>
         <run_address>0x1087e</run_address>
         <size>0x216</size>
         <input_file_ref idref="fl-14"/>
      </object_component>
      <object_component id="oc-884">
         <name>.text:_SlDrvReleasePoolObj</name>
         <load_address>0x10a94</load_address>
         <run_address>0x10a94</run_address>
         <size>0x20e</size>
         <input_file_ref idref="fl-c"/>
      </object_component>
      <object_component id="oc-aa2">
         <name>.text:_SlDrvRxHdrRead</name>
         <load_address>0x10ca2</load_address>
         <run_address>0x10ca2</run_address>
         <size>0x1f6</size>
         <input_file_ref idref="fl-c"/>
      </object_component>
      <object_component id="oc-73d">
         <name>.text:configureSimpleLinkToDefaultState</name>
         <load_address>0x10e98</load_address>
         <run_address>0x10e98</run_address>
         <size>0x1ec</size>
         <input_file_ref idref="fl-6"/>
      </object_component>
      <object_component id="oc-6bb">
         <name>.text:main</name>
         <load_address>0x11084</load_address>
         <run_address>0x11084</run_address>
         <size>0x1c6</size>
         <input_file_ref idref="fl-5"/>
      </object_component>
      <object_component id="oc-905">
         <name>.text:_SlDrvDataReadOp</name>
         <load_address>0x1124a</load_address>
         <run_address>0x1124a</run_address>
         <size>0x1b6</size>
         <input_file_ref idref="fl-c"/>
      </object_component>
      <object_component id="oc-851">
         <name>.text:_SlDrvDriverCBInit</name>
         <load_address>0x11400</load_address>
         <run_address>0x11400</run_address>
         <size>0x194</size>
         <input_file_ref idref="fl-c"/>
      </object_component>
      <object_component id="oc-9ae">
         <name>.text:_SlDrvWaitForPoolObj</name>
         <load_address>0x11594</load_address>
         <run_address>0x11594</run_address>
         <size>0x18e</size>
         <input_file_ref idref="fl-c"/>
      </object_component>
      <object_component id="oc-a03">
         <name>.text:_SlDrvMsgWrite</name>
         <load_address>0x11722</load_address>
         <run_address>0x11722</run_address>
         <size>0x174</size>
         <input_file_ref idref="fl-c"/>
      </object_component>
      <object_component id="oc-ab4">
         <name>.text:_SlFindAndSetActiveObj</name>
         <load_address>0x11896</load_address>
         <run_address>0x11896</run_address>
         <size>0x150</size>
         <input_file_ref idref="fl-c"/>
      </object_component>
      <object_component id="oc-775">
         <name>.text:sl_Connect</name>
         <load_address>0x119e6</load_address>
         <run_address>0x119e6</run_address>
         <size>0x134</size>
         <input_file_ref idref="fl-12"/>
      </object_component>
      <object_component id="oc-8f4">
         <name>.text:_SlDrvDataWriteOp</name>
         <load_address>0x11b1a</load_address>
         <run_address>0x11b1a</run_address>
         <size>0x124</size>
         <input_file_ref idref="fl-c"/>
      </object_component>
      <object_component id="oc-b09">
         <name>.text:SimpleLinkNetAppEventHandler</name>
         <load_address>0x11c3e</load_address>
         <run_address>0x11c3e</run_address>
         <size>0xfc</size>
         <input_file_ref idref="fl-6"/>
      </object_component>
      <object_component id="oc-add">
         <name>.text:_SlDrvNetAppEventHandler</name>
         <load_address>0x11d3a</load_address>
         <run_address>0x11d3a</run_address>
         <size>0xf2</size>
         <input_file_ref idref="fl-f"/>
      </object_component>
      <object_component id="oc-a09">
         <name>.text:_SlDrvMsgReadCmdCtx</name>
         <load_address>0x11e2c</load_address>
         <run_address>0x11e2c</run_address>
         <size>0xf0</size>
         <input_file_ref idref="fl-c"/>
      </object_component>
      <object_component id="oc-afd">
         <name>.text:SimpleLinkWlanEventHandler</name>
         <load_address>0x11f1c</load_address>
         <run_address>0x11f1c</run_address>
         <size>0xdc</size>
         <input_file_ref idref="fl-6"/>
      </object_component>
      <object_component id="oc-920">
         <name>.text:_SlDrvDriverCBDeinit</name>
         <load_address>0x11ff8</load_address>
         <run_address>0x11ff8</run_address>
         <size>0xcc</size>
         <input_file_ref idref="fl-c"/>
      </object_component>
      <object_component id="oc-973">
         <name>.text:sl_NetAppMDNSRegisterUnregisterService</name>
         <load_address>0x120c4</load_address>
         <run_address>0x120c4</run_address>
         <size>0xcc</size>
         <input_file_ref idref="fl-f"/>
      </object_component>
      <object_component id="oc-77b">
         <name>.text:sl_Send</name>
         <load_address>0x12190</load_address>
         <run_address>0x12190</run_address>
         <size>0xca</size>
         <input_file_ref idref="fl-12"/>
      </object_component>
      <object_component id="oc-743">
         <name>.text:sl_Start</name>
         <load_address>0x1225a</load_address>
         <run_address>0x1225a</run_address>
         <size>0xca</size>
         <input_file_ref idref="fl-b"/>
      </object_component>
      <object_component id="oc-9de">
         <name>.text:_SlRemoveFromList</name>
         <load_address>0x12324</load_address>
         <run_address>0x12324</run_address>
         <size>0xbc</size>
         <input_file_ref idref="fl-c"/>
      </object_component>
      <object_component id="oc-b18">
         <name>.text:_sl_HandleAsync_DnsGetHostByService</name>
         <load_address>0x123e0</load_address>
         <run_address>0x123e0</run_address>
         <size>0xba</size>
         <input_file_ref idref="fl-f"/>
      </object_component>
      <object_component id="oc-799">
         <name>.text:sl_Stop</name>
         <load_address>0x1249a</load_address>
         <run_address>0x1249a</run_address>
         <size>0xac</size>
         <input_file_ref idref="fl-b"/>
      </object_component>
      <object_component id="oc-b1e">
         <name>.text:_sl_HandleAsync_DnsGetHostByName</name>
         <load_address>0x12546</load_address>
         <run_address>0x12546</run_address>
         <size>0xaa</size>
         <input_file_ref idref="fl-f"/>
      </object_component>
      <object_component id="oc-813">
         <name>.text:sl_DevGet</name>
         <load_address>0x125f0</load_address>
         <run_address>0x125f0</run_address>
         <size>0xaa</size>
         <input_file_ref idref="fl-b"/>
      </object_component>
      <object_component id="oc-89d">
         <name>.text:_SlDrvCmdOp</name>
         <load_address>0x1269a</load_address>
         <run_address>0x1269a</run_address>
         <size>0xa8</size>
         <input_file_ref idref="fl-c"/>
      </object_component>
      <object_component id="oc-857">
         <name>.text:spi_Open</name>
         <load_address>0x12742</load_address>
         <run_address>0x12742</run_address>
         <size>0xa2</size>
         <input_file_ref idref="fl-7"/>
      </object_component>
      <object_component id="oc-ad7">
         <name>.text:_sl_HandleAsync_PingResponse</name>
         <load_address>0x127e4</load_address>
         <run_address>0x127e4</run_address>
         <size>0xa0</size>
         <input_file_ref idref="fl-f"/>
      </object_component>
      <object_component id="oc-9d7">
         <name>.text:_SlDriverHandleError</name>
         <load_address>0x12884</load_address>
         <run_address>0x12884</run_address>
         <size>0x98</size>
         <input_file_ref idref="fl-c"/>
      </object_component>
      <object_component id="oc-a78">
         <name>.text:_SlAsyncEventGenericHandler</name>
         <load_address>0x1291c</load_address>
         <run_address>0x1291c</run_address>
         <size>0x96</size>
         <input_file_ref idref="fl-c"/>
      </object_component>
      <object_component id="oc-b4f">
         <name>.text:_sl_HandleAsync_InitComplete</name>
         <load_address>0x129b2</load_address>
         <run_address>0x129b2</run_address>
         <size>0x94</size>
         <input_file_ref idref="fl-b"/>
      </object_component>
      <object_component id="oc-b37">
         <name>.text:_sl_HandleAsync_Connect</name>
         <load_address>0x12a46</load_address>
         <run_address>0x12a46</run_address>
         <size>0x92</size>
         <input_file_ref idref="fl-12"/>
      </object_component>
      <object_component id="oc-9c8">
         <name>.text:_SlDrvMsgReadSpawnCtx</name>
         <load_address>0x12ad8</load_address>
         <run_address>0x12ad8</run_address>
         <size>0x82</size>
         <input_file_ref idref="fl-c"/>
      </object_component>
      <object_component id="oc-6a1">
         <name>.text:_auto_init_hold_wdt</name>
         <load_address>0x12b5a</load_address>
         <run_address>0x12b5a</run_address>
         <size>0x82</size>
         <input_file_ref idref="fl-58"/>
      </object_component>
      <object_component id="oc-af7">
         <name>.text:_SlDrvDeviceEventHandler</name>
         <load_address>0x12bdc</load_address>
         <run_address>0x12bdc</run_address>
         <size>0x80</size>
         <input_file_ref idref="fl-b"/>
      </object_component>
      <object_component id="oc-825">
         <name>.text:sl_NetCfgSet</name>
         <load_address>0x12c5c</load_address>
         <run_address>0x12c5c</run_address>
         <size>0x7a</size>
         <input_file_ref idref="fl-10"/>
      </object_component>
      <object_component id="oc-aa8">
         <name>.text:_SlDrvClassifyRxMsg</name>
         <load_address>0x12cd6</load_address>
         <run_address>0x12cd6</run_address>
         <size>0x74</size>
         <input_file_ref idref="fl-c"/>
      </object_component>
      <object_component id="oc-b31">
         <name>.text:_sl_HandleAsync_Accept</name>
         <load_address>0x12d4a</load_address>
         <run_address>0x12d4a</run_address>
         <size>0x74</size>
         <input_file_ref idref="fl-12"/>
      </object_component>
      <object_component id="oc-997">
         <name>.text:_SlNonOsSemGet</name>
         <load_address>0x12dbe</load_address>
         <run_address>0x12dbe</run_address>
         <size>0x6a</size>
         <input_file_ref idref="fl-11"/>
      </object_component>
      <object_component id="oc-670">
         <name>.text:__TI_decompress_rle_core</name>
         <load_address>0x12e28</load_address>
         <run_address>0x12e28</run_address>
         <size>0x68</size>
         <input_file_ref idref="fl-3d"/>
      </object_component>
      <object_component id="oc-6f1">
         <name>.text:copy_in</name>
         <load_address>0x12e90</load_address>
         <run_address>0x12e90</run_address>
         <size>0x66</size>
         <input_file_ref idref="fl-60"/>
      </object_component>
      <object_component id="oc-b67">
         <name>.text:_SlDrvCmdSend</name>
         <load_address>0x12ef6</load_address>
         <run_address>0x12ef6</run_address>
         <size>0x62</size>
         <input_file_ref idref="fl-c"/>
      </object_component>
      <object_component id="oc-787">
         <name>.text:sl_Recv</name>
         <load_address>0x12f58</load_address>
         <run_address>0x12f58</run_address>
         <size>0x60</size>
         <input_file_ref idref="fl-12"/>
      </object_component>
      <object_component id="oc-82b">
         <name>.text:sl_WlanSet</name>
         <load_address>0x12fb8</load_address>
         <run_address>0x12fb8</run_address>
         <size>0x60</size>
         <input_file_ref idref="fl-14"/>
      </object_component>
      <object_component id="oc-b3d">
         <name>.text:_sl_HandleAsync_Select</name>
         <load_address>0x13018</load_address>
         <run_address>0x13018</run_address>
         <size>0x5e</size>
         <input_file_ref idref="fl-12"/>
      </object_component>
      <object_component id="oc-b43">
         <name>.text:_sl_HandleAsync_Stop</name>
         <load_address>0x13076</load_address>
         <run_address>0x13076</run_address>
         <size>0x5c</size>
         <input_file_ref idref="fl-b"/>
      </object_component>
      <object_component id="oc-b2a">
         <name>.text:_sl_NetAppSendTokenValue</name>
         <load_address>0x130d2</load_address>
         <run_address>0x130d2</run_address>
         <size>0x5a</size>
         <input_file_ref idref="fl-f"/>
      </object_component>
      <object_component id="oc-7f8">
         <name>.text</name>
         <load_address>0x1312c</load_address>
         <run_address>0x1312c</run_address>
         <size>0x58</size>
         <input_file_ref idref="fl-4a"/>
      </object_component>
      <object_component id="oc-819">
         <name>.text:sl_WlanPolicySet</name>
         <load_address>0x13184</load_address>
         <run_address>0x13184</run_address>
         <size>0x58</size>
         <input_file_ref idref="fl-14"/>
      </object_component>
      <object_component id="oc-7ec">
         <name>.text:UARTwrite</name>
         <load_address>0x131dc</load_address>
         <run_address>0x131dc</run_address>
         <size>0x50</size>
         <input_file_ref idref="fl-9"/>
      </object_component>
      <object_component id="oc-83d">
         <name>.text:sl_WlanRxFilterSet</name>
         <load_address>0x1322c</load_address>
         <run_address>0x1322c</run_address>
         <size>0x50</size>
         <input_file_ref idref="fl-14"/>
      </object_component>
      <object_component id="oc-74f">
         <name>.text:_SlNonOsMainLoopTask</name>
         <load_address>0x1327c</load_address>
         <run_address>0x1327c</run_address>
         <size>0x4c</size>
         <input_file_ref idref="fl-11"/>
      </object_component>
      <object_component id="oc-87e">
         <name>.text:_SlDrvSyncObjWaitTimeout</name>
         <load_address>0x132c8</load_address>
         <run_address>0x132c8</run_address>
         <size>0x46</size>
         <input_file_ref idref="fl-c"/>
      </object_component>
      <object_component id="oc-769">
         <name>.text:sl_Htonl</name>
         <load_address>0x1330e</load_address>
         <run_address>0x1330e</run_address>
         <size>0x46</size>
         <input_file_ref idref="fl-12"/>
      </object_component>
      <object_component id="oc-9ce">
         <name>.text:_SlNonOsSpawn</name>
         <load_address>0x13354</load_address>
         <run_address>0x13354</run_address>
         <size>0x44</size>
         <input_file_ref idref="fl-11"/>
      </object_component>
      <object_component id="oc-8d3">
         <name>.text:_sl_BuildAddress</name>
         <load_address>0x13398</load_address>
         <run_address>0x13398</run_address>
         <size>0x44</size>
         <input_file_ref idref="fl-12"/>
      </object_component>
      <object_component id="oc-b03">
         <name>.text:SimpleLinkSockEventHandler</name>
         <load_address>0x133dc</load_address>
         <run_address>0x133dc</run_address>
         <size>0x40</size>
         <input_file_ref idref="fl-6"/>
      </object_component>
      <object_component id="oc-76f">
         <name>.text:sl_Socket</name>
         <load_address>0x1341c</load_address>
         <run_address>0x1341c</run_address>
         <size>0x40</size>
         <input_file_ref idref="fl-12"/>
      </object_component>
      <object_component id="oc-75e">
         <name>.text:l_lsl_const</name>
         <load_address>0x1345c</load_address>
         <run_address>0x1345c</run_address>
         <size>0x3e</size>
         <input_file_ref idref="fl-53"/>
      </object_component>
      <object_component id="oc-aae">
         <name>.text:spi_Read</name>
         <load_address>0x1349a</load_address>
         <run_address>0x1349a</run_address>
         <size>0x3e</size>
         <input_file_ref idref="fl-7"/>
      </object_component>
      <object_component id="oc-860">
         <name>.text:_SlDrvProtectAsyncRespSetting</name>
         <load_address>0x134d8</load_address>
         <run_address>0x134d8</run_address>
         <size>0x3c</size>
         <input_file_ref idref="fl-c"/>
      </object_component>
      <object_component id="oc-86c">
         <name>.text:_SlDrvRxIrqHandler</name>
         <load_address>0x13514</load_address>
         <run_address>0x13514</run_address>
         <size>0x3c</size>
         <input_file_ref idref="fl-c"/>
      </object_component>
      <object_component id="oc-72b">
         <name>.text:initUART</name>
         <load_address>0x13550</load_address>
         <run_address>0x13550</run_address>
         <size>0x3c</size>
         <input_file_ref idref="fl-8"/>
      </object_component>
      <object_component id="oc-831">
         <name>.text:sl_NetAppMDNSUnRegisterService</name>
         <load_address>0x1358c</load_address>
         <run_address>0x1358c</run_address>
         <size>0x3a</size>
         <input_file_ref idref="fl-f"/>
      </object_component>
      <object_component id="oc-b11">
         <name>.text:CopyPingResultsToReport</name>
         <load_address>0x135c6</load_address>
         <run_address>0x135c6</run_address>
         <size>0x38</size>
         <input_file_ref idref="fl-f"/>
      </object_component>
      <object_component id="oc-910">
         <name>.text:_SlDrvBasicCmd</name>
         <load_address>0x135fe</load_address>
         <run_address>0x135fe</run_address>
         <size>0x38</size>
         <input_file_ref idref="fl-c"/>
      </object_component>
      <object_component id="oc-781">
         <name>.text:blink_led</name>
         <load_address>0x13636</load_address>
         <run_address>0x13636</run_address>
         <size>0x36</size>
         <input_file_ref idref="fl-4"/>
      </object_component>
      <object_component id="oc-8fb">
         <name>.text:soft_delay</name>
         <load_address>0x1366c</load_address>
         <run_address>0x1366c</run_address>
         <size>0x34</size>
         <input_file_ref idref="fl-4"/>
      </object_component>
      <object_component id="oc-731">
         <name>.text:init_leds</name>
         <load_address>0x136a0</load_address>
         <run_address>0x136a0</run_address>
         <size>0x32</size>
         <input_file_ref idref="fl-4"/>
      </object_component>
      <object_component id="oc-a91">
         <name>.text:spi_Write</name>
         <load_address>0x136d2</load_address>
         <run_address>0x136d2</run_address>
         <size>0x32</size>
         <input_file_ref idref="fl-7"/>
      </object_component>
      <object_component id="oc-9f7">
         <name>.text:_SlDrvObjGlobalLockWaitForever</name>
         <load_address>0x13704</load_address>
         <run_address>0x13704</run_address>
         <size>0x2e</size>
         <input_file_ref idref="fl-c"/>
      </object_component>
      <object_component id="oc-758">
         <name>.text:set_led</name>
         <load_address>0x13732</load_address>
         <run_address>0x13732</run_address>
         <size>0x2e</size>
         <input_file_ref idref="fl-4"/>
      </object_component>
      <object_component id="oc-78d">
         <name>.text:sl_Close</name>
         <load_address>0x13760</load_address>
         <run_address>0x13760</run_address>
         <size>0x2c</size>
         <input_file_ref idref="fl-12"/>
      </object_component>
      <object_component id="oc-763">
         <name>.text:sl_Htons</name>
         <load_address>0x1378c</load_address>
         <run_address>0x1378c</run_address>
         <size>0x2c</size>
         <input_file_ref idref="fl-12"/>
      </object_component>
      <object_component id="oc-81f">
         <name>.text:sl_WlanProfileDel</name>
         <load_address>0x137b8</load_address>
         <run_address>0x137b8</run_address>
         <size>0x2c</size>
         <input_file_ref idref="fl-14"/>
      </object_component>
      <object_component id="oc-80d">
         <name>.text:sl_WlanSetMode</name>
         <load_address>0x137e4</load_address>
         <run_address>0x137e4</run_address>
         <size>0x2c</size>
         <input_file_ref idref="fl-14"/>
      </object_component>
      <object_component id="oc-9b4">
         <name>.text:_SlDrvProtectionObjLockWaitForever</name>
         <load_address>0x13810</load_address>
         <run_address>0x13810</run_address>
         <size>0x2a</size>
         <input_file_ref idref="fl-c"/>
      </object_component>
      <object_component id="oc-8de">
         <name>.text:_SlDrvSyncObjWaitForever</name>
         <load_address>0x1383a</load_address>
         <run_address>0x1383a</run_address>
         <size>0x28</size>
         <input_file_ref idref="fl-c"/>
      </object_component>
      <object_component id="oc-6b4">
         <name>.text:__mpu_init</name>
         <load_address>0x13862</load_address>
         <run_address>0x13862</run_address>
         <size>0x28</size>
         <input_file_ref idref="fl-5a"/>
      </object_component>
      <object_component id="oc-ac6">
         <name>.text:CLI_Write</name>
         <load_address>0x1388a</load_address>
         <run_address>0x1388a</run_address>
         <size>0x26</size>
         <input_file_ref idref="fl-3"/>
      </object_component>
      <object_component id="oc-7f2">
         <name>.text</name>
         <load_address>0x138b0</load_address>
         <run_address>0x138b0</run_address>
         <size>0x24</size>
         <input_file_ref idref="fl-4e"/>
      </object_component>
      <object_component id="oc-725">
         <name>.text:initClk</name>
         <load_address>0x138d4</load_address>
         <run_address>0x138d4</run_address>
         <size>0x22</size>
         <input_file_ref idref="fl-2"/>
      </object_component>
      <object_component id="oc-99e">
         <name>.text:Delay</name>
         <load_address>0x138f6</load_address>
         <run_address>0x138f6</run_address>
         <size>0x20</size>
         <input_file_ref idref="fl-2"/>
      </object_component>
      <object_component id="oc-a2a">
         <name>.text:_SlDrvObjLockWaitForever</name>
         <load_address>0x13916</load_address>
         <run_address>0x13916</run_address>
         <size>0x20</size>
         <input_file_ref idref="fl-c"/>
      </object_component>
      <object_component id="oc-8eb">
         <name>.text:_sl_TruncatePayloadByProtocol</name>
         <load_address>0x13936</load_address>
         <run_address>0x13936</run_address>
         <size>0x1c</size>
         <input_file_ref idref="fl-12"/>
      </object_component>
      <object_component id="oc-9ba">
         <name>.text:_SlDrvProtectionObjUnLock</name>
         <load_address>0x13952</load_address>
         <run_address>0x13952</run_address>
         <size>0x1a</size>
         <input_file_ref idref="fl-c"/>
      </object_component>
      <object_component id="oc-9fd">
         <name>.text:_SlDrvGlobalObjUnLock</name>
         <load_address>0x1396c</load_address>
         <run_address>0x1396c</run_address>
         <size>0x18</size>
         <input_file_ref idref="fl-c"/>
      </object_component>
      <object_component id="oc-7b5">
         <name>.text</name>
         <load_address>0x13984</load_address>
         <run_address>0x13984</run_address>
         <size>0x18</size>
         <input_file_ref idref="fl-4c"/>
      </object_component>
      <object_component id="oc-837">
         <name>.text:memset</name>
         <load_address>0x1399c</load_address>
         <run_address>0x1399c</run_address>
         <size>0x16</size>
         <input_file_ref idref="fl-62"/>
      </object_component>
      <object_component id="oc-793">
         <name>.text:sl_WlanDisconnect</name>
         <load_address>0x139b2</load_address>
         <run_address>0x139b2</run_address>
         <size>0x16</size>
         <input_file_ref idref="fl-14"/>
      </object_component>
      <object_component id="oc-663">
         <name>.text:memcpy</name>
         <load_address>0x139c8</load_address>
         <run_address>0x139c8</run_address>
         <size>0x14</size>
         <input_file_ref idref="fl-61"/>
      </object_component>
      <object_component id="oc-7a">
         <name>.text:decompress:none:__TI_decompress_none</name>
         <load_address>0x139dc</load_address>
         <run_address>0x139dc</run_address>
         <size>0x12</size>
         <input_file_ref idref="fl-3c"/>
      </object_component>
      <object_component id="oc-b57">
         <name>.text:strcpy</name>
         <load_address>0x139ee</load_address>
         <run_address>0x139ee</run_address>
         <size>0x12</size>
         <input_file_ref idref="fl-63"/>
      </object_component>
      <object_component id="oc-a24">
         <name>.text:_SlDrvObjUnLock</name>
         <load_address>0x13a00</load_address>
         <run_address>0x13a00</run_address>
         <size>0x10</size>
         <input_file_ref idref="fl-c"/>
      </object_component>
      <object_component id="oc-9e4">
         <name>.text:_SlDrvSyncObjSignal</name>
         <load_address>0x13a10</load_address>
         <run_address>0x13a10</run_address>
         <size>0x10</size>
         <input_file_ref idref="fl-c"/>
      </object_component>
      <object_component id="oc-9a4">
         <name>.text:CC3100_InterruptEnable</name>
         <load_address>0x13a20</load_address>
         <run_address>0x13a20</run_address>
         <size>0xe</size>
         <input_file_ref idref="fl-2"/>
      </object_component>
      <object_component id="oc-942">
         <name>.text:UARTCharPut</name>
         <load_address>0x13a2e</load_address>
         <run_address>0x13a2e</run_address>
         <size>0xe</size>
         <input_file_ref idref="fl-8"/>
      </object_component>
      <object_component id="oc-88a">
         <name>.text:_sl_GetStartResponseConvert</name>
         <load_address>0x13a3c</load_address>
         <run_address>0x13a3c</run_address>
         <size>0xe</size>
         <input_file_ref idref="fl-b"/>
      </object_component>
      <object_component id="oc-aed">
         <name>.text:strlen</name>
         <load_address>0x13a4a</load_address>
         <run_address>0x13a4a</run_address>
         <size>0xe</size>
         <input_file_ref idref="fl-64"/>
      </object_component>
      <object_component id="oc-a3b">
         <name>.text:CC3100_InterruptDisable</name>
         <load_address>0x13a58</load_address>
         <run_address>0x13a58</run_address>
         <size>0xa</size>
         <input_file_ref idref="fl-2"/>
      </object_component>
      <object_component id="oc-a80">
         <name>.text:SimpleLinkGeneralEventHandler</name>
         <load_address>0x13a62</load_address>
         <run_address>0x13a62</run_address>
         <size>0xa</size>
         <input_file_ref idref="fl-6"/>
      </object_component>
      <object_component id="oc-b24">
         <name>.text:SimpleLinkHttpServerCallback</name>
         <load_address>0x13a6c</load_address>
         <run_address>0x13a6c</run_address>
         <size>0xa</size>
         <input_file_ref idref="fl-6"/>
      </object_component>
      <object_component id="oc-897">
         <name>.text:_SlDrvMemZero</name>
         <load_address>0x13a76</load_address>
         <run_address>0x13a76</run_address>
         <size>0xa</size>
         <input_file_ref idref="fl-c"/>
      </object_component>
      <object_component id="oc-8e5">
         <name>.text:_SlDrvResetCmdExt</name>
         <load_address>0x13a80</load_address>
         <run_address>0x13a80</run_address>
         <size>0xa</size>
         <input_file_ref idref="fl-c"/>
      </object_component>
      <object_component id="oc-9ea">
         <name>.text</name>
         <load_address>0x13a8a</load_address>
         <run_address>0x13a8a</run_address>
         <size>0xa</size>
         <input_file_ref idref="fl-52"/>
      </object_component>
      <object_component id="oc-8d9">
         <name>.text</name>
         <load_address>0x13a94</load_address>
         <run_address>0x13a94</run_address>
         <size>0xa</size>
         <input_file_ref idref="fl-54"/>
      </object_component>
      <object_component id="oc-991">
         <name>.text:_SlNonOsSemSet</name>
         <load_address>0x13a9e</load_address>
         <run_address>0x13a9e</run_address>
         <size>0x8</size>
         <input_file_ref idref="fl-11"/>
      </object_component>
      <object_component id="oc-872">
         <name>.text:registerInterruptHandler</name>
         <load_address>0x13aa6</load_address>
         <run_address>0x13aa6</run_address>
         <size>0x8</size>
         <input_file_ref idref="fl-2"/>
      </object_component>
      <object_component id="oc-91a">
         <name>.text:spi_Close</name>
         <load_address>0x13aae</load_address>
         <run_address>0x13aae</run_address>
         <size>0x8</size>
         <input_file_ref idref="fl-7"/>
      </object_component>
      <object_component id="oc-71f">
         <name>.text:stopWDT</name>
         <load_address>0x13ab6</load_address>
         <run_address>0x13ab6</run_address>
         <size>0x8</size>
         <input_file_ref idref="fl-2"/>
      </object_component>
      <object_component id="oc-866">
         <name>.text:CC3100_disable</name>
         <load_address>0x13abe</load_address>
         <run_address>0x13abe</run_address>
         <size>0x6</size>
         <input_file_ref idref="fl-2"/>
      </object_component>
      <object_component id="oc-878">
         <name>.text:CC3100_enable</name>
         <load_address>0x13ac4</load_address>
         <run_address>0x13ac4</run_address>
         <size>0x6</size>
         <input_file_ref idref="fl-2"/>
      </object_component>
      <object_component id="oc-9c2">
         <name>.text:MaskIntHdlr</name>
         <load_address>0x13aca</load_address>
         <run_address>0x13aca</run_address>
         <size>0x6</size>
         <input_file_ref idref="fl-2"/>
      </object_component>
      <object_component id="oc-aba">
         <name>.text:UnMaskIntHdlr</name>
         <load_address>0x13ad0</load_address>
         <run_address>0x13ad0</run_address>
         <size>0x6</size>
         <input_file_ref idref="fl-2"/>
      </object_component>
      <object_component id="oc-6c3">
         <name>.text:abort</name>
         <load_address>0x13ad6</load_address>
         <run_address>0x13ad6</run_address>
         <size>0x6</size>
         <input_file_ref idref="fl-5d"/>
      </object_component>
      <object_component id="oc-80">
         <name>.text:decompress:rle24:__TI_decompress_rle24</name>
         <load_address>0x13adc</load_address>
         <run_address>0x13adc</run_address>
         <size>0x6</size>
         <input_file_ref idref="fl-3d"/>
      </object_component>
      <object_component id="oc-69b">
         <name>.text:_system_pre_init</name>
         <load_address>0x13ae2</load_address>
         <run_address>0x13ae2</run_address>
         <size>0x4</size>
         <input_file_ref idref="fl-5c"/>
      </object_component>
      <object_component id="oc-6f7">
         <name>.text:_system_post_cinit</name>
         <load_address>0x13ae6</load_address>
         <run_address>0x13ae6</run_address>
         <size>0x2</size>
         <input_file_ref idref="fl-5b"/>
      </object_component>
      <object_component id="oc-98d">
         <name>.bss:g_StatMem</name>
         <uninitialized>true</uninitialized>
         <run_address>0x1c00</run_address>
         <size>0x14a</size>
         <input_file_ref idref="fl-c"/>
      </object_component>
      <object_component id="oc-a70">
         <name>.common:IntIsMasked</name>
         <uninitialized>true</uninitialized>
         <run_address>0x1d6a</run_address>
         <size>0x1</size>
      </object_component>
      <object_component id="oc-b56">
         <name>.common:g_SSID</name>
         <uninitialized>true</uninitialized>
         <run_address>0x1d4a</run_address>
         <size>0x20</size>
      </object_component>
      <object_component id="oc-990">
         <name>.common:RxIrqCnt</name>
         <uninitialized>true</uninitialized>
         <run_address>0x1d6b</run_address>
         <size>0x1</size>
      </object_component>
      <object_component id="oc-84e">
         <name>.common:g_bDeviceRestartIsRequired</name>
         <uninitialized>true</uninitialized>
         <run_address>0x1d6c</run_address>
         <size>0x1</size>
      </object_component>
      <object_component id="oc-6e9">
         <name>.data</name>
         <load_address>0x1dbe</load_address>
         <run_address>0x1dbe</run_address>
         <size>0x4</size>
         <input_file_ref idref="fl-2"/>
      </object_component>
      <object_component id="oc-755">
         <name>.data</name>
         <load_address>0x1da0</load_address>
         <run_address>0x1da0</run_address>
         <size>0x14</size>
         <input_file_ref idref="fl-6"/>
      </object_component>
      <object_component id="oc-85d">
         <name>.data</name>
         <load_address>0x1db4</load_address>
         <run_address>0x1db4</run_address>
         <size>0x9</size>
         <input_file_ref idref="fl-c"/>
      </object_component>
      <object_component id="oc-8b4">
         <name>.data:g__SlNonOsCB</name>
         <load_address>0x1d6e</load_address>
         <run_address>0x1d6e</run_address>
         <size>0x32</size>
         <input_file_ref idref="fl-11"/>
      </object_component>
      <object_component id="oc-65f">
         <name>.stack</name>
         <uninitialized>true</uninitialized>
         <run_address>0x2360</run_address>
         <size>0x4</size>
         <input_file_ref idref="fl-56"/>
      </object_component>
      <object_component id="oc-be8">
         <name>.stack</name>
         <uninitialized>true</uninitialized>
         <run_address>0x2360</run_address>
         <size>0x0</size>
      </object_component>
      <object_component id="oc-86">
         <name>.int27</name>
         <load_address>0xffc6</load_address>
         <run_address>0xffc6</run_address>
         <size>0x2</size>
         <input_file_ref idref="fl-3e"/>
      </object_component>
      <object_component id="oc-87">
         <name>.int28</name>
         <load_address>0xffc8</load_address>
         <run_address>0xffc8</run_address>
         <size>0x2</size>
         <input_file_ref idref="fl-2"/>
      </object_component>
      <object_component id="oc-88">
         <name>.int29</name>
         <load_address>0xffca</load_address>
         <run_address>0xffca</run_address>
         <size>0x2</size>
         <input_file_ref idref="fl-40"/>
      </object_component>
      <object_component id="oc-89">
         <name>.int30</name>
         <load_address>0xffcc</load_address>
         <run_address>0xffcc</run_address>
         <size>0x2</size>
         <input_file_ref idref="fl-41"/>
      </object_component>
      <object_component id="oc-8a">
         <name>.int31</name>
         <load_address>0xffce</load_address>
         <run_address>0xffce</run_address>
         <size>0x2</size>
         <input_file_ref idref="fl-42"/>
      </object_component>
      <object_component id="oc-8b">
         <name>.int32</name>
         <load_address>0xffd0</load_address>
         <run_address>0xffd0</run_address>
         <size>0x2</size>
         <input_file_ref idref="fl-43"/>
      </object_component>
      <object_component id="oc-8c">
         <name>.int33</name>
         <load_address>0xffd2</load_address>
         <run_address>0xffd2</run_address>
         <size>0x2</size>
         <input_file_ref idref="fl-44"/>
      </object_component>
      <object_component id="oc-8d">
         <name>.int34</name>
         <load_address>0xffd4</load_address>
         <run_address>0xffd4</run_address>
         <size>0x2</size>
         <input_file_ref idref="fl-2"/>
      </object_component>
      <object_component id="oc-8e">
         <name>.int35</name>
         <load_address>0xffd6</load_address>
         <run_address>0xffd6</run_address>
         <size>0x2</size>
         <input_file_ref idref="fl-2"/>
      </object_component>
      <object_component id="oc-8f">
         <name>.int36</name>
         <load_address>0xffd8</load_address>
         <run_address>0xffd8</run_address>
         <size>0x2</size>
         <input_file_ref idref="fl-2"/>
      </object_component>
      <object_component id="oc-90">
         <name>.int37</name>
         <load_address>0xffda</load_address>
         <run_address>0xffda</run_address>
         <size>0x2</size>
         <input_file_ref idref="fl-45"/>
      </object_component>
      <object_component id="oc-91">
         <name>.int38</name>
         <load_address>0xffdc</load_address>
         <run_address>0xffdc</run_address>
         <size>0x2</size>
         <input_file_ref idref="fl-2"/>
      </object_component>
      <object_component id="oc-92">
         <name>.int39</name>
         <load_address>0xffde</load_address>
         <run_address>0xffde</run_address>
         <size>0x2</size>
         <input_file_ref idref="fl-2"/>
      </object_component>
      <object_component id="oc-93">
         <name>.int40</name>
         <load_address>0xffe0</load_address>
         <run_address>0xffe0</run_address>
         <size>0x2</size>
         <input_file_ref idref="fl-2"/>
      </object_component>
      <object_component id="oc-94">
         <name>.int41</name>
         <load_address>0xffe2</load_address>
         <run_address>0xffe2</run_address>
         <size>0x2</size>
         <input_file_ref idref="fl-46"/>
      </object_component>
      <object_component id="oc-95">
         <name>.int42</name>
         <load_address>0xffe4</load_address>
         <run_address>0xffe4</run_address>
         <size>0x2</size>
         <input_file_ref idref="fl-3"/>
      </object_component>
      <object_component id="oc-96">
         <name>.int43</name>
         <load_address>0xffe6</load_address>
         <run_address>0xffe6</run_address>
         <size>0x2</size>
         <input_file_ref idref="fl-2"/>
      </object_component>
      <object_component id="oc-97">
         <name>.int44</name>
         <load_address>0xffe8</load_address>
         <run_address>0xffe8</run_address>
         <size>0x2</size>
         <input_file_ref idref="fl-2"/>
      </object_component>
      <object_component id="oc-98">
         <name>.int45</name>
         <load_address>0xffea</load_address>
         <run_address>0xffea</run_address>
         <size>0x2</size>
         <input_file_ref idref="fl-2"/>
      </object_component>
      <object_component id="oc-99">
         <name>.int46</name>
         <load_address>0xffec</load_address>
         <run_address>0xffec</run_address>
         <size>0x2</size>
         <input_file_ref idref="fl-2"/>
      </object_component>
      <object_component id="oc-9a">
         <name>.int47</name>
         <load_address>0xffee</load_address>
         <run_address>0xffee</run_address>
         <size>0x2</size>
         <input_file_ref idref="fl-2"/>
      </object_component>
      <object_component id="oc-9b">
         <name>.int48</name>
         <load_address>0xfff0</load_address>
         <run_address>0xfff0</run_address>
         <size>0x2</size>
         <input_file_ref idref="fl-47"/>
      </object_component>
      <object_component id="oc-9c">
         <name>.int49</name>
         <load_address>0xfff2</load_address>
         <run_address>0xfff2</run_address>
         <size>0x2</size>
         <input_file_ref idref="fl-2"/>
      </object_component>
      <object_component id="oc-9d">
         <name>.int50</name>
         <load_address>0xfff4</load_address>
         <run_address>0xfff4</run_address>
         <size>0x2</size>
         <input_file_ref idref="fl-2"/>
      </object_component>
      <object_component id="oc-9e">
         <name>.int51</name>
         <load_address>0xfff6</load_address>
         <run_address>0xfff6</run_address>
         <size>0x2</size>
         <input_file_ref idref="fl-2"/>
      </object_component>
      <object_component id="oc-9f">
         <name>.int52</name>
         <load_address>0xfff8</load_address>
         <run_address>0xfff8</run_address>
         <size>0x2</size>
         <input_file_ref idref="fl-48"/>
      </object_component>
      <object_component id="oc-a0">
         <name>.int53</name>
         <load_address>0xfffa</load_address>
         <run_address>0xfffa</run_address>
         <size>0x2</size>
         <input_file_ref idref="fl-2"/>
      </object_component>
      <object_component id="oc-a1">
         <name>.int54</name>
         <load_address>0xfffc</load_address>
         <run_address>0xfffc</run_address>
         <size>0x2</size>
         <input_file_ref idref="fl-2"/>
      </object_component>
      <object_component id="oc-662">
         <name>.reset</name>
         <load_address>0xfffe</load_address>
         <run_address>0xfffe</run_address>
         <size>0x2</size>
         <input_file_ref idref="fl-56"/>
      </object_component>
      <object_component id="oc-933">
         <name>.debug_info</name>
         <load_address>0x0</load_address>
         <run_address>0x0</run_address>
         <size>0x5aa</size>
         <input_file_ref idref="fl-2"/>
      </object_component>
      <object_component id="oc-6ea">
         <name>.debug_info</name>
         <load_address>0x5aa</load_address>
         <run_address>0x5aa</run_address>
         <size>0xfb</size>
         <input_file_ref idref="fl-2"/>
      </object_component>
      <object_component id="oc-726">
         <name>.debug_info</name>
         <load_address>0x6a5</load_address>
         <run_address>0x6a5</run_address>
         <size>0x115</size>
         <input_file_ref idref="fl-2"/>
      </object_component>
      <object_component id="oc-873">
         <name>.debug_info</name>
         <load_address>0x7ba</load_address>
         <run_address>0x7ba</run_address>
         <size>0x192</size>
         <input_file_ref idref="fl-2"/>
      </object_component>
      <object_component id="oc-867">
         <name>.debug_info</name>
         <load_address>0x94c</load_address>
         <run_address>0x94c</run_address>
         <size>0x123</size>
         <input_file_ref idref="fl-2"/>
      </object_component>
      <object_component id="oc-879">
         <name>.debug_info</name>
         <load_address>0xa6f</load_address>
         <run_address>0xa6f</run_address>
         <size>0x121</size>
         <input_file_ref idref="fl-2"/>
      </object_component>
      <object_component id="oc-9a5">
         <name>.debug_info</name>
         <load_address>0xb90</load_address>
         <run_address>0xb90</run_address>
         <size>0x133</size>
         <input_file_ref idref="fl-2"/>
      </object_component>
      <object_component id="oc-a3c">
         <name>.debug_info</name>
         <load_address>0xcc3</load_address>
         <run_address>0xcc3</run_address>
         <size>0x135</size>
         <input_file_ref idref="fl-2"/>
      </object_component>
      <object_component id="oc-9c3">
         <name>.debug_info</name>
         <load_address>0xdf8</load_address>
         <run_address>0xdf8</run_address>
         <size>0x11d</size>
         <input_file_ref idref="fl-2"/>
      </object_component>
      <object_component id="oc-abb">
         <name>.debug_info</name>
         <load_address>0xf15</load_address>
         <run_address>0xf15</run_address>
         <size>0x121</size>
         <input_file_ref idref="fl-2"/>
      </object_component>
      <object_component id="oc-720">
         <name>.debug_info</name>
         <load_address>0x1036</load_address>
         <run_address>0x1036</run_address>
         <size>0x115</size>
         <input_file_ref idref="fl-2"/>
      </object_component>
      <object_component id="oc-689">
         <name>.debug_info</name>
         <load_address>0x114b</load_address>
         <run_address>0x114b</run_address>
         <size>0x121</size>
         <input_file_ref idref="fl-2"/>
      </object_component>
      <object_component id="oc-99f">
         <name>.debug_info</name>
         <load_address>0x126c</load_address>
         <run_address>0x126c</run_address>
         <size>0x14d</size>
         <input_file_ref idref="fl-2"/>
      </object_component>
      <object_component id="oc-683">
         <name>.debug_info</name>
         <load_address>0x13b9</load_address>
         <run_address>0x13b9</run_address>
         <size>0x110</size>
         <input_file_ref idref="fl-2"/>
      </object_component>
      <object_component id="oc-844">
         <name>.debug_info</name>
         <load_address>0x14c9</load_address>
         <run_address>0x14c9</run_address>
         <size>0x46a</size>
         <input_file_ref idref="fl-2"/>
      </object_component>
      <object_component id="oc-7b0">
         <name>.debug_info</name>
         <load_address>0x1933</load_address>
         <run_address>0x1933</run_address>
         <size>0x55</size>
         <input_file_ref idref="fl-2"/>
      </object_component>
      <object_component id="oc-8a5">
         <name>.debug_info</name>
         <load_address>0x1988</load_address>
         <run_address>0x1988</run_address>
         <size>0x92</size>
         <input_file_ref idref="fl-2"/>
      </object_component>
      <object_component id="oc-7a1">
         <name>.debug_info</name>
         <load_address>0x1a1a</load_address>
         <run_address>0x1a1a</run_address>
         <size>0x87f</size>
         <input_file_ref idref="fl-2"/>
      </object_component>
      <object_component id="oc-92e">
         <name>.debug_info</name>
         <load_address>0x2299</load_address>
         <run_address>0x2299</run_address>
         <size>0x611</size>
         <input_file_ref idref="fl-2"/>
      </object_component>
      <object_component id="oc-7a6">
         <name>.debug_info</name>
         <load_address>0x28aa</load_address>
         <run_address>0x28aa</run_address>
         <size>0x93f</size>
         <input_file_ref idref="fl-2"/>
      </object_component>
      <object_component id="oc-8b8">
         <name>.debug_info</name>
         <load_address>0x31e9</load_address>
         <run_address>0x31e9</run_address>
         <size>0xc4</size>
         <input_file_ref idref="fl-2"/>
      </object_component>
      <object_component id="oc-849">
         <name>.debug_info</name>
         <load_address>0x32ad</load_address>
         <run_address>0x32ad</run_address>
         <size>0x6c8</size>
         <input_file_ref idref="fl-2"/>
      </object_component>
      <object_component id="oc-6d1">
         <name>.debug_info</name>
         <load_address>0x3975</load_address>
         <run_address>0x3975</run_address>
         <size>0x84</size>
         <input_file_ref idref="fl-2"/>
      </object_component>
      <object_component id="oc-8c1">
         <name>.debug_info</name>
         <load_address>0x39f9</load_address>
         <run_address>0x39f9</run_address>
         <size>0x18b</size>
         <input_file_ref idref="fl-2"/>
      </object_component>
      <object_component id="oc-988">
         <name>.debug_info</name>
         <load_address>0x3b84</load_address>
         <run_address>0x3b84</run_address>
         <size>0x2c</size>
         <input_file_ref idref="fl-2"/>
      </object_component>
      <object_component id="oc-6d8">
         <name>.debug_info</name>
         <load_address>0x3bb0</load_address>
         <run_address>0x3bb0</run_address>
         <size>0x2c</size>
         <input_file_ref idref="fl-2"/>
      </object_component>
      <object_component id="oc-af4">
         <name>.debug_info</name>
         <load_address>0x3bdc</load_address>
         <run_address>0x3bdc</run_address>
         <size>0x259</size>
         <input_file_ref idref="fl-3"/>
      </object_component>
      <object_component id="oc-68f">
         <name>.debug_info</name>
         <load_address>0x3e35</load_address>
         <run_address>0x3e35</run_address>
         <size>0x121</size>
         <input_file_ref idref="fl-3"/>
      </object_component>
      <object_component id="oc-ac7">
         <name>.debug_info</name>
         <load_address>0x3f56</load_address>
         <run_address>0x3f56</run_address>
         <size>0x16e</size>
         <input_file_ref idref="fl-3"/>
      </object_component>
      <object_component id="oc-a32">
         <name>.debug_info</name>
         <load_address>0x40c4</load_address>
         <run_address>0x40c4</run_address>
         <size>0x48d</size>
         <input_file_ref idref="fl-4"/>
      </object_component>
      <object_component id="oc-8fc">
         <name>.debug_info</name>
         <load_address>0x4551</load_address>
         <run_address>0x4551</run_address>
         <size>0x154</size>
         <input_file_ref idref="fl-4"/>
      </object_component>
      <object_component id="oc-732">
         <name>.debug_info</name>
         <load_address>0x46a5</load_address>
         <run_address>0x46a5</run_address>
         <size>0x116</size>
         <input_file_ref idref="fl-4"/>
      </object_component>
      <object_component id="oc-782">
         <name>.debug_info</name>
         <load_address>0x47bb</load_address>
         <run_address>0x47bb</run_address>
         <size>0x172</size>
         <input_file_ref idref="fl-4"/>
      </object_component>
      <object_component id="oc-759">
         <name>.debug_info</name>
         <load_address>0x492d</load_address>
         <run_address>0x492d</run_address>
         <size>0x182</size>
         <input_file_ref idref="fl-4"/>
      </object_component>
      <object_component id="oc-7a0">
         <name>.debug_info</name>
         <load_address>0x4aaf</load_address>
         <run_address>0x4aaf</run_address>
         <size>0x8ac</size>
         <input_file_ref idref="fl-5"/>
      </object_component>
      <object_component id="oc-719">
         <name>.debug_info</name>
         <load_address>0x535b</load_address>
         <run_address>0x535b</run_address>
         <size>0xe7</size>
         <input_file_ref idref="fl-5"/>
      </object_component>
      <object_component id="oc-71c">
         <name>.debug_info</name>
         <load_address>0x5442</load_address>
         <run_address>0x5442</run_address>
         <size>0xe7</size>
         <input_file_ref idref="fl-5"/>
      </object_component>
      <object_component id="oc-6bc">
         <name>.debug_info</name>
         <load_address>0x5529</load_address>
         <run_address>0x5529</run_address>
         <size>0x472</size>
         <input_file_ref idref="fl-5"/>
      </object_component>
      <object_component id="oc-951">
         <name>.debug_info</name>
         <load_address>0x599b</load_address>
         <run_address>0x599b</run_address>
         <size>0x7ff</size>
         <input_file_ref idref="fl-6"/>
      </object_component>
      <object_component id="oc-756">
         <name>.debug_info</name>
         <load_address>0x619a</load_address>
         <run_address>0x619a</run_address>
         <size>0x194</size>
         <input_file_ref idref="fl-6"/>
      </object_component>
      <object_component id="oc-808">
         <name>.debug_info</name>
         <load_address>0x632e</load_address>
         <run_address>0x632e</run_address>
         <size>0xf3</size>
         <input_file_ref idref="fl-6"/>
      </object_component>
      <object_component id="oc-80b">
         <name>.debug_info</name>
         <load_address>0x6421</load_address>
         <run_address>0x6421</run_address>
         <size>0xf3</size>
         <input_file_ref idref="fl-6"/>
      </object_component>
      <object_component id="oc-73e">
         <name>.debug_info</name>
         <load_address>0x6514</load_address>
         <run_address>0x6514</run_address>
         <size>0x3c3</size>
         <input_file_ref idref="fl-6"/>
      </object_component>
      <object_component id="oc-afe">
         <name>.debug_info</name>
         <load_address>0x68d7</load_address>
         <run_address>0x68d7</run_address>
         <size>0x244</size>
         <input_file_ref idref="fl-6"/>
      </object_component>
      <object_component id="oc-b0a">
         <name>.debug_info</name>
         <load_address>0x6b1b</load_address>
         <run_address>0x6b1b</run_address>
         <size>0x235</size>
         <input_file_ref idref="fl-6"/>
      </object_component>
      <object_component id="oc-b25">
         <name>.debug_info</name>
         <load_address>0x6d50</load_address>
         <run_address>0x6d50</run_address>
         <size>0x1b3</size>
         <input_file_ref idref="fl-6"/>
      </object_component>
      <object_component id="oc-a81">
         <name>.debug_info</name>
         <load_address>0x6f03</load_address>
         <run_address>0x6f03</run_address>
         <size>0x190</size>
         <input_file_ref idref="fl-6"/>
      </object_component>
      <object_component id="oc-b04">
         <name>.debug_info</name>
         <load_address>0x7093</load_address>
         <run_address>0x7093</run_address>
         <size>0x1c5</size>
         <input_file_ref idref="fl-6"/>
      </object_component>
      <object_component id="oc-9ab">
         <name>.debug_info</name>
         <load_address>0x7258</load_address>
         <run_address>0x7258</run_address>
         <size>0x6f7</size>
         <input_file_ref idref="fl-7"/>
      </object_component>
      <object_component id="oc-91b">
         <name>.debug_info</name>
         <load_address>0x794f</load_address>
         <run_address>0x794f</run_address>
         <size>0x142</size>
         <input_file_ref idref="fl-7"/>
      </object_component>
      <object_component id="oc-858">
         <name>.debug_info</name>
         <load_address>0x7a91</load_address>
         <run_address>0x7a91</run_address>
         <size>0x16b</size>
         <input_file_ref idref="fl-7"/>
      </object_component>
      <object_component id="oc-a92">
         <name>.debug_info</name>
         <load_address>0x7bfc</load_address>
         <run_address>0x7bfc</run_address>
         <size>0x18b</size>
         <input_file_ref idref="fl-7"/>
      </object_component>
      <object_component id="oc-aaf">
         <name>.debug_info</name>
         <load_address>0x7d87</load_address>
         <run_address>0x7d87</run_address>
         <size>0x171</size>
         <input_file_ref idref="fl-7"/>
      </object_component>
      <object_component id="oc-72c">
         <name>.debug_info</name>
[...]
         <name>spi_Write</name>
         <value>0x136d2</value>
         <object_component_ref idref="oc-a91"/>
      </symbol>
      <symbol id="sm-7c8">
         <name>spi_Open</name>
         <value>0x12742</value>
         <object_component_ref idref="oc-857"/>
      </symbol>
      <symbol id="sm-7d9">
         <name>UARTCharPut</name>
         <value>0x13a2e</value>
         <object_component_ref idref="oc-942"/>
      </symbol>
      <symbol id="sm-7da">
         <name>initUART</name>
         <value>0x13550</value>
         <object_component_ref idref="oc-72b"/>
      </symbol>
      <symbol id="sm-82c">
         <name>UARTwrite</name>
         <value>0x131dc</value>
         <object_component_ref idref="oc-7ec"/>
      </symbol>
      <symbol id="sm-82d">
         <name>UARTprintf</name>
         <value>0x104c0</value>
         <object_component_ref idref="oc-737"/>
      </symbol>
      <symbol id="sm-8a4">
         <name>_sl_HandleAsync_InitComplete</name>
         <value>0x129b2</value>
         <object_component_ref idref="oc-b4f"/>
      </symbol>
      <symbol id="sm-8a5">
         <name>_SlDrvDeviceEventHandler</name>
         <value>0x12bdc</value>
         <object_component_ref idref="oc-af7"/>
      </symbol>
      <symbol id="sm-8a6">
         <name>_sl_HandleAsync_Stop</name>
         <value>0x13076</value>
         <object_component_ref idref="oc-b43"/>
      </symbol>
      <symbol id="sm-8a7">
         <name>sl_Stop</name>
         <value>0x1249a</value>
         <object_component_ref idref="oc-799"/>
      </symbol>
      <symbol id="sm-8a8">
         <name>sl_Start</name>
         <value>0x1225a</value>
         <object_component_ref idref="oc-743"/>
      </symbol>
      <symbol id="sm-8a9">
         <name>sl_DevGet</name>
         <value>0x125f0</value>
         <object_component_ref idref="oc-813"/>
      </symbol>
      <symbol id="sm-a76">
         <name>RxIrqCnt</name>
         <value>0x1d6b</value>
      </symbol>
      <symbol id="sm-a77">
         <name>g_bDeviceRestartIsRequired</name>
         <value>0x1d6c</value>
      </symbol>
      <symbol id="sm-a78">
         <name>_SlDrvProtectionObjUnLock</name>
         <value>0x13952</value>
         <object_component_ref idref="oc-9ba"/>
      </symbol>
      <symbol id="sm-a79">
         <name>_SlDrvBasicCmd</name>
         <value>0x135fe</value>
         <object_component_ref idref="oc-910"/>
      </symbol>
      <symbol id="sm-a7a">
         <name>_SlDrvObjUnLock</name>
         <value>0x13a00</value>
         <object_component_ref idref="oc-a24"/>
      </symbol>
      <symbol id="sm-a7b">
         <name>_SlDrvObjLockWaitForever</name>
         <value>0x13916</value>
         <object_component_ref idref="oc-a2a"/>
      </symbol>
      <symbol id="sm-a7c">
         <name>_SlDrvMsgReadSpawnCtx</name>
         <value>0x12ad8</value>
         <object_component_ref idref="oc-9c8"/>
      </symbol>
      <symbol id="sm-a7d">
         <name>_SlDriverHandleError</name>
         <value>0x12884</value>
         <object_component_ref idref="oc-9d7"/>
      </symbol>
      <symbol id="sm-a7e">
         <name>_SlDrvDriverCBDeinit</name>
         <value>0x11ff8</value>
         <object_component_ref idref="oc-920"/>
      </symbol>
      <symbol id="sm-a7f">
         <name>_SlDrvResetCmdExt</name>
         <value>0x13a80</value>
         <object_component_ref idref="oc-8e5"/>
      </symbol>
      <symbol id="sm-a80">
         <name>_SlDrvProtectAsyncRespSetting</name>
         <value>0x134d8</value>
         <object_component_ref idref="oc-860"/>
      </symbol>
      <symbol id="sm-a81">
         <name>_SlDrvReleasePoolObj</name>
         <value>0x10a94</value>
         <object_component_ref idref="oc-884"/>
      </symbol>
      <symbol id="sm-a82">
         <name>OpcodeTranslateTable</name>
         <value>0x479e</value>
         <object_component_ref idref="oc-ac1"/>
      </symbol>
      <symbol id="sm-a83">
         <name>pPingCallBackFunc</name>
         <value>0x1db8</value>
         <object_component_ref idref="oc-85d"/>
      </symbol>
      <symbol id="sm-a84">
         <name>_SlDrvDriverCBInit</name>
         <value>0x11400</value>
         <object_component_ref idref="oc-851"/>
      </symbol>
      <symbol id="sm-a85">
         <name>g_pCB</name>
         <value>0x1db4</value>
         <object_component_ref idref="oc-85d"/>
      </symbol>
      <symbol id="sm-a86">
         <name>_SlDrvProtectionObjLockWaitForever</name>
         <value>0x13810</value>
         <object_component_ref idref="oc-9b4"/>
      </symbol>
      <symbol id="sm-a87">
         <name>_SlDrvCmdOp</name>
         <value>0x1269a</value>
         <object_component_ref idref="oc-89d"/>
      </symbol>
      <symbol id="sm-a88">
         <name>_SlDrvSyncObjWaitTimeout</name>
         <value>0x132c8</value>
         <object_component_ref idref="oc-87e"/>
      </symbol>
      <symbol id="sm-a89">
         <name>_SlDrvGlobalObjUnLock</name>
         <value>0x1396c</value>
         <object_component_ref idref="oc-9fd"/>
      </symbol>
      <symbol id="sm-a8a">
         <name>_SlDrvMemZero</name>
         <value>0x13a76</value>
         <object_component_ref idref="oc-897"/>
      </symbol>
      <symbol id="sm-a8b">
         <name>_SlDrvWaitForPoolObj</name>
         <value>0x11594</value>
         <object_component_ref idref="oc-9ae"/>
      </symbol>
      <symbol id="sm-a8c">
         <name>_SlDrvSyncObjSignal</name>
         <value>0x13a10</value>
         <object_component_ref idref="oc-9e4"/>
      </symbol>
      <symbol id="sm-a8d">
         <name>_SlDrvDataReadOp</name>
         <value>0x1124a</value>
         <object_component_ref idref="oc-905"/>
      </symbol>
      <symbol id="sm-a8e">
         <name>_SlDrvDataWriteOp</name>
         <value>0x11b1a</value>
         <object_component_ref idref="oc-8f4"/>
      </symbol>
      <symbol id="sm-a8f">
         <name>_SlDrvRxIrqHandler</name>
         <value>0x13514</value>
         <object_component_ref idref="oc-86c"/>
      </symbol>
      <symbol id="sm-a90">
         <name>_SlDrvSyncObjWaitForever</name>
         <value>0x1383a</value>
         <object_component_ref idref="oc-8de"/>
      </symbol>
      <symbol id="sm-a91">
         <name>_SlDrvCmdSend</name>
         <value>0x12ef6</value>
         <object_component_ref idref="oc-b67"/>
      </symbol>
      <symbol id="sm-a92">
         <name>_SlActionLookupTable</name>
         <value>0x47da</value>
         <object_component_ref idref="oc-ae5"/>
      </symbol>
      <symbol id="sm-af8">
         <name>sl_NetAppMDNSUnRegisterService</name>
         <value>0x1358c</value>
         <object_component_ref idref="oc-831"/>
      </symbol>
      <symbol id="sm-af9">
         <name>_SlNetAppSendTokenValueCmdCtrl</name>
         <value>0x48fe</value>
         <object_component_ref idref="oc-b64"/>
      </symbol>
      <symbol id="sm-afa">
         <name>_sl_HandleAsync_DnsGetHostByName</name>
         <value>0x12546</value>
         <object_component_ref idref="oc-b1e"/>
      </symbol>
      <symbol id="sm-afb">
         <name>_sl_HandleAsync_PingResponse</name>
         <value>0x127e4</value>
         <object_component_ref idref="oc-ad7"/>
      </symbol>
      <symbol id="sm-afc">
         <name>_SlDrvNetAppEventHandler</name>
         <value>0x11d3a</value>
         <object_component_ref idref="oc-add"/>
      </symbol>
      <symbol id="sm-afd">
         <name>_sl_HandleAsync_DnsGetHostByService</name>
         <value>0x123e0</value>
         <object_component_ref idref="oc-b18"/>
      </symbol>
      <symbol id="sm-afe">
         <name>_sl_NetAppSendTokenValue</name>
         <value>0x130d2</value>
         <object_component_ref idref="oc-b2a"/>
      </symbol>
      <symbol id="sm-aff">
         <name>sl_NetAppMDNSRegisterUnregisterService</name>
         <value>0x120c4</value>
         <object_component_ref idref="oc-973"/>
      </symbol>
      <symbol id="sm-b19">
         <name>sl_NetCfgSet</name>
         <value>0x12c5c</value>
         <object_component_ref idref="oc-825"/>
      </symbol>
      <symbol id="sm-b4f">
         <name>_SlNonOsSemSet</name>
         <value>0x13a9e</value>
         <object_component_ref idref="oc-991"/>
      </symbol>
      <symbol id="sm-b50">
         <name>_SlNonOsSpawn</name>
         <value>0x13354</value>
         <object_component_ref idref="oc-9ce"/>
      </symbol>
      <symbol id="sm-b51">
         <name>_SlNonOsSemGet</name>
         <value>0x12dbe</value>
         <object_component_ref idref="oc-997"/>
      </symbol>
      <symbol id="sm-b52">
         <name>_SlNonOsMainLoopTask</name>
         <value>0x1327c</value>
         <object_component_ref idref="oc-74f"/>
      </symbol>
      <symbol id="sm-b53">
         <name>g__SlNonOsCB</name>
         <value>0x1d6e</value>
         <object_component_ref idref="oc-8b4"/>
      </symbol>
      <symbol id="sm-bf4">
         <name>sl_Recv</name>
         <value>0x12f58</value>
         <object_component_ref idref="oc-787"/>
      </symbol>
      <symbol id="sm-bf5">
         <name>sl_Send</name>
         <value>0x12190</value>
         <object_component_ref idref="oc-77b"/>
      </symbol>
      <symbol id="sm-bf6">
         <name>_sl_HandleAsync_Connect</name>
         <value>0x12a46</value>
         <object_component_ref idref="oc-b37"/>
      </symbol>
      <symbol id="sm-bf7">
         <name>sl_Htonl</name>
         <value>0x1330e</value>
         <object_component_ref idref="oc-769"/>
      </symbol>
      <symbol id="sm-bf8">
         <name>sl_Htons</name>
         <value>0x1378c</value>
         <object_component_ref idref="oc-763"/>
      </symbol>
      <symbol id="sm-bf9">
         <name>sl_Connect</name>
         <value>0x119e6</value>
         <object_component_ref idref="oc-775"/>
      </symbol>
      <symbol id="sm-bfa">
         <name>sl_Socket</name>
         <value>0x1341c</value>
         <object_component_ref idref="oc-76f"/>
      </symbol>
      <symbol id="sm-bfb">
         <name>_sl_HandleAsync_Select</name>
         <value>0x13018</value>
         <object_component_ref idref="oc-b3d"/>
      </symbol>
      <symbol id="sm-bfc">
         <name>sl_Close</name>
         <value>0x13760</value>
         <object_component_ref idref="oc-78d"/>
      </symbol>
      <symbol id="sm-bfd">
         <name>_sl_HandleAsync_Accept</name>
         <value>0x12d4a</value>
         <object_component_ref idref="oc-b31"/>
      </symbol>
      <symbol id="sm-c75">
         <name>sl_WlanDisconnect</name>
         <value>0x139b2</value>
         <object_component_ref idref="oc-793"/>
      </symbol>
      <symbol id="sm-c76">
         <name>sl_WlanPolicySet</name>
         <value>0x13184</value>
         <object_component_ref idref="oc-819"/>
      </symbol>
      <symbol id="sm-c77">
         <name>sl_WlanProfileDel</name>
         <value>0x137b8</value>
         <object_component_ref idref="oc-81f"/>
      </symbol>
      <symbol id="sm-c78">
         <name>sl_WlanRxFilterSet</name>
         <value>0x1322c</value>
         <object_component_ref idref="oc-83d"/>
      </symbol>
      <symbol id="sm-c79">
         <name>sl_WlanConnect</name>
         <value>0x1087e</value>
         <object_component_ref idref="oc-749"/>
      </symbol>
      <symbol id="sm-c7a">
         <name>sl_WlanSet</name>
         <value>0x12fb8</value>
         <object_component_ref idref="oc-82b"/>
      </symbol>
      <symbol id="sm-c7b">
         <name>sl_WlanSetMode</name>
         <value>0x137e4</value>
         <object_component_ref idref="oc-80d"/>
      </symbol>
      <symbol id="sm-c91">
         <name>__TI_decompress_none</name>
         <value>0x139dc</value>
         <object_component_ref idref="oc-7a"/>
      </symbol>
      <symbol id="sm-cb3">
         <name>__TI_decompress_rle24</name>
         <value>0x13adc</value>
         <object_component_ref idref="oc-80"/>
      </symbol>
      <symbol id="sm-cb6">
         <name>__TI_int27</name>
         <value>0xffc6</value>
         <object_component_ref idref="oc-86"/>
      </symbol>
      <symbol id="sm-cbe">
         <name>__TI_ISR_TRAP</name>
         <value>0x4442</value>
         <object_component_ref idref="oc-67d"/>
      </symbol>
      <symbol id="sm-cc1">
         <name>__TI_int29</name>
         <value>0xffca</value>
         <object_component_ref idref="oc-88"/>
      </symbol>
      <symbol id="sm-cc4">
         <name>__TI_int30</name>
         <value>0xffcc</value>
         <object_component_ref idref="oc-89"/>
      </symbol>
      <symbol id="sm-cc7">
         <name>__TI_int31</name>
         <value>0xffce</value>
         <object_component_ref idref="oc-8a"/>
      </symbol>
      <symbol id="sm-cca">
         <name>__TI_int32</name>
         <value>0xffd0</value>
         <object_component_ref idref="oc-8b"/>
      </symbol>
      <symbol id="sm-ccd">
         <name>__TI_int33</name>
         <value>0xffd2</value>
         <object_component_ref idref="oc-8c"/>
      </symbol>
      <symbol id="sm-cd0">
         <name>__TI_int37</name>
         <value>0xffda</value>
         <object_component_ref idref="oc-90"/>
      </symbol>
      <symbol id="sm-cd3">
         <name>__TI_int41</name>
         <value>0xffe2</value>
         <object_component_ref idref="oc-94"/>
      </symbol>
      <symbol id="sm-cd6">
         <name>__TI_int48</name>
         <value>0xfff0</value>
         <object_component_ref idref="oc-9b"/>
      </symbol>
      <symbol id="sm-cd9">
         <name>__TI_int52</name>
         <value>0xfff8</value>
         <object_component_ref idref="oc-9f"/>
      </symbol>
      <symbol id="sm-ce8">
         <name>__mspabi_remul</name>
         <value>0x1312c</value>
         <object_component_ref idref="oc-7f8"/>
      </symbol>
      <symbol id="sm-ce9">
         <name>__mspabi_divul</name>
         <value>0x1312c</value>
         <object_component_ref idref="oc-7f8"/>
      </symbol>
      <symbol id="sm-cf2">
         <name>__mspabi_mpyi_f5hw</name>
         <value>0x13984</value>
         <object_component_ref idref="oc-7b5"/>
      </symbol>
      <symbol id="sm-cfb">
         <name>__mspabi_mpyl_f5hw</name>
         <value>0x138b0</value>
         <object_component_ref idref="oc-7f2"/>
      </symbol>
      <symbol id="sm-d07">
         <name>__mspabi_slli</name>
         <value>0x13a8a</value>
         <object_component_ref idref="oc-9ea"/>
      </symbol>
      <symbol id="sm-d0f">
         <name>__mspabi_slll_9</name>
         <value>0x13474</value>
         <object_component_ref idref="oc-75e"/>
      </symbol>
      <symbol id="sm-d10">
         <name>__mspabi_slll_8</name>
         <value>0x13478</value>
         <object_component_ref idref="oc-75e"/>
      </symbol>
      <symbol id="sm-d11">
         <name>__mspabi_slll_7</name>
         <value>0x1347c</value>
         <object_component_ref idref="oc-75e"/>
      </symbol>
      <symbol id="sm-d12">
         <name>__mspabi_slll_6</name>
         <value>0x13480</value>
         <object_component_ref idref="oc-75e"/>
      </symbol>
      <symbol id="sm-d13">
         <name>__mspabi_slll_5</name>
         <value>0x13484</value>
         <object_component_ref idref="oc-75e"/>
      </symbol>
      <symbol id="sm-d14">
         <name>__mspabi_slll_4</name>
         <value>0x13488</value>
         <object_component_ref idref="oc-75e"/>
      </symbol>
      <symbol id="sm-d15">
         <name>__mspabi_slll_3</name>
         <value>0x1348c</value>
         <object_component_ref idref="oc-75e"/>
      </symbol>
      <symbol id="sm-d16">
         <name>__mspabi_slll_2</name>
         <value>0x13490</value>
         <object_component_ref idref="oc-75e"/>
      </symbol>
      <symbol id="sm-d17">
         <name>__mspabi_slll_1</name>
         <value>0x13494</value>
         <object_component_ref idref="oc-75e"/>
      </symbol>
      <symbol id="sm-d18">
         <name>__mspabi_slll_15</name>
         <value>0x1345c</value>
         <object_component_ref idref="oc-75e"/>
      </symbol>
      <symbol id="sm-d19">
         <name>__mspabi_slll_14</name>
         <value>0x13460</value>
         <object_component_ref idref="oc-75e"/>
      </symbol>
      <symbol id="sm-d1a">
         <name>__mspabi_slll_13</name>
         <value>0x13464</value>
         <object_component_ref idref="oc-75e"/>
      </symbol>
      <symbol id="sm-d1b">
         <name>__mspabi_slll_12</name>
         <value>0x13468</value>
         <object_component_ref idref="oc-75e"/>
      </symbol>
      <symbol id="sm-d1c">
         <name>__mspabi_slll_11</name>
         <value>0x1346c</value>
         <object_component_ref idref="oc-75e"/>
      </symbol>
      <symbol id="sm-d1d">
         <name>__mspabi_slll_10</name>
         <value>0x13470</value>
         <object_component_ref idref="oc-75e"/>
      </symbol>
      <symbol id="sm-d26">
         <name>__mspabi_srli</name>
         <value>0x13a94</value>
         <object_component_ref idref="oc-8d9"/>
      </symbol>
      <symbol id="sm-d2f">
         <name>_stack</name>
         <value>0x2360</value>
         <object_component_ref idref="oc-65f"/>
      </symbol>
      <symbol id="sm-d30">
         <name>_reset_vector</name>
         <value>0xfffe</value>
         <object_component_ref idref="oc-662"/>
      </symbol>
      <symbol id="sm-d53">
         <name>_auto_init_hold_wdt</name>
         <value>0x12b5a</value>
         <object_component_ref idref="oc-6a1"/>
      </symbol>
      <symbol id="sm-d5d">
         <name>_c_int00_noargs_noexit_mpu</name>
         <value>0x4400</value>
         <object_component_ref idref="oc-c6"/>
      </symbol>
      <symbol id="sm-d66">
         <name>__mpu_init</name>
         <value>0x13862</value>
         <object_component_ref idref="oc-6b4"/>
      </symbol>
      <symbol id="sm-d6f">
         <name>_system_post_cinit</name>
         <value>0x13ae6</value>
         <object_component_ref idref="oc-6f7"/>
      </symbol>
      <symbol id="sm-d78">
         <name>_system_pre_init</name>
         <value>0x13ae2</value>
         <object_component_ref idref="oc-69b"/>
      </symbol>
      <symbol id="sm-d82">
         <name>C$$EXIT</name>
         <value>0x13ad6</value>
         <object_component_ref idref="oc-6c3"/>
      </symbol>
      <symbol id="sm-d83">
         <name>abort</name>
         <value>0x13ad6</value>
         <object_component_ref idref="oc-6c3"/>
      </symbol>
      <symbol id="sm-d9b">
         <name>copy_in</name>
         <value>0x12e90</value>
         <object_component_ref idref="oc-6f1"/>
      </symbol>
      <symbol id="sm-da9">
         <name>memcpy</name>
         <value>0x139c8</value>
         <object_component_ref idref="oc-663"/>
      </symbol>
      <symbol id="sm-db7">
         <name>memset</name>
         <value>0x1399c</value>
         <object_component_ref idref="oc-837"/>
      </symbol>
      <symbol id="sm-dc4">
         <name>strcpy</name>
         <value>0x139ee</value>
         <object_component_ref idref="oc-b57"/>
      </symbol>
      <symbol id="sm-dd1">
         <name>strlen</name>
         <value>0x13a4a</value>
         <object_component_ref idref="oc-aed"/>
      </symbol>
      <symbol id="sm-dd6">
         <name>__TI_BINIT_Base</name>
         <value>0x0</value>
      </symbol>
      <symbol id="sm-dd7">
         <name>__TI_BINIT_Limit</name>
         <value>0x0</value>
      </symbol>
      <symbol id="sm-dd8">
         <name>__TI_INITARRAY_Base</name>
         <value>0x0</value>
      </symbol>
      <symbol id="sm-dd9">
         <name>__TI_INITARRAY_Limit</name>
         <value>0x0</value>
      </symbol>
      <symbol id="sm-dda">
         <name>UARTStdioInit</name>
         <value>0x13550</value>
      </symbol>
      <symbol id="sm-ddb">
         <name>_SlDrvDispatchHttpServerEvents</name>
         <value>0x13a6c</value>
      </symbol>
   </symbol_table>
   <title>Link successful</title>
</link_info>
