******************************************************************************
                  MSP430 Linker Unix v15.12.1                  
******************************************************************************
>> Linked Thu Jan 26 13:29:58 2023

OUTPUT FILE NAME:   <websrv.out>
ENTRY POINT SYMBOL: "_c_int00_noargs_noexit_mpu"  address: 00004400


MEMORY CONFIGURATION

         name            origin    length      used     unused   attr    fill
----------------------  --------  ---------  --------  --------  ----  --------
  TINYRAM               00000006   0000001a  00000000  0000001a  RWIX
  PERIPHERALS_8BIT      00000020   000000e0  00000000  000000e0  RWIX
  PERIPHERALS_16BIT     00000100   00000100  00000000  00000100  RWIX
  INFOD                 00001800   00000080  00000000  00000080  RWIX
  INFOC                 00001880   00000080  00000000  00000080  RWIX
  INFOB                 00001900   00000080  00000000  00000080  RWIX
  INFOA                 00001980   00000080  00000000  00000080  RWIX
  RAM                   00001c00   00000800  00000273  0000058d  RWIX
  FRAM                  00004400   0000bb80  0000086c  0000b314  RWIX
  JTAGSIGNATURE         0000ff80   00000004  00000004  00000000  RWIX  ffff 
  BSLSIGNATURE          0000ff84   00000004  00000004  00000000  RWIX  ffff 
  IPESIGNATURE          0000ff88   00000008  00000008  00000000  RWIX  ffff 
  INT00                 0000ff90   00000002  00000000  00000002  RWIX
  INT01                 0000ff92   00000002  00000000  00000002  RWIX
  INT02                 0000ff94   00000002  00000000  00000002  RWIX
  INT03                 0000ff96   00000002  00000000  00000002  RWIX
  INT04                 0000ff98   00000002  00000000  00000002  RWIX
  INT05                 0000ff9a   00000002  00000000  00000002  RWIX
  INT06                 0000ff9c   00000002  00000000  00000002  RWIX
  INT07                 0000ff9e   00000002  00000000  00000002  RWIX
  INT08                 0000ffa0   00000002  00000000  00000002  RWIX
  INT09                 0000ffa2   00000002  00000000  00000002  RWIX
  INT10                 0000ffa4   00000002  00000000  00000002  RWIX
  INT11                 0000ffa6   00000002  00000000  00000002  RWIX
  INT12                 0000ffa8   00000002  00000000  00000002  RWIX
  INT13                 0000ffaa   00000002  00000000  00000002  RWIX
  INT14                 0000ffac   00000002  00000000  00000002  RWIX
  INT15                 0000ffae   00000002  00000000  00000002  RWIX
  INT16                 0000ffb0   00000002  00000000  00000002  RWIX
  INT17                 0000ffb2   00000002  00000000  00000002  RWIX
  INT18                 0000ffb4   00000002  00000000  00000002  RWIX
  INT19                 0000ffb6   00000002  00000000  00000002  RWIX
  INT20                 0000ffb8   00000002  00000000  00000002  RWIX
  INT21                 0000ffba   00000002  00000000  00000002  RWIX
  INT22                 0000ffbc   00000002  00000000  00000002  RWIX
  INT23                 0000ffbe   00000002  00000000  00000002  RWIX
  INT24                 0000ffc0   00000002  00000000  00000002  RWIX
  INT25                 0000ffc2   00000002  00000000  00000002  RWIX
  INT26                 0000ffc4   00000002  00000000  00000002  RWIX
  INT27                 0000ffc6   00000002  00000002  00000000  RWIX
  INT28                 0000ffc8   00000002  00000002  00000000  RWIX
  INT29                 0000ffca   00000002  00000002  00000000  RWIX
  INT30                 0000ffcc   00000002  00000002  00000000  RWIX
  INT31                 0000ffce   00000002  00000002  00000000  RWIX
  INT32                 0000ffd0   00000002  00000002  00000000  RWIX
  INT33                 0000ffd2   00000002  00000002  00000000  RWIX
  INT34                 0000ffd4   00000002  00000002  00000000  RWIX
  INT35                 0000ffd6   00000002  00000002  00000000  RWIX
  INT36                 0000ffd8   00000002  00000002  00000000  RWIX
  INT37                 0000ffda   00000002  00000002  00000000  RWIX
  INT38                 0000ffdc   00000002  00000002  00000000  RWIX
  INT39                 0000ffde   00000002  00000002  00000000  RWIX
  INT40                 0000ffe0   00000002  00000002  00000000  RWIX
  INT41                 0000ffe2   00000002  00000002  00000000  RWIX
  INT42                 0000ffe4   00000002  00000002  00000000  RWIX
  INT43                 0000ffe6   00000002  00000002  00000000  RWIX
  INT44                 0000ffe8   00000002  00000002  00000000  RWIX
  INT45                 0000ffea   00000002  00000002  00000000  RWIX
  INT46                 0000ffec   00000002  00000002  00000000  RWIX
  INT47                 0000ffee   00000002  00000002  00000000  RWIX
  INT48                 0000fff0   00000002  00000002  00000000  RWIX
  INT49                 0000fff2   00000002  00000002  00000000  RWIX
  INT50                 0000fff4   00000002  00000002  00000000  RWIX
  INT51                 0000fff6   00000002  00000002  00000000  RWIX
  INT52                 0000fff8   00000002  00000002  00000000  RWIX
  INT53                 0000fffa   00000002  00000002  00000000  RWIX
  INT54                 0000fffc   00000002  00000002  00000000  RWIX
  RESET                 0000fffe   00000002  00000002  00000000  RWIX
  FRAM2                 00010000   00014000  0000729c  0000cd64  RWIX


SECTION ALLOCATION MAP

 output                                  attributes/
section   page    origin      length       input sections
--------  ----  ----------  ----------   ----------------
.TI.persistent 
*          0    00004400    00000000     UNINITIALIZED

.cio       0    00004400    00000000     UNINITIALIZED

.sysmem    0    00004400    00000000     UNINITIALIZED

.ipestruct 
*          0    00004400    00000000     UNINITIALIZED

.ipe       0    00004400    00000000     UNINITIALIZED

.ipe_const 
*          0    00004400    00000000     UNINITIALIZED

.ipe:_isr 
*          0    00004400    00000000     UNINITIALIZED

.ipe_vars 
*          0    00004400    00000000     UNINITIALIZED

.cinit     0    00004c2e    0000003e     
                  00004c2e    0000001a     (.cinit..data.load) [load image, compression = rle]
                  00004c48    0000000b     (.cinit..bss.load) [load image, compression = rle]
                  00004c53    00000001     --HOLE-- [fill = 0]
                  00004c54    00000008     (__TI_handler_table)
                  00004c5c    00000010     (__TI_cinit_table)

.binit     0    00004400    00000000     

.init_array 
*          0    00004400    00000000     UNINITIALIZED

.text:_isr 
*          0    00004400    0000004e     
                  00004400    0000001e     rts430x_lc_rd_eabi.lib : boot_special.obj (.text:_isr:_c_int00_noargs_noexit_mpu)
                  0000441e    0000001a     board.obj (.text:_isr:Port2_ISR)
                  00004438    0000000a     cli_uart.obj (.text:_isr:UART_ISR)
                  00004442    00000008     rts430x_lc_rd_eabi.lib : isr_trap.obj (.text:_isr:__TI_ISR_TRAP)
                  0000444a    00000004     board.obj (.text:_isr:Trap_ISR)

.bss       0    00001c00    0000016d     UNINITIALIZED
                  00001c00    0000014a     driver.obj (.bss:g_StatMem)
                  00001d4a    00000020     (.common:g_SSID)
                  00001d6a    00000001     (.common:IntIsMasked)
                  00001d6b    00000001     (.common:RxIrqCnt)
                  00001d6c    00000001     (.common:g_bDeviceRestartIsRequired)

.data      0    00001d6e    00000066     UNINITIALIZED
                  00001d6e    00000032     nonos.obj (.data:g__SlNonOsCB)
                  00001da0    00000014     simple_link_func.obj (.data)
                  00001db4    00000010     main.obj (.data)
                  00001dc4    00000009     driver.obj (.data)
                  00001dcd    00000001     --HOLE--
                  00001dce    00000004     board.obj (.data)
                  00001dd2    00000002     rts430x_lc_rd_eabi.lib : errno.obj (.data)

.stack     0    00002360    000000a0     UNINITIALIZED
                  00002360    00000004     rts430x_lc_rd_eabi.lib : boot.obj (.stack)
                  00002364    0000009c     --HOLE--

$fill000   0    0000ff80    00000004     
                  0000ff80    00000004     --HOLE-- [fill = ffff]

$fill001   0    0000ff84    00000004     
                  0000ff84    00000004     --HOLE-- [fill = ffff]

$fill002   0    0000ff88    00000008     
                  0000ff88    00000008     --HOLE-- [fill = ffff]

AES256     0    0000ffc6    00000002     
                  0000ffc6    00000002     rts430x_lc_rd_eabi.lib : int27.obj (.int27)

RTC        0    0000ffc8    00000002     
                  0000ffc8    00000002     board.obj (.int28)

LCD_C      0    0000ffca    00000002     
                  0000ffca    00000002     rts430x_lc_rd_eabi.lib : int29.obj (.int29)

PORT4      0    0000ffcc    00000002     
                  0000ffcc    00000002     rts430x_lc_rd_eabi.lib : int30.obj (.int30)

PORT3      0    0000ffce    00000002     
                  0000ffce    00000002     rts430x_lc_rd_eabi.lib : int31.obj (.int31)

TIMER3_A1 
*          0    0000ffd0    00000002     
                  0000ffd0    00000002     rts430x_lc_rd_eabi.lib : int32.obj (.int32)

TIMER3_A0 
*          0    0000ffd2    00000002     
                  0000ffd2    00000002     rts430x_lc_rd_eabi.lib : int33.obj (.int33)

PORT2      0    0000ffd4    00000002     
                  0000ffd4    00000002     board.obj (.int34)

TIMER2_A1 
*          0    0000ffd6    00000002     
                  0000ffd6    00000002     board.obj (.int35)

TIMER2_A0 
*          0    0000ffd8    00000002     
                  0000ffd8    00000002     board.obj (.int36)

PORT1      0    0000ffda    00000002     
                  0000ffda    00000002     rts430x_lc_rd_eabi.lib : int37.obj (.int37)

TIMER1_A1 
*          0    0000ffdc    00000002     
                  0000ffdc    00000002     board.obj (.int38)

TIMER1_A0 
*          0    0000ffde    00000002     
                  0000ffde    00000002     board.obj (.int39)

DMA        0    0000ffe0    00000002     
                  0000ffe0    00000002     board.obj (.int40)

USCI_B1    0    0000ffe2    00000002     
                  0000ffe2    00000002     rts430x_lc_rd_eabi.lib : int41.obj (.int41)

USCI_A1    0    0000ffe4    00000002     
                  0000ffe4    00000002     cli_uart.obj (.int42)

TIMER0_A1 
*          0    0000ffe6    00000002     
                  0000ffe6    00000002     board.obj (.int43)

TIMER0_A0 
*          0    0000ffe8    00000002     
                  0000ffe8    00000002     board.obj (.int44)

ADC12      0    0000ffea    00000002     
                  0000ffea    00000002     board.obj (.int45)

USCI_B0    0    0000ffec    00000002     
                  0000ffec    00000002     board.obj (.int46)

USCI_A0    0    0000ffee    00000002     
                  0000ffee    00000002     board.obj (.int47)

ESCAN_IF   0    0000fff0    00000002     
                  0000fff0    00000002     rts430x_lc_rd_eabi.lib : int48.obj (.int48)

WDT        0    0000fff2    00000002     
                  0000fff2    00000002     board.obj (.int49)

TIMER0_B1 
*          0    0000fff4    00000002     
                  0000fff4    00000002     board.obj (.int50)

TIMER0_B0 
*          0    0000fff6    00000002     
                  0000fff6    00000002     board.obj (.int51)

COMP_E     0    0000fff8    00000002     
                  0000fff8    00000002     rts430x_lc_rd_eabi.lib : int52.obj (.int52)

UNMI       0    0000fffa    00000002     
                  0000fffa    00000002     board.obj (.int53)

SYSNMI     0    0000fffc    00000002     
                  0000fffc    00000002     board.obj (.int54)

.reset     0    0000fffe    00000002     
                  0000fffe    00000002     rts430x_lc_rd_eabi.lib : boot.obj (.reset)

.const     0    0000444e    000007e0     
                  0000444e    0000029c     simple_link_func.obj (.const:.string)
                  000046ea    00000262     main.obj (.const:.string)
                  0000494c    00000101     rts430x_lc_rd_eabi.lib : ctype.obj (.const:.string:_ctypes_)
                  00004a4d    00000001     --HOLE-- [fill = 0]
                  00004a4e    0000003c     driver.obj (.const:OpcodeTranslateTable)
                  00004a8a    00000038     driver.obj (.const:_SlActionLookupTable)
                  00004ac2    00000034     uartstdio.obj (.const:.string)
                  00004af6    0000002c     simple_link_func.obj (.const:$P$T0$1)
                  00004b22    0000002a     sensors.obj (.const:.string)
                  00004b4c    00000026     rts430x_lc_rd_eabi.lib : _printfi.obj (.const:.string)
                  00004b72    00000020     driver.obj (.const:RxMsgClassLUT)
                  00004b92    00000014     simple_link_func.obj (.const:$P$T1$2)
                  00004ba6    00000010     socket.obj (.const:.string:_SlPayloadByProtocolLUT)
                  00004bb6    00000010     device.obj (.const:StartResponseLUT)
                  00004bc6    00000008     main.obj (.const:$P$T0$1)
                  00004bce    00000008     driver.obj (.const:g_H2NCnysPattern)
                  00004bd6    00000008     driver.obj (.const:g_H2NSyncPattern)
                  00004bde    00000008     uartstdio.obj (.const)
                  00004be6    00000004     cli_uart.obj (.const:.string)
                  00004bea    00000004     socket.obj (.const:_SlAcceptCmdCtrl)
                  00004bee    00000004     device.obj (.const:_SlDeviceGetCmdCtrl)
                  00004bf2    00000004     socket.obj (.const:_SlListenCmdCtrl)
                  00004bf6    00000004     netapp.obj (.const:_SlNetAppSendTokenValueCmdCtrl)
                  00004bfa    00000004     netapp.obj (.const:_SlNetAppStopCtrl)
                  00004bfe    00000004     netcfg.obj (.const:_SlNetCfgSetCmdCtrl)
                  00004c02    00000004     wlan.obj (.const:_SlPolicySetCmdCtrl)
                  00004c06    00000004     wlan.obj (.const:_SlProfileDelCmdCtrl)
                  00004c0a    00000004     socket.obj (.const:_SlRecvCmdCtrl)
                  00004c0e    00000004     netapp.obj (.const:_SlRegisterServiceCtrl)
                  00004c12    00000004     wlan.obj (.const:_SlRxFilterSetCmdCtrl)
                  00004c16    00000004     socket.obj (.const:_SlSendCmdCtrl)
                  00004c1a    00000004     socket.obj (.const:_SlSockCloseCmdCtrl)
                  00004c1e    00000004     socket.obj (.const:_SlSockSocketCmdCtrl)
                  00004c22    00000004     device.obj (.const:_SlStopCmdCtrl)
                  00004c26    00000004     wlan.obj (.const:_SlWlanCfgSetCmdCtrl)
                  00004c2a    00000004     wlan.obj (.const:_SlWlanSetModeCmdCtrl)

.text      0    00010000    0000729c     
                  00010000    000004c0     driver.obj (.text:_SlDrvMsgRead)
                  000104c0    00000486     rts430x_lc_rd_eabi.lib : frcdivd.obj (.text:__TI_frcdivd)
                  00010946    000003be     uartstdio.obj (.text:UARTprintf)
                  00010d04    00000372     rts430x_lc_rd_eabi.lib : div64u.obj (.text:__mspabi_divull)
                  00011076    000002e4                            : frcmpyd.obj (.text:__TI_frcmpyd)
                  0001135a    000002d8                            : addd.obj (.text:__mspabi_addd)
                  00011632    00000282                            : mpyd.obj (.text:__mspabi_mpyd)
                  000118b4    00000262                            : _printfi.obj (.text:_setfield)
                  00011b16    00000252                            : frcaddd.obj (.text:__TI_frcaddd)
                  00011d68    00000248                            : _printfi.obj (.text:_pproc_fgea)
                  00011fb0    0000023c                            : _printfi.obj (.text:__TI_printfi)
                  000121ec    00000224                            : _printfi.obj (.text:acvt)
                  00012410    00000222                            : divd.obj (.text:__mspabi_divd)
                  00012632    00000218                            : _printfi.obj (.text:ecvt)
                  0001284a    00000216     wlan.obj (.text:sl_WlanConnect)
                  00012a60    0000020e     driver.obj (.text:_SlDrvReleasePoolObj)
                  00012c6e    00000202     rts430x_lc_rd_eabi.lib : _printfi.obj (.text:fcvt)
                  00012e70    000001f6     driver.obj (.text:_SlDrvRxHdrRead)
                  00013066    000001ec     simple_link_func.obj (.text:configureSimpleLinkToDefaultState)
                  00013252    000001b6     driver.obj (.text:_SlDrvDataReadOp)
                  00013408    000001a4     rts430x_lc_rd_eabi.lib : _printfi.obj (.text:_pconv_e)
                  000135ac    000001a0     main.obj (.text:main)
                  0001374c    000001a0     rts430x_lc_rd_eabi.lib : s_scalbn.obj (.text:scalbn)
                  000138ec    00000194     driver.obj (.text:_SlDrvDriverCBInit)
                  00013a80    0000018e     driver.obj (.text:_SlDrvWaitForPoolObj)
                  00013c0e    00000188     rts430x_lc_rd_eabi.lib : _printfi.obj (.text:_getarg_diouxp)
                  00013d96    00000174     driver.obj (.text:_SlDrvMsgWrite)
                  00013f0a    0000016e     rts430x_lc_rd_eabi.lib : _printfi.obj (.text:_pconv_a)
                  00014078    00000168     socket.obj (.text:sl_Accept)
                  000141e0    00000150     driver.obj (.text:_SlFindAndSetActiveObj)
                  00014330    00000148     rts430x_lc_rd_eabi.lib : _printfi.obj (.text:_pproc_diouxp)
                  00014478    00000128                            : _printfi.obj (.text:_ltostr)
                  000145a0    00000124     driver.obj (.text:_SlDrvDataWriteOp)
                  000146c4    000000fc     simple_link_func.obj (.text:SimpleLinkNetAppEventHandler)
                  000147c0    000000fc     rts430x_lc_rd_eabi.lib : _printfi.obj (.text:_pconv_g)
                  000148bc    000000fa                            : _printfi.obj (.text:_pproc_fwp)
                  000149b6    000000f2     netapp.obj (.text:_SlDrvNetAppEventHandler)
                  00014aa8    000000f0     driver.obj (.text:_SlDrvMsgReadCmdCtx)
                  00014b98    000000dc     simple_link_func.obj (.text:SimpleLinkWlanEventHandler)
                  00014c74    000000d8     rts430x_lc_rd_eabi.lib : cmpd.obj (.text:__mspabi_cmpd)
                  00014d4c    000000cc     driver.obj (.text:_SlDrvDriverCBDeinit)
                  00014e18    000000cc     netapp.obj (.text:sl_NetAppMDNSRegisterUnregisterService)
                  00014ee4    000000ca     socket.obj (.text:sl_Send)
                  00014fae    000000ca     device.obj (.text:sl_Start)
                  00015078    000000c2     sensors.obj (.text:init_sensors)
                  0001513a    000000bc     driver.obj (.text:_SlRemoveFromList)
                  000151f6    000000ba     netapp.obj (.text:_sl_HandleAsync_DnsGetHostByService)
                  000152b0    000000b2     rts430x_lc_rd_eabi.lib : renormd.obj (.text:__TI_renormd)
                  00015362    000000b2                            : s_frexp.obj (.text:frexp)
                  00015414    000000ac     device.obj (.text:sl_Stop)
                  000154c0    000000aa     netapp.obj (.text:_sl_HandleAsync_DnsGetHostByName)
                  0001556a    000000aa     device.obj (.text:sl_DevGet)
                  00015614    000000a8     driver.obj (.text:_SlDrvCmdOp)
                  000156bc    000000a6     rts430x_lc_rd_eabi.lib : _printfi.obj (.text:_pproc_str)
                  00015762    000000a2     spi.obj (.text:spi_Open)
                  00015804    000000a0     netapp.obj (.text:_sl_HandleAsync_PingResponse)
                  000158a4    0000009e     rts430x_lc_rd_eabi.lib : fltlid.obj (.text:__mspabi_fltlid)
                  00015942    00000098     driver.obj (.text:_SlDriverHandleError)
                  000159da    00000096     driver.obj (.text:_SlAsyncEventGenericHandler)
                  00015a70    00000094     rts430x_lc_rd_eabi.lib : _printfi.obj (.text:_ecpy)
                  00015b04    00000094     device.obj (.text:_sl_HandleAsync_InitComplete)
                  00015b98    00000092     socket.obj (.text:_sl_HandleAsync_Connect)
                  00015c2a    00000090     rts430x_lc_rd_eabi.lib : _printfi.obj (.text:_mcpy)
                  00015cba    00000082     driver.obj (.text:_SlDrvMsgReadSpawnCtx)
                  00015d3c    00000082     rts430x_lc_rd_eabi.lib : autoinit_wdt.obj (.text:_auto_init_hold_wdt)
                  00015dbe    00000080     device.obj (.text:_SlDrvDeviceEventHandler)
                  00015e3e    00000080     rts430x_lc_rd_eabi.lib : ltoa.obj (.text:ltoa)
                  00015ebe    0000007a     netcfg.obj (.text:sl_NetCfgSet)
                  00015f38    00000078     rts430x_lc_rd_eabi.lib : _printfi.obj (.text:_pconv_f)
                  00015fb0    00000076     socket.obj (.text:sl_Bind)
                  00016026    00000074     driver.obj (.text:_SlDrvClassifyRxMsg)
                  0001609a    00000074     socket.obj (.text:_sl_HandleAsync_Accept)
                  0001610e    0000006a     nonos.obj (.text:_SlNonOsSemGet)
                  00016178    00000068     rts430x_lc_rd_eabi.lib : copy_decompress_rle.obj (.text:__TI_decompress_rle_core)
                  000161e0    00000066                            : fixdli.obj (.text:__mspabi_fixdli)
                  00016246    00000066                            : cpy_tbl.obj (.text:copy_in)
                  000162ac    00000062     driver.obj (.text:_SlDrvCmdSend)
                  0001630e    00000062     rts430x_lc_rd_eabi.lib : atoi.obj (.text:atoi)
                  00016370    00000060     socket.obj (.text:sl_Recv)
                  000163d0    00000060     wlan.obj (.text:sl_WlanSet)
                  00016430    0000005e     socket.obj (.text:_sl_HandleAsync_Select)
                  0001648e    0000005c     device.obj (.text:_sl_HandleAsync_Stop)
                  000164ea    0000005a     netapp.obj (.text:_sl_NetAppSendTokenValue)
                  00016544    00000058     rts430x_lc_rd_eabi.lib : div32u.obj (.text)
                  0001659c    00000058     wlan.obj (.text:sl_WlanPolicySet)
                  000165f4    00000050     uartstdio.obj (.text:UARTwrite)
                  00016644    00000050     wlan.obj (.text:sl_WlanRxFilterSet)
                  00016694    0000004e     rts430x_lc_rd_eabi.lib : _printfi.obj (.text:_fcpy)
                  000166e2    0000004c     nonos.obj (.text:_SlNonOsMainLoopTask)
                  0001672e    00000046     driver.obj (.text:_SlDrvSyncObjWaitTimeout)
                  00016774    00000044     nonos.obj (.text:_SlNonOsSpawn)
                  000167b8    00000044     socket.obj (.text:_sl_BuildAddress)
                  000167fc    00000044     rts430x_lc_rd_eabi.lib : sprintf.obj (.text:sprintf)
                  00016840    00000040     simple_link_func.obj (.text:SimpleLinkSockEventHandler)
                  00016880    00000040     rts430x_lc_rd_eabi.lib : div32s.obj (.text)
                  000168c0    00000040     socket.obj (.text:sl_Socket)
                  00016900    0000003e     rts430x_lc_rd_eabi.lib : asr32.obj (.text:l_asr_const)
                  0001693e    0000003e                            : lsl32.obj (.text:l_lsl_const)
                  0001697c    0000003e                            : lsr32.obj (.text:l_lsr_const)
                  000169ba    0000003e     spi.obj (.text:spi_Read)
                  000169f8    0000003c     driver.obj (.text:_SlDrvProtectAsyncRespSetting)
                  00016a34    0000003c     driver.obj (.text:_SlDrvRxIrqHandler)
                  00016a70    0000003c     uart.obj (.text:initUART)
                  00016aac    0000003a     rts430x_lc_rd_eabi.lib : lsl64.obj (.text:__mspabi_sllll)
                  00016ae6    0000003a                            : lsr64.obj (.text:__mspabi_srlll)
                  00016b20    0000003a     netapp.obj (.text:sl_NetAppMDNSUnRegisterService)
                  00016b5a    00000038     netapp.obj (.text:CopyPingResultsToReport)
                  00016b92    00000038     driver.obj (.text:_SlDrvBasicCmd)
                  00016bca    00000038     sensors.obj (.text:sensors_get_data)
                  00016c02    00000036     leds.obj (.text:blink_led)
                  00016c38    00000034     leds.obj (.text:soft_delay)
                  00016c6c    00000032     rts430x_lc_rd_eabi.lib : subd.obj (.text:__mspabi_subd)
                  00016c9e    00000032     leds.obj (.text:init_leds)
                  00016cd0    00000032     spi.obj (.text:spi_Write)
                  00016d02    00000030     socket.obj (.text:sl_Listen)
                  00016d32    00000030     netapp.obj (.text:sl_NetAppStop)
                  00016d62    0000002e     driver.obj (.text:_SlDrvObjGlobalLockWaitForever)
                  00016d90    0000002e     rts430x_lc_rd_eabi.lib : negd.obj (.text:__mspabi_negd)
                  00016dbe    0000002e                            : s_copysign.obj (.text:copysign)
                  00016dec    0000002e     leds.obj (.text:set_led)
                  00016e1a    0000002c     socket.obj (.text:sl_Close)
                  00016e46    0000002c     socket.obj (.text:sl_Htons)
                  00016e72    0000002c     wlan.obj (.text:sl_WlanProfileDel)
                  00016e9e    0000002c     wlan.obj (.text:sl_WlanSetMode)
                  00016eca    0000002a     driver.obj (.text:_SlDrvProtectionObjLockWaitForever)
                  00016ef4    00000028     driver.obj (.text:_SlDrvSyncObjWaitForever)
                  00016f1c    00000028     MSPMPU_INIT_LIB_CCS_msp430_large_code_restricted_data.lib : mpu_init.o (.text:__mpu_init)
                  00016f44    00000028     rts430x_lc_rd_eabi.lib : fixdi.obj (.text:__mspabi_fixdi)
                  00016f6c    00000026     cli_uart.obj (.text:CLI_Write)
                  00016f92    00000024     rts430x_lc_rd_eabi.lib : mult32_f5hw.obj (.text)
                  00016fb6    00000022     board.obj (.text:initClk)
                  00016fd8    00000020     board.obj (.text:Delay)
                  00016ff8    00000020     driver.obj (.text:_SlDrvObjLockWaitForever)
                  00017018    00000020     rts430x_lc_rd_eabi.lib : sprintf.obj (.text:_outs)
                  00017038    0000001e                            : memccpy.obj (.text:memccpy)
                  00017056    0000001c     socket.obj (.text:_sl_TruncatePayloadByProtocol)
                  00017072    0000001c     rts430x_lc_rd_eabi.lib : strchr.obj (.text:strchr)
                  0001708e    0000001a     driver.obj (.text:_SlDrvProtectionObjUnLock)
                  000170a8    00000018     driver.obj (.text:_SlDrvGlobalObjUnLock)
                  000170c0    00000018     rts430x_lc_rd_eabi.lib : mult16_f5hw.obj (.text)
                  000170d8    00000016                            : memset.obj (.text:memset)
                  000170ee    00000016                            : div16u.obj (.text)
                  00017104    00000016     wlan.obj (.text:sl_WlanDisconnect)
                  0001711a    00000014     rts430x_lc_rd_eabi.lib : sprintf.obj (.text:_outc)
                  0001712e    00000014                            : memcpy.obj (.text:memcpy)
                  00017142    00000012                            : copy_decompress_none.obj (.text:decompress:none:__TI_decompress_none)
                  00017154    00000012                            : strcpy.obj (.text:strcpy)
                  00017166    00000012                            : toupper.obj (.text:toupper)
                  00017178    00000010     driver.obj (.text:_SlDrvObjUnLock)
                  00017188    00000010     driver.obj (.text:_SlDrvSyncObjSignal)
                  00017198    00000010     rts430x_lc_rd_eabi.lib : asr32.obj (.text:l_asr)
                  000171a8    00000010                            : lsl32.obj (.text:l_lsl)
                  000171b8    00000010                            : lsr32.obj (.text:l_lsr)
                  000171c8    0000000e     board.obj (.text:CC3100_InterruptEnable)
                  000171d6    0000000e     uart.obj (.text:UARTCharPut)
                  000171e4    0000000e     device.obj (.text:_sl_GetStartResponseConvert)
                  000171f2    0000000e     rts430x_lc_rd_eabi.lib : strlen.obj (.text:strlen)
                  00017200    0000000c                            : fltid.obj (.text:__mspabi_fltid)
                  0001720c    0000000a     board.obj (.text:CC3100_InterruptDisable)
                  00017216    0000000a     simple_link_func.obj (.text:SimpleLinkGeneralEventHandler)
                  00017220    0000000a     simple_link_func.obj (.text:SimpleLinkHttpServerCallback)
                  0001722a    0000000a     driver.obj (.text:_SlDrvMemZero)
                  00017234    0000000a     driver.obj (.text:_SlDrvResetCmdExt)
                  0001723e    0000000a     rts430x_lc_rd_eabi.lib : abs.obj (.text:abs)
                  00017248    0000000a                            : lsl16.obj (.text)
                  00017252    00000008     nonos.obj (.text:_SlNonOsSemSet)
                  0001725a    00000008     board.obj (.text:registerInterruptHandler)
                  00017262    00000008     spi.obj (.text:spi_Close)
                  0001726a    00000008     board.obj (.text:stopWDT)
                  00017272    00000006     board.obj (.text:CC3100_disable)
                  00017278    00000006     board.obj (.text:CC3100_enable)
                  0001727e    00000006     board.obj (.text:MaskIntHdlr)
                  00017284    00000006     board.obj (.text:UnMaskIntHdlr)
                  0001728a    00000006     rts430x_lc_rd_eabi.lib : exit.obj (.text:abort)
                  00017290    00000006                            : copy_decompress_rle.obj (.text:decompress:rle24:__TI_decompress_rle24)
                  00017296    00000004                            : pre_init.obj (.text:_system_pre_init)
                  0001729a    00000002                            : startup.obj (.text:_system_post_cinit)

MODULE SUMMARY

       Module                     code    ro data   rw data
       ------                     ----    -------   -------
    ./
       simple_link_func.obj       1048    732       52     
       uartstdio.obj              1038    60        0      
       main.obj                   416     618       16     
       sensors.obj                250     42        0      
       spi.obj                    282     0         0      
       leds.obj                   202     0         0      
       board.obj                  160     34        5      
       uart.obj                   74      0         0      
       cli_uart.obj               48      6         0      
    +--+--------------------------+-------+---------+---------+
       Total:                     3518    1492      73     
                                                           
    ./simplelink/source/
       driver.obj                 6438    164       341    
       socket.obj                 1428    40        0      
       netapp.obj                 1214    12        0      
       device.obj                 926     24        0      
       wlan.obj                   908     20        0      
       nonos.obj                  258     0         50     
       netcfg.obj                 122     4         0      
    +--+--------------------------+-------+---------+---------+
       Total:                     11294   264       391    
                                                           
    /home/lab1362-01/programs/ti/ccsv6/ccs_base/msp430/lib/FR59xx/MSPMPU_INIT_LIB_CCS_msp430_large_code_restricted_data.lib
       mpu_init.o                 40      0         0      
    +--+--------------------------+-------+---------+---------+
       Total:                     40      0         0      
                                                           
    /home/lab1362-01/programs/ti/ccsv6/tools/compiler/ti-cgt-msp430_15.12.1.LTS/lib/rts430x_lc_rd_eabi.lib
       _printfi.obj               6324    38        0      
       frcdivd.obj                1158    0         0      
       div64u.obj                 882     0         0      
       frcmpyd.obj                740     0         0      
       addd.obj                   728     0         0      
       mpyd.obj                   642     0         0      
       frcaddd.obj                594     0         0      
       divd.obj                   546     0         0      
       s_scalbn.obj               416     0         0      
       ctype.obj                  0       257       0      
       cmpd.obj                   216     0         0      
       renormd.obj                178     0         0      
       s_frexp.obj                178     0         0      
       fltlid.obj                 158     0         0      
       autoinit_wdt.obj           130     0         0      
       ltoa.obj                   128     0         0      
       sprintf.obj                120     0         0      
       copy_decompress_rle.obj    110     0         0      
       cpy_tbl.obj                102     0         0      
       fixdli.obj                 102     0         0      
       atoi.obj                   98      0         0      
       div32u.obj                 88      0         0      
       asr32.obj                  78      0         0      
       lsl32.obj                  78      0         0      
       lsr32.obj                  78      0         0      
       div32s.obj                 64      0         0      
       lsl64.obj                  58      0         0      
       lsr64.obj                  58      0         0      
       subd.obj                   50      0         0      
       negd.obj                   46      0         0      
       s_copysign.obj             46      0         0      
       fixdi.obj                  40      0         0      
       mult32_f5hw.obj            36      0         0      
       boot_special.obj           30      0         0      
       memccpy.obj                30      0         0      
       strchr.obj                 28      0         0      
       mult16_f5hw.obj            24      0         0      
       div16u.obj                 22      0         0      
       memset.obj                 22      0         0      
       memcpy.obj                 20      0         0      
       copy_decompress_none.obj   18      0         0      
       strcpy.obj                 18      0         0      
       toupper.obj                18      0         0      
       strlen.obj                 14      0         0      
       fltid.obj                  12      0         0      
       abs.obj                    10      0         0      
       lsl16.obj                  10      0         0      
       isr_trap.obj               8       0         0      
       exit.obj                   6       0         0      
       pre_init.obj               4       0         0      
       boot.obj                   0       2         0      
       errno.obj                  0       0         2      
       int27.obj                  0       2         0      
       int29.obj                  0       2         0      
       int30.obj                  0       2         0      
       int31.obj                  0       2         0      
       int32.obj                  0       2         0      
       int33.obj                  0       2         0      
       int37.obj                  0       2         0      
       int41.obj                  0       2         0      
       int48.obj                  0       2         0      
       int52.obj                  0       2         0      
       startup.obj                2       0         0      
    +--+--------------------------+-------+---------+---------+
       Total:                     14566   317       2      
                                                           
       Stack:                     0       0         160    
       Linker Generated:          0       61        0      
    +--+--------------------------+-------+---------+---------+
       Grand Total:               29418   2134      626    


LINKER GENERATED COPY TABLES

__TI_cinit_table @ 00004c5c records: 2, size/record: 8, table size: 16
	.data: load addr=00004c2e, load size=0000001a bytes, run addr=00001d6e, run size=00000066 bytes, compression=rle
	.bss: load addr=00004c48, load size=0000000b bytes, run addr=00001c00, run size=0000016d bytes, compression=rle


LINKER GENERATED HANDLER TABLE

__TI_handler_table @ 00004c54 records: 2, size/record: 4, table size: 8
	index: 0, handler: __TI_decompress_rle24
	index: 1, handler: __TI_decompress_none


GLOBAL SYMBOLS: SORTED ALPHABETICALLY BY Name 

address   name                                  
-------   ----                                  
00000800  ADC12CTL0                             
00000801  ADC12CTL0_H                           
00000800  ADC12CTL0_L                           
00000802  ADC12CTL1                             
00000803  ADC12CTL1_H                           
00000802  ADC12CTL1_L                           
00000804  ADC12CTL2                             
00000805  ADC12CTL2_H                           
00000804  ADC12CTL2_L                           
00000806  ADC12CTL3                             
00000807  ADC12CTL3_H                           
00000806  ADC12CTL3_L                           
0000080a  ADC12HI                               
0000080b  ADC12HI_H                             
0000080a  ADC12HI_L                             
00000812  ADC12IER0                             
00000813  ADC12IER0_H                           
00000812  ADC12IER0_L                           
00000814  ADC12IER1                             
00000815  ADC12IER1_H                           
00000814  ADC12IER1_L                           
00000816  ADC12IER2                             
00000817  ADC12IER2_H                           
00000816  ADC12IER2_L                           
0000080c  ADC12IFGR0                            
0000080d  ADC12IFGR0_H                          
0000080c  ADC12IFGR0_L                          
0000080e  ADC12IFGR1                            
0000080f  ADC12IFGR1_H                          
0000080e  ADC12IFGR1_L                          
00000810  ADC12IFGR2                            
00000811  ADC12IFGR2_H                          
00000810  ADC12IFGR2_L                          
00000818  ADC12IV                               
00000819  ADC12IV_H                             
00000818  ADC12IV_L                             
00000808  ADC12LO                               
00000809  ADC12LO_H                             
00000808  ADC12LO_L                             
00000820  ADC12MCTL0                            
00000821  ADC12MCTL0_H                          
00000820  ADC12MCTL0_L                          
00000822  ADC12MCTL1                            
00000834  ADC12MCTL10                           
00000835  ADC12MCTL10_H                         
00000834  ADC12MCTL10_L                         
00000836  ADC12MCTL11                           
00000837  ADC12MCTL11_H                         
00000836  ADC12MCTL11_L                         
00000838  ADC12MCTL12                           
00000839  ADC12MCTL12_H                         
00000838  ADC12MCTL12_L                         
0000083a  ADC12MCTL13                           
0000083b  ADC12MCTL13_H                         
0000083a  ADC12MCTL13_L                         
0000083c  ADC12MCTL14                           
0000083d  ADC12MCTL14_H                         
0000083c  ADC12MCTL14_L                         
0000083e  ADC12MCTL15                           
0000083f  ADC12MCTL15_H                         
0000083e  ADC12MCTL15_L                         
00000840  ADC12MCTL16                           
00000841  ADC12MCTL16_H                         
00000840  ADC12MCTL16_L                         
00000842  ADC12MCTL17                           
00000843  ADC12MCTL17_H                         
00000842  ADC12MCTL17_L                         
00000844  ADC12MCTL18                           
00000845  ADC12MCTL18_H                         
00000844  ADC12MCTL18_L                         
00000846  ADC12MCTL19                           
00000847  ADC12MCTL19_H                         
00000846  ADC12MCTL19_L                         
00000823  ADC12MCTL1_H                          
00000822  ADC12MCTL1_L                          
00000824  ADC12MCTL2                            
00000848  ADC12MCTL20                           
00000849  ADC12MCTL20_H                         
00000848  ADC12MCTL20_L                         
0000084a  ADC12MCTL21                           
0000084b  ADC12MCTL21_H                         
0000084a  ADC12MCTL21_L                         
0000084c  ADC12MCTL22                           
0000084d  ADC12MCTL22_H                         
0000084c  ADC12MCTL22_L                         
0000084e  ADC12MCTL23                           
0000084f  ADC12MCTL23_H                         
0000084e  ADC12MCTL23_L                         
00000850  ADC12MCTL24                           
00000851  ADC12MCTL24_H                         
00000850  ADC12MCTL24_L                         
00000852  ADC12MCTL25                           
00000853  ADC12MCTL25_H                         
00000852  ADC12MCTL25_L                         
00000854  ADC12MCTL26                           
00000855  ADC12MCTL26_H                         
00000854  ADC12MCTL26_L                         
00000856  ADC12MCTL27                           
00000857  ADC12MCTL27_H                         
00000856  ADC12MCTL27_L                         
00000858  ADC12MCTL28                           
00000859  ADC12MCTL28_H                         
00000858  ADC12MCTL28_L                         
0000085a  ADC12MCTL29                           
0000085b  ADC12MCTL29_H                         
0000085a  ADC12MCTL29_L                         
00000825  ADC12MCTL2_H                          
00000824  ADC12MCTL2_L                          
00000826  ADC12MCTL3                            
0000085c  ADC12MCTL30                           
0000085d  ADC12MCTL30_H                         
0000085c  ADC12MCTL30_L                         
0000085e  ADC12MCTL31                           
0000085f  ADC12MCTL31_H                         
0000085e  ADC12MCTL31_L                         
00000827  ADC12MCTL3_H                          
00000826  ADC12MCTL3_L                          
00000828  ADC12MCTL4                            
00000829  ADC12MCTL4_H                          
00000828  ADC12MCTL4_L                          
0000082a  ADC12MCTL5                            
0000082b  ADC12MCTL5_H                          
0000082a  ADC12MCTL5_L                          
0000082c  ADC12MCTL6                            
0000082d  ADC12MCTL6_H                          
0000082c  ADC12MCTL6_L                          
0000082e  ADC12MCTL7                            
0000082f  ADC12MCTL7_H                          
0000082e  ADC12MCTL7_L                          
00000830  ADC12MCTL8                            
00000831  ADC12MCTL8_H                          
00000830  ADC12MCTL8_L                          
00000832  ADC12MCTL9                            
00000833  ADC12MCTL9_H                          
00000832  ADC12MCTL9_L                          
00000860  ADC12MEM0                             
00000861  ADC12MEM0_H                           
00000860  ADC12MEM0_L                           
00000862  ADC12MEM1                             
00000874  ADC12MEM10                            
00000875  ADC12MEM10_H                          
00000874  ADC12MEM10_L                          
00000876  ADC12MEM11                            
00000877  ADC12MEM11_H                          
00000876  ADC12MEM11_L                          
00000878  ADC12MEM12                            
00000879  ADC12MEM12_H                          
00000878  ADC12MEM12_L                          
0000087a  ADC12MEM13                            
0000087b  ADC12MEM13_H                          
0000087a  ADC12MEM13_L                          
0000087c  ADC12MEM14                            
0000087d  ADC12MEM14_H                          
0000087c  ADC12MEM14_L                          
0000087e  ADC12MEM15                            
0000087f  ADC12MEM15_H                          
0000087e  ADC12MEM15_L                          
00000880  ADC12MEM16                            
00000881  ADC12MEM16_H                          
00000880  ADC12MEM16_L                          
00000882  ADC12MEM17                            
00000883  ADC12MEM17_H                          
00000882  ADC12MEM17_L                          
00000884  ADC12MEM18                            
00000885  ADC12MEM18_H                          
00000884  ADC12MEM18_L                          
00000886  ADC12MEM19                            
00000887  ADC12MEM19_H                          
00000886  ADC12MEM19_L                          
00000863  ADC12MEM1_H                           
00000862  ADC12MEM1_L                           
00000864  ADC12MEM2                             
00000888  ADC12MEM20                            
00000889  ADC12MEM20_H                          
00000888  ADC12MEM20_L                          
0000088a  ADC12MEM21                            
0000088b  ADC12MEM21_H                          
0000088a  ADC12MEM21_L                          
0000088c  ADC12MEM22                            
0000088d  ADC12MEM22_H                          
0000088c  ADC12MEM22_L                          
0000088e  ADC12MEM23                            
0000088f  ADC12MEM23_H                          
0000088e  ADC12MEM23_L                          
00000890  ADC12MEM24                            
00000891  ADC12MEM24_H                          
00000890  ADC12MEM24_L                          
00000892  ADC12MEM25                            
00000893  ADC12MEM25_H                          
00000892  ADC12MEM25_L                          
00000894  ADC12MEM26                            
00000895  ADC12MEM26_H                          
00000894  ADC12MEM26_L                          
00000896  ADC12MEM27                            
00000897  ADC12MEM27_H                          
00000896  ADC12MEM27_L                          
00000898  ADC12MEM28                            
00000899  ADC12MEM28_H                          
00000898  ADC12MEM28_L                          
0000089a  ADC12MEM29                            
0000089b  ADC12MEM29_H                          
0000089a  ADC12MEM29_L                          
00000865  ADC12MEM2_H                           
00000864  ADC12MEM2_L                           
00000866  ADC12MEM3                             
0000089c  ADC12MEM30                            
0000089d  ADC12MEM30_H                          
0000089c  ADC12MEM30_L                          
0000089e  ADC12MEM31                            
0000089f  ADC12MEM31_H                          
0000089e  ADC12MEM31_L                          
00000867  ADC12MEM3_H                           
00000866  ADC12MEM3_L                           
00000868  ADC12MEM4                             
00000869  ADC12MEM4_H                           
00000868  ADC12MEM4_L                           
0000086a  ADC12MEM5                             
0000086b  ADC12MEM5_H                           
0000086a  ADC12MEM5_L                           
0000086c  ADC12MEM6                             
0000086d  ADC12MEM6_H                           
0000086c  ADC12MEM6_L                           
0000086e  ADC12MEM7                             
0000086f  ADC12MEM7_H                           
0000086e  ADC12MEM7_L                           
00000870  ADC12MEM8                             
00000871  ADC12MEM8_H                           
00000870  ADC12MEM8_L                           
00000872  ADC12MEM9                             
00000873  ADC12MEM9_H                           
00000872  ADC12MEM9_L                           
000009c0  AESACTL0                              
000009c1  AESACTL0_H                            
000009c0  AESACTL0_L                            
000009c2  AESACTL1                              
000009c3  AESACTL1_H                            
000009c2  AESACTL1_L                            
000009c8  AESADIN                               
000009c9  AESADIN_H                             
000009c8  AESADIN_L                             
000009ca  AESADOUT                              
000009cb  AESADOUT_H                            
000009ca  AESADOUT_L                            
000009c6  AESAKEY                               
000009c7  AESAKEY_H                             
000009c6  AESAKEY_L                             
000009c4  AESASTAT                              
000009c5  AESASTAT_H                            
000009c4  AESASTAT_L                            
000009cc  AESAXDIN                              
000009cd  AESAXDIN_H                            
000009cc  AESAXDIN_L                            
000009ce  AESAXIN                               
000009cf  AESAXIN_H                             
000009ce  AESAXIN_L                             
000004be  BCD2BIN                               
000004bc  BIN2BCD                               
0001728a  C$$EXIT                               
0000043e  CAPTIO0CTL                            
0000043f  CAPTIO0CTL_H                          
0000043e  CAPTIO0CTL_L                          
0000047e  CAPTIO1CTL                            
0000047f  CAPTIO1CTL_H                          
0000047e  CAPTIO1CTL_L                          
0001720c  CC3100_InterruptDisable               
000171c8  CC3100_InterruptEnable                
00017272  CC3100_disable                        
00017278  CC3100_enable                         
000008c0  CECTL0                                
000008c1  CECTL0_H                              
000008c0  CECTL0_L                              
000008c2  CECTL1                                
000008c3  CECTL1_H                              
000008c2  CECTL1_L                              
000008c4  CECTL2                                
000008c5  CECTL2_H                              
000008c4  CECTL2_L                              
000008c6  CECTL3                                
000008c7  CECTL3_H                              
000008c6  CECTL3_L                              
000008cc  CEINT                                 
000008cd  CEINT_H                               
000008cc  CEINT_L                               
000008ce  CEIV                                  
000008cf  CEIV_H                                
000008ce  CEIV_L                                
00016f6c  CLI_Write                             
00000996  CRC16DIRBW0                           
00000997  CRC16DIRBW0_H                         
00000996  CRC16DIRBW0_L                         
00000994  CRC16DIRBW1                           
00000995  CRC16DIRBW1_H                         
00000994  CRC16DIRBW1_L                         
00000990  CRC16DIW0                             
00000991  CRC16DIW0_H                           
00000990  CRC16DIW0_L                           
00000992  CRC16DIW1                             
00000993  CRC16DIW1_H                           
00000992  CRC16DIW1_L                           
00000998  CRC16INIRESW0                         
00000999  CRC16INIRESW0_H                       
00000998  CRC16INIRESW0_L                       
0000099e  CRC16RESRW0                           
0000099f  CRC16RESRW0_H                         
0000099e  CRC16RESRW0_L                         
0000099c  CRC16RESRW1                           
0000099d  CRC16RESRW1_H                         
0000099c  CRC16RESRW1_L                         
00000986  CRC32DIRBW0                           
00000987  CRC32DIRBW0_H                         
00000986  CRC32DIRBW0_L                         
00000984  CRC32DIRBW1                           
00000985  CRC32DIRBW1_H                         
00000984  CRC32DIRBW1_L                         
00000980  CRC32DIW0                             
00000981  CRC32DIW0_H                           
00000980  CRC32DIW0_L                           
00000982  CRC32DIW1                             
00000983  CRC32DIW1_H                           
00000982  CRC32DIW1_L                           
00000988  CRC32INIRESW0                         
00000989  CRC32INIRESW0_H                       
00000988  CRC32INIRESW0_L                       
0000098a  CRC32INIRESW1                         
0000098b  CRC32INIRESW1_H                       
0000098a  CRC32INIRESW1_L                       
0000098e  CRC32RESRW0                           
0000098f  CRC32RESRW0_H                         
0000098e  CRC32RESRW0_L                         
0000098c  CRC32RESRW1                           
0000098d  CRC32RESRW1_H                         
0000098c  CRC32RESRW1_L                         
00000150  CRCDI                                 
00000152  CRCDIRB                               
00000153  CRCDIRB_H                             
00000152  CRCDIRB_L                             
00000151  CRCDI_H                               
00000150  CRCDI_L                               
00000154  CRCINIRES                             
00000155  CRCINIRES_H                           
00000154  CRCINIRES_L                           
00000156  CRCRESR                               
00000157  CRCRESR_H                             
00000156  CRCRESR_L                             
00000160  CSCTL0                                
00000161  CSCTL0_H                              
00000160  CSCTL0_L                              
00000162  CSCTL1                                
00000163  CSCTL1_H                              
00000162  CSCTL1_L                              
00000164  CSCTL2                                
00000165  CSCTL2_H                              
00000164  CSCTL2_L                              
00000166  CSCTL3                                
00000167  CSCTL3_H                              
00000166  CSCTL3_L                              
00000168  CSCTL4                                
00000169  CSCTL4_H                              
00000168  CSCTL4_L                              
0000016a  CSCTL5                                
0000016b  CSCTL5_H                              
0000016a  CSCTL5_L                              
0000016c  CSCTL6                                
0000016d  CSCTL6_H                              
0000016c  CSCTL6_L                              
00000510  DMA0CTL                               
00000511  DMA0CTL_H                             
00000510  DMA0CTL_L                             
00000516  DMA0DA                                
00000518  DMA0DAH                               
00000516  DMA0DAL                               
00000512  DMA0SA                                
00000514  DMA0SAH                               
00000512  DMA0SAL                               
0000051a  DMA0SZ                                
00000520  DMA1CTL                               
00000521  DMA1CTL_H                             
00000520  DMA1CTL_L                             
00000526  DMA1DA                                
00000528  DMA1DAH                               
00000526  DMA1DAL                               
00000522  DMA1SA                                
00000524  DMA1SAH                               
00000522  DMA1SAL                               
0000052a  DMA1SZ                                
00000530  DMA2CTL                               
00000531  DMA2CTL_H                             
00000530  DMA2CTL_L                             
00000536  DMA2DA                                
00000538  DMA2DAH                               
00000536  DMA2DAL                               
00000532  DMA2SA                                
00000534  DMA2SAH                               
00000532  DMA2SAL                               
0000053a  DMA2SZ                                
00000500  DMACTL0                               
00000501  DMACTL0_H                             
00000500  DMACTL0_L                             
00000502  DMACTL1                               
00000503  DMACTL1_H                             
00000502  DMACTL1_L                             
00000504  DMACTL2                               
00000505  DMACTL2_H                             
00000504  DMACTL2_L                             
00000506  DMACTL3                               
00000507  DMACTL3_H                             
00000506  DMACTL3_L                             
00000508  DMACTL4                               
00000509  DMACTL4_H                             
00000508  DMACTL4_L                             
0000050e  DMAIV                                 
0000050f  DMAIV_H                               
0000050e  DMAIV_L                               
00016fd8  Delay                                 
00000d20  ESIAFE                                
00000d21  ESIAFE_H                              
00000d20  ESIAFE_L                              
00000d10  ESICNT0                               
00000d11  ESICNT0_H                             
00000d10  ESICNT0_L                             
00000d12  ESICNT1                               
00000d13  ESICNT1_H                             
00000d12  ESICNT1_L                             
00000d14  ESICNT2                               
00000d15  ESICNT2_H                             
00000d14  ESICNT2_L                             
00000d16  ESICNT3                               
00000d17  ESICNT3_H                             
00000d16  ESICNT3_L                             
00000d2a  ESICTL                                
00000d2b  ESICTL_H                              
00000d2a  ESICTL_L                              
00000d40  ESIDAC1R0                             
00000d41  ESIDAC1R0_H                           
00000d40  ESIDAC1R0_L                           
00000d42  ESIDAC1R1                             
00000d43  ESIDAC1R1_H                           
00000d42  ESIDAC1R1_L                           
00000d44  ESIDAC1R2                             
00000d45  ESIDAC1R2_H                           
00000d44  ESIDAC1R2_L                           
00000d46  ESIDAC1R3                             
00000d47  ESIDAC1R3_H                           
00000d46  ESIDAC1R3_L                           
00000d48  ESIDAC1R4                             
00000d49  ESIDAC1R4_H                           
00000d48  ESIDAC1R4_L                           
00000d4a  ESIDAC1R5                             
00000d4b  ESIDAC1R5_H                           
00000d4a  ESIDAC1R5_L                           
00000d4c  ESIDAC1R6                             
00000d4d  ESIDAC1R6_H                           
00000d4c  ESIDAC1R6_L                           
00000d4e  ESIDAC1R7                             
00000d4f  ESIDAC1R7_H                           
00000d4e  ESIDAC1R7_L                           
00000d50  ESIDAC2R0                             
00000d51  ESIDAC2R0_H                           
00000d50  ESIDAC2R0_L                           
00000d52  ESIDAC2R1                             
00000d53  ESIDAC2R1_H                           
00000d52  ESIDAC2R1_L                           
00000d54  ESIDAC2R2                             
00000d55  ESIDAC2R2_H                           
00000d54  ESIDAC2R2_L                           
00000d56  ESIDAC2R3                             
00000d57  ESIDAC2R3_H                           
00000d56  ESIDAC2R3_L                           
00000d58  ESIDAC2R4                             
00000d59  ESIDAC2R4_H                           
00000d58  ESIDAC2R4_L                           
00000d5a  ESIDAC2R5                             
00000d5b  ESIDAC2R5_H                           
00000d5a  ESIDAC2R5_L                           
00000d5c  ESIDAC2R6                             
00000d5d  ESIDAC2R6_H                           
00000d5c  ESIDAC2R6_L                           
00000d5e  ESIDAC2R7                             
00000d5f  ESIDAC2R7_H                           
00000d5e  ESIDAC2R7_L                           
00000d00  ESIDEBUG1                             
00000d01  ESIDEBUG1_H                           
00000d00  ESIDEBUG1_L                           
00000d02  ESIDEBUG2                             
00000d03  ESIDEBUG2_H                           
00000d02  ESIDEBUG2_L                           
00000d04  ESIDEBUG3                             
00000d05  ESIDEBUG3_H                           
00000d04  ESIDEBUG3_L                           
00000d06  ESIDEBUG4                             
00000d07  ESIDEBUG4_H                           
00000d06  ESIDEBUG4_L                           
00000d08  ESIDEBUG5                             
00000d09  ESIDEBUG5_H                           
00000d08  ESIDEBUG5_L                           
00000d1c  ESIINT1                               
00000d1d  ESIINT1_H                             
00000d1c  ESIINT1_L                             
00000d1e  ESIINT2                               
00000d1f  ESIINT2_H                             
00000d1e  ESIINT2_L                             
00000d1a  ESIIV                                 
00000d1b  ESIIV_H                               
00000d1a  ESIIV_L                               
00000d28  ESIOSC                                
00000d29  ESIOSC_H                              
00000d28  ESIOSC_L                              
00000d22  ESIPPU                                
00000d23  ESIPPU_H                              
00000d22  ESIPPU_L                              
00000d26  ESIPSM                                
00000d27  ESIPSM_H                              
00000d26  ESIPSM_L                              
00000e00  ESIRAM0                               
00000e01  ESIRAM1                               
00000e0a  ESIRAM10                              
00000e64  ESIRAM100                             
00000e65  ESIRAM101                             
00000e66  ESIRAM102                             
00000e67  ESIRAM103                             
00000e68  ESIRAM104                             
00000e69  ESIRAM105                             
00000e6a  ESIRAM106                             
00000e6b  ESIRAM107                             
00000e6c  ESIRAM108                             
00000e6d  ESIRAM109                             
00000e0b  ESIRAM11                              
00000e6e  ESIRAM110                             
00000e6f  ESIRAM111                             
00000e70  ESIRAM112                             
00000e71  ESIRAM113                             
00000e72  ESIRAM114                             
00000e73  ESIRAM115                             
00000e74  ESIRAM116                             
00000e75  ESIRAM117                             
00000e76  ESIRAM118                             
00000e77  ESIRAM119                             
00000e0c  ESIRAM12                              
00000e78  ESIRAM120                             
00000e79  ESIRAM121                             
00000e7a  ESIRAM122                             
00000e7b  ESIRAM123                             
00000e7c  ESIRAM124                             
00000e7d  ESIRAM125                             
00000e7e  ESIRAM126                             
00000e7f  ESIRAM127                             
00000e0d  ESIRAM13                              
00000e0e  ESIRAM14                              
00000e0f  ESIRAM15                              
00000e10  ESIRAM16                              
00000e11  ESIRAM17                              
00000e12  ESIRAM18                              
00000e13  ESIRAM19                              
00000e02  ESIRAM2                               
00000e14  ESIRAM20                              
00000e15  ESIRAM21                              
00000e16  ESIRAM22                              
00000e17  ESIRAM23                              
00000e18  ESIRAM24                              
00000e19  ESIRAM25                              
00000e1a  ESIRAM26                              
00000e1b  ESIRAM27                              
00000e1c  ESIRAM28                              
00000e1d  ESIRAM29                              
00000e03  ESIRAM3                               
00000e1e  ESIRAM30                              
00000e1f  ESIRAM31                              
00000e20  ESIRAM32                              
00000e21  ESIRAM33                              
00000e22  ESIRAM34                              
00000e23  ESIRAM35                              
00000e24  ESIRAM36                              
00000e25  ESIRAM37                              
00000e26  ESIRAM38                              
00000e27  ESIRAM39                              
00000e04  ESIRAM4                               
00000e28  ESIRAM40                              
00000e29  ESIRAM41                              
00000e2a  ESIRAM42                              
00000e2b  ESIRAM43                              
00000e2c  ESIRAM44                              
00000e2d  ESIRAM45                              
00000e2e  ESIRAM46                              
00000e2f  ESIRAM47                              
00000e30  ESIRAM48                              
00000e31  ESIRAM49                              
00000e05  ESIRAM5                               
00000e32  ESIRAM50                              
00000e33  ESIRAM51                              
00000e34  ESIRAM52                              
00000e35  ESIRAM53                              
00000e36  ESIRAM54                              
00000e37  ESIRAM55                              
00000e38  ESIRAM56                              
00000e39  ESIRAM57                              
00000e3a  ESIRAM58                              
00000e3b  ESIRAM59                              
00000e06  ESIRAM6                               
00000e3c  ESIRAM60                              
00000e3d  ESIRAM61                              
00000e3e  ESIRAM62                              
00000e3f  ESIRAM63                              
00000e40  ESIRAM64                              
00000e41  ESIRAM65                              
00000e42  ESIRAM66                              
00000e43  ESIRAM67                              
00000e44  ESIRAM68                              
00000e45  ESIRAM69                              
00000e07  ESIRAM7                               
00000e46  ESIRAM70                              
00000e47  ESIRAM71                              
00000e48  ESIRAM72                              
00000e49  ESIRAM73                              
00000e4a  ESIRAM74                              
00000e4b  ESIRAM75                              
00000e4c  ESIRAM76                              
00000e4d  ESIRAM77                              
00000e4e  ESIRAM78                              
00000e4f  ESIRAM79                              
00000e08  ESIRAM8                               
00000e50  ESIRAM80                              
00000e51  ESIRAM81                              
00000e52  ESIRAM82                              
00000e53  ESIRAM83                              
00000e54  ESIRAM84                              
00000e55  ESIRAM85                              
00000e56  ESIRAM86                              
00000e57  ESIRAM87                              
00000e58  ESIRAM88                              
00000e59  ESIRAM89                              
00000e09  ESIRAM9                               
00000e5a  ESIRAM90                              
00000e5b  ESIRAM91                              
00000e5c  ESIRAM92                              
00000e5d  ESIRAM93                              
00000e5e  ESIRAM94                              
00000e5f  ESIRAM95                              
00000e60  ESIRAM96                              
00000e61  ESIRAM97                              
00000e62  ESIRAM98                              
00000e63  ESIRAM99                              
00000d2c  ESITHR1                               
00000d2d  ESITHR1_H                             
00000d2c  ESITHR1_L                             
00000d2e  ESITHR2                               
00000d2f  ESITHR2_H                             
00000d2e  ESITHR2_L                             
00000d24  ESITSM                                
00000d60  ESITSM0                               
00000d61  ESITSM0_H                             
00000d60  ESITSM0_L                             
00000d62  ESITSM1                               
00000d74  ESITSM10                              
00000d75  ESITSM10_H                            
00000d74  ESITSM10_L                            
00000d76  ESITSM11                              
00000d77  ESITSM11_H                            
00000d76  ESITSM11_L                            
00000d78  ESITSM12                              
00000d79  ESITSM12_H                            
00000d78  ESITSM12_L                            
00000d7a  ESITSM13                              
00000d7b  ESITSM13_H                            
00000d7a  ESITSM13_L                            
00000d7c  ESITSM14                              
00000d7d  ESITSM14_H                            
00000d7c  ESITSM14_L                            
00000d7e  ESITSM15                              
00000d7f  ESITSM15_H                            
00000d7e  ESITSM15_L                            
00000d80  ESITSM16                              
00000d81  ESITSM16_H                            
00000d80  ESITSM16_L                            
00000d82  ESITSM17                              
00000d83  ESITSM17_H                            
00000d82  ESITSM17_L                            
00000d84  ESITSM18                              
00000d85  ESITSM18_H                            
00000d84  ESITSM18_L                            
00000d86  ESITSM19                              
00000d87  ESITSM19_H                            
00000d86  ESITSM19_L                            
00000d63  ESITSM1_H                             
00000d62  ESITSM1_L                             
00000d64  ESITSM2                               
00000d88  ESITSM20                              
00000d89  ESITSM20_H                            
00000d88  ESITSM20_L                            
00000d8a  ESITSM21                              
00000d8b  ESITSM21_H                            
00000d8a  ESITSM21_L                            
00000d8c  ESITSM22                              
00000d8d  ESITSM22_H                            
00000d8c  ESITSM22_L                            
00000d8e  ESITSM23                              
00000d8f  ESITSM23_H                            
00000d8e  ESITSM23_L                            
00000d90  ESITSM24                              
00000d91  ESITSM24_H                            
00000d90  ESITSM24_L                            
00000d92  ESITSM25                              
00000d93  ESITSM25_H                            
00000d92  ESITSM25_L                            
00000d94  ESITSM26                              
00000d95  ESITSM26_H                            
00000d94  ESITSM26_L                            
00000d96  ESITSM27                              
00000d97  ESITSM27_H                            
00000d96  ESITSM27_L                            
00000d98  ESITSM28                              
00000d99  ESITSM28_H                            
00000d98  ESITSM28_L                            
00000d9a  ESITSM29                              
00000d9b  ESITSM29_H                            
00000d9a  ESITSM29_L                            
00000d65  ESITSM2_H                             
00000d64  ESITSM2_L                             
00000d66  ESITSM3                               
00000d9c  ESITSM30                              
00000d9d  ESITSM30_H                            
00000d9c  ESITSM30_L                            
00000d9e  ESITSM31                              
00000d9f  ESITSM31_H                            
00000d9e  ESITSM31_L                            
00000d67  ESITSM3_H                             
00000d66  ESITSM3_L                             
00000d68  ESITSM4                               
00000d69  ESITSM4_H                             
00000d68  ESITSM4_L                             
00000d6a  ESITSM5                               
00000d6b  ESITSM5_H                             
00000d6a  ESITSM5_L                             
00000d6c  ESITSM6                               
00000d6d  ESITSM6_H                             
00000d6c  ESITSM6_L                             
00000d6e  ESITSM7                               
00000d6f  ESITSM7_H                             
00000d6e  ESITSM7_L                             
00000d70  ESITSM8                               
00000d71  ESITSM8_H                             
00000d70  ESITSM8_L                             
00000d72  ESITSM9                               
00000d73  ESITSM9_H                             
00000d72  ESITSM9_L                             
00000d25  ESITSM_H                              
00000d24  ESITSM_L                              
00000140  FRCTL0                                
00000141  FRCTL0_H                              
00000140  FRCTL0_L                              
00000144  GCCTL0                                
00000145  GCCTL0_H                              
00000144  GCCTL0_L                              
00000146  GCCTL1                                
00000147  GCCTL1_H                              
00000146  GCCTL1_L                              
00001d6a  IntIsMasked                           
00000a40  LCDBM1                                
00000a49  LCDBM10                               
00000a4a  LCDBM11                               
00000a4b  LCDBM12                               
00000a4c  LCDBM13                               
00000a4d  LCDBM14                               
00000a4e  LCDBM15                               
00000a4f  LCDBM16                               
00000a50  LCDBM17                               
00000a51  LCDBM18                               
00000a52  LCDBM19                               
00000a41  LCDBM2                                
00000a53  LCDBM20                               
00000a54  LCDBM21                               
00000a55  LCDBM22                               
00000a42  LCDBM3                                
00000a43  LCDBM4                                
00000a44  LCDBM5                                
00000a45  LCDBM6                                
00000a46  LCDBM7                                
00000a47  LCDBM8                                
00000a48  LCDBM9                                
00000a04  LCDCBLKCTL                            
00000a05  LCDCBLKCTL_H                          
00000a04  LCDCBLKCTL_L                          
00000a12  LCDCCPCTL                             
00000a13  LCDCCPCTL_H                           
00000a12  LCDCCPCTL_L                           
00000a00  LCDCCTL0                              
00000a01  LCDCCTL0_H                            
00000a00  LCDCCTL0_L                            
00000a02  LCDCCTL1                              
00000a03  LCDCCTL1_H                            
00000a02  LCDCCTL1_L                            
00000a1e  LCDCIV                                
00000a06  LCDCMEMCTL                            
00000a07  LCDCMEMCTL_H                          
00000a06  LCDCMEMCTL_L                          
00000a0a  LCDCPCTL0                             
00000a0b  LCDCPCTL0_H                           
00000a0a  LCDCPCTL0_L                           
00000a0c  LCDCPCTL1                             
00000a0d  LCDCPCTL1_H                           
00000a0c  LCDCPCTL1_L                           
00000a0e  LCDCPCTL2                             
00000a0f  LCDCPCTL2_H                           
00000a0e  LCDCPCTL2_L                           
00000a08  LCDCVCTL                              
00000a09  LCDCVCTL_H                            
00000a08  LCDCVCTL_L                            
00000a20  LCDM1                                 
00000a29  LCDM10                                
00000a2a  LCDM11                                
00000a2b  LCDM12                                
00000a2c  LCDM13                                
00000a2d  LCDM14                                
00000a2e  LCDM15                                
00000a2f  LCDM16                                
00000a30  LCDM17                                
00000a31  LCDM18                                
00000a32  LCDM19                                
00000a21  LCDM2                                 
00000a33  LCDM20                                
00000a34  LCDM21                                
00000a35  LCDM22                                
00000a36  LCDM23                                
00000a37  LCDM24                                
00000a38  LCDM25                                
00000a39  LCDM26                                
00000a3a  LCDM27                                
00000a3b  LCDM28                                
00000a3c  LCDM29                                
00000a22  LCDM3                                 
00000a3d  LCDM30                                
00000a3e  LCDM31                                
00000a3f  LCDM32                                
00000a40  LCDM33                                
00000a41  LCDM34                                
00000a42  LCDM35                                
00000a43  LCDM36                                
00000a44  LCDM37                                
00000a45  LCDM38                                
00000a46  LCDM39                                
00000a23  LCDM4                                 
00000a47  LCDM40                                
00000a48  LCDM41                                
00000a49  LCDM42                                
00000a4a  LCDM43                                
00000a24  LCDM5                                 
00000a25  LCDM6                                 
00000a26  LCDM7                                 
00000a27  LCDM8                                 
00000a28  LCDM9                                 
000004c4  MAC                                   
000004da  MAC32H                                
000004db  MAC32H_H                              
000004da  MAC32H_L                              
000004d8  MAC32L                                
000004d9  MAC32L_H                              
000004d8  MAC32L_L                              
000004c6  MACS                                  
000004de  MACS32H                               
000004df  MACS32H_H                             
000004de  MACS32H_L                             
000004dc  MACS32L                               
000004dd  MACS32L_H                             
000004dc  MACS32L_L                             
000004c7  MACS_H                                
000004c6  MACS_L                                
000004c5  MAC_H                                 
000004c4  MAC_L                                 
000005a0  MPUCTL0                               
[...]
00000d9c  ESITSM30                              
00000d9c  ESITSM30_L                            
00000d9d  ESITSM30_H                            
00000d9e  ESITSM31                              
00000d9e  ESITSM31_L                            
00000d9f  ESITSM31_H                            
00000e00  ESIRAM0                               
00000e01  ESIRAM1                               
00000e02  ESIRAM2                               
00000e03  ESIRAM3                               
00000e04  ESIRAM4                               
00000e05  ESIRAM5                               
00000e06  ESIRAM6                               
00000e07  ESIRAM7                               
00000e08  ESIRAM8                               
00000e09  ESIRAM9                               
00000e0a  ESIRAM10                              
00000e0b  ESIRAM11                              
00000e0c  ESIRAM12                              
00000e0d  ESIRAM13                              
00000e0e  ESIRAM14                              
00000e0f  ESIRAM15                              
00000e10  ESIRAM16                              
00000e11  ESIRAM17                              
00000e12  ESIRAM18                              
00000e13  ESIRAM19                              
00000e14  ESIRAM20                              
00000e15  ESIRAM21                              
00000e16  ESIRAM22                              
00000e17  ESIRAM23                              
00000e18  ESIRAM24                              
00000e19  ESIRAM25                              
00000e1a  ESIRAM26                              
00000e1b  ESIRAM27                              
00000e1c  ESIRAM28                              
00000e1d  ESIRAM29                              
00000e1e  ESIRAM30                              
00000e1f  ESIRAM31                              
00000e20  ESIRAM32                              
00000e21  ESIRAM33                              
00000e22  ESIRAM34                              
00000e23  ESIRAM35                              
00000e24  ESIRAM36                              
00000e25  ESIRAM37                              
00000e26  ESIRAM38                              
00000e27  ESIRAM39                              
00000e28  ESIRAM40                              
00000e29  ESIRAM41                              
00000e2a  ESIRAM42                              
00000e2b  ESIRAM43                              
00000e2c  ESIRAM44                              
00000e2d  ESIRAM45                              
00000e2e  ESIRAM46                              
00000e2f  ESIRAM47                              
00000e30  ESIRAM48                              
00000e31  ESIRAM49                              
00000e32  ESIRAM50                              
00000e33  ESIRAM51                              
00000e34  ESIRAM52                              
00000e35  ESIRAM53                              
00000e36  ESIRAM54                              
00000e37  ESIRAM55                              
00000e38  ESIRAM56                              
00000e39  ESIRAM57                              
00000e3a  ESIRAM58                              
00000e3b  ESIRAM59                              
00000e3c  ESIRAM60                              
00000e3d  ESIRAM61                              
00000e3e  ESIRAM62                              
00000e3f  ESIRAM63                              
00000e40  ESIRAM64                              
00000e41  ESIRAM65                              
00000e42  ESIRAM66                              
00000e43  ESIRAM67                              
00000e44  ESIRAM68                              
00000e45  ESIRAM69                              
00000e46  ESIRAM70                              
00000e47  ESIRAM71                              
00000e48  ESIRAM72                              
00000e49  ESIRAM73                              
00000e4a  ESIRAM74                              
00000e4b  ESIRAM75                              
00000e4c  ESIRAM76                              
00000e4d  ESIRAM77                              
00000e4e  ESIRAM78                              
00000e4f  ESIRAM79                              
00000e50  ESIRAM80                              
00000e51  ESIRAM81                              
00000e52  ESIRAM82                              
00000e53  ESIRAM83                              
00000e54  ESIRAM84                              
00000e55  ESIRAM85                              
00000e56  ESIRAM86                              
00000e57  ESIRAM87                              
00000e58  ESIRAM88                              
00000e59  ESIRAM89                              
00000e5a  ESIRAM90                              
00000e5b  ESIRAM91                              
00000e5c  ESIRAM92                              
00000e5d  ESIRAM93                              
00000e5e  ESIRAM94                              
00000e5f  ESIRAM95                              
00000e60  ESIRAM96                              
00000e61  ESIRAM97                              
00000e62  ESIRAM98                              
00000e63  ESIRAM99                              
00000e64  ESIRAM100                             
00000e65  ESIRAM101                             
00000e66  ESIRAM102                             
00000e67  ESIRAM103                             
00000e68  ESIRAM104                             
00000e69  ESIRAM105                             
00000e6a  ESIRAM106                             
00000e6b  ESIRAM107                             
00000e6c  ESIRAM108                             
00000e6d  ESIRAM109                             
00000e6e  ESIRAM110                             
00000e6f  ESIRAM111                             
00000e70  ESIRAM112                             
00000e71  ESIRAM113                             
00000e72  ESIRAM114                             
00000e73  ESIRAM115                             
00000e74  ESIRAM116                             
00000e75  ESIRAM117                             
00000e76  ESIRAM118                             
00000e77  ESIRAM119                             
00000e78  ESIRAM120                             
00000e79  ESIRAM121                             
00000e7a  ESIRAM122                             
00000e7b  ESIRAM123                             
00000e7c  ESIRAM124                             
00000e7d  ESIRAM125                             
00000e7e  ESIRAM126                             
00000e7f  ESIRAM127                             
00001513  mpu_sam_value                         
00001d4a  g_SSID                                
00001d6a  IntIsMasked                           
00001d6b  RxIrqCnt                              
00001d6c  g_bDeviceRestartIsRequired            
00001d6e  g__SlNonOsCB                          
00001da0  g_Status                              
00001da4  g_Station_Ip                          
00001da8  g_Station_Mask                        
00001dac  g_GatewayIP                           
00001db0  g_DNS_Ip                              
00001db4  index_sens_html                       
00001db8  data_sens_html_static                 
00001dbc  close_sens_html                       
00001dc0  index_html                            
00001dc4  g_pCB                                 
00001dc8  pPingCallBackFunc                     
00001dce  pIraEventHandler                      
00001dd2  errno                                 
00002360  _stack                                
00002400  __STACK_END                           
00004400  _c_int00_noargs_noexit_mpu            
00004400  fram_ipe_end                          
00004400  fram_ipe_start                        
00004400  fram_rw_start                         
00004400  fram_rx_start                         
0000441e  Port2_ISR                             
00004438  UART_ISR                              
00004442  __TI_ISR_TRAP                         
0000444a  Trap_ISR                              
0000494c  _ctypes_                              
00004a4e  OpcodeTranslateTable                  
00004a8a  _SlActionLookupTable                  
00004bf6  _SlNetAppSendTokenValueCmdCtrl        
00004c54  __TI_Handler_Table_Base               
00004c5c  __TI_CINIT_Base                       
00004c5c  __TI_Handler_Table_Limit              
00004c6c  __TI_CINIT_Limit                      
0000a501  mpu_ctl0_value                        
0000ffc6  __TI_int27                            
0000ffc8  __TI_int28                            
0000ffca  __TI_int29                            
0000ffcc  __TI_int30                            
0000ffce  __TI_int31                            
0000ffd0  __TI_int32                            
0000ffd2  __TI_int33                            
0000ffd4  __TI_int34                            
0000ffd6  __TI_int35                            
0000ffd8  __TI_int36                            
0000ffda  __TI_int37                            
0000ffdc  __TI_int38                            
0000ffde  __TI_int39                            
0000ffe0  __TI_int40                            
0000ffe2  __TI_int41                            
0000ffe4  __TI_int42                            
0000ffe6  __TI_int43                            
0000ffe8  __TI_int44                            
0000ffea  __TI_int45                            
0000ffec  __TI_int46                            
0000ffee  __TI_int47                            
0000fff0  __TI_int48                            
0000fff2  __TI_int49                            
0000fff4  __TI_int50                            
0000fff6  __TI_int51                            
0000fff8  __TI_int52                            
0000fffa  __TI_int53                            
0000fffc  __TI_int54                            
0000fffe  _reset_vector                         
000104c0  __TI_frcdivd                          
00010946  UARTprintf                            
00010d04  __mspabi_divull                       
00011076  __TI_frcmpyd                          
0001135a  __mspabi_addd                         
00011632  __mspabi_mpyd                         
00011b16  __TI_frcaddd                          
00011fb0  __TI_printfi                          
00012410  __mspabi_divd                         
0001284a  sl_WlanConnect                        
00012a60  _SlDrvReleasePoolObj                  
00013066  configureSimpleLinkToDefaultState     
00013252  _SlDrvDataReadOp                      
000135ac  main                                  
0001374c  ldexp                                 
0001374c  ldexpl                                
0001374c  scalbn                                
0001374c  scalbnl                               
000138ec  _SlDrvDriverCBInit                    
00013a80  _SlDrvWaitForPoolObj                  
00014078  sl_Accept                             
000145a0  _SlDrvDataWriteOp                     
000146c4  SimpleLinkNetAppEventHandler          
000149b6  _SlDrvNetAppEventHandler              
00014b98  SimpleLinkWlanEventHandler            
00014c74  __mspabi_cmpd                         
00014d4c  _SlDrvDriverCBDeinit                  
00014e18  sl_NetAppMDNSRegisterUnregisterService
00014ee4  sl_Send                               
00014fae  sl_Start                              
00015078  init_sensors                          
000151f6  _sl_HandleAsync_DnsGetHostByService   
000152b0  __TI_renormd                          
00015362  frexp                                 
00015362  frexpl                                
00015414  sl_Stop                               
000154c0  _sl_HandleAsync_DnsGetHostByName      
0001556a  sl_DevGet                             
00015614  _SlDrvCmdOp                           
00015762  spi_Open                              
00015804  _sl_HandleAsync_PingResponse          
000158a4  __mspabi_fltlid                       
00015942  _SlDriverHandleError                  
00015b04  _sl_HandleAsync_InitComplete          
00015b98  _sl_HandleAsync_Connect               
00015cba  _SlDrvMsgReadSpawnCtx                 
00015d3c  _auto_init_hold_wdt                   
00015dbe  _SlDrvDeviceEventHandler              
00015e3e  ltoa                                  
00015ebe  sl_NetCfgSet                          
00015fb0  sl_Bind                               
0001609a  _sl_HandleAsync_Accept                
0001610e  _SlNonOsSemGet                        
000161e0  __mspabi_fixdli                       
00016246  copy_in                               
000162ac  _SlDrvCmdSend                         
0001630e  atoi                                  
00016370  sl_Recv                               
000163d0  sl_WlanSet                            
00016430  _sl_HandleAsync_Select                
0001648e  _sl_HandleAsync_Stop                  
000164ea  _sl_NetAppSendTokenValue              
00016544  __mspabi_divul                        
00016544  __mspabi_remul                        
0001659c  sl_WlanPolicySet                      
000165f4  UARTwrite                             
00016644  sl_WlanRxFilterSet                    
000166e2  _SlNonOsMainLoopTask                  
0001672e  _SlDrvSyncObjWaitTimeout              
00016774  _SlNonOsSpawn                         
000167fc  sprintf                               
00016840  SimpleLinkSockEventHandler            
00016880  __mspabi_divli                        
00016880  __mspabi_remli                        
000168c0  sl_Socket                             
00016900  __mspabi_sral_15                      
00016904  __mspabi_sral_14                      
00016908  __mspabi_sral_13                      
0001690c  __mspabi_sral_12                      
00016910  __mspabi_sral_11                      
00016914  __mspabi_sral_10                      
00016918  __mspabi_sral_9                       
0001691c  __mspabi_sral_8                       
00016920  __mspabi_sral_7                       
00016924  __mspabi_sral_6                       
00016928  __mspabi_sral_5                       
0001692c  __mspabi_sral_4                       
00016930  __mspabi_sral_3                       
00016934  __mspabi_sral_2                       
00016938  __mspabi_sral_1                       
0001693e  __mspabi_slll_15                      
00016942  __mspabi_slll_14                      
00016946  __mspabi_slll_13                      
0001694a  __mspabi_slll_12                      
0001694e  __mspabi_slll_11                      
00016952  __mspabi_slll_10                      
00016956  __mspabi_slll_9                       
0001695a  __mspabi_slll_8                       
0001695e  __mspabi_slll_7                       
00016962  __mspabi_slll_6                       
00016966  __mspabi_slll_5                       
0001696a  __mspabi_slll_4                       
0001696e  __mspabi_slll_3                       
00016972  __mspabi_slll_2                       
00016976  __mspabi_slll_1                       
0001697c  __mspabi_srll_15                      
00016980  __mspabi_srll_14                      
00016984  __mspabi_srll_13                      
00016988  __mspabi_srll_12                      
0001698c  __mspabi_srll_11                      
00016990  __mspabi_srll_10                      
00016994  __mspabi_srll_9                       
00016998  __mspabi_srll_8                       
0001699c  __mspabi_srll_7                       
000169a0  __mspabi_srll_6                       
000169a4  __mspabi_srll_5                       
000169a8  __mspabi_srll_4                       
000169ac  __mspabi_srll_3                       
000169b0  __mspabi_srll_2                       
000169b4  __mspabi_srll_1                       
000169ba  spi_Read                              
000169f8  _SlDrvProtectAsyncRespSetting         
00016a34  _SlDrvRxIrqHandler                    
00016a70  UARTStdioInit                         
00016a70  initUART                              
00016aac  __mspabi_sllll                        
00016ae6  __mspabi_srlll                        
00016b20  sl_NetAppMDNSUnRegisterService        
00016b92  _SlDrvBasicCmd                        
00016bca  sensors_get_data                      
00016c02  blink_led                             
00016c38  soft_delay                            
00016c6c  __mspabi_subd                         
00016c9e  init_leds                             
00016cd0  spi_Write                             
00016d02  sl_Listen                             
00016d32  sl_NetAppStop                         
00016d90  __mspabi_negd                         
00016dbe  copysign                              
00016dbe  copysignl                             
00016dec  set_led                               
00016e1a  sl_Close                              
00016e46  sl_Htons                              
00016e72  sl_WlanProfileDel                     
00016e9e  sl_WlanSetMode                        
00016eca  _SlDrvProtectionObjLockWaitForever    
00016ef4  _SlDrvSyncObjWaitForever              
00016f1c  __mpu_init                            
00016f44  __mspabi_fixdi                        
00016f6c  CLI_Write                             
00016f92  __mspabi_mpyl_f5hw                    
00016fb6  initClk                               
00016fd8  Delay                                 
00016ff8  _SlDrvObjLockWaitForever              
00017038  memccpy                               
00017072  strchr                                
0001708e  _SlDrvProtectionObjUnLock             
000170a8  _SlDrvGlobalObjUnLock                 
000170c0  __mspabi_mpyi_f5hw                    
000170d8  memset                                
000170ee  __mspabi_divu                         
000170ee  __mspabi_remu                         
00017104  sl_WlanDisconnect                     
0001712e  memcpy                                
00017142  __TI_decompress_none                  
00017154  strcpy                                
00017166  toupper                               
00017178  _SlDrvObjUnLock                       
00017188  _SlDrvSyncObjSignal                   
00017198  __mspabi_sral                         
000171a8  __mspabi_slll                         
000171b8  __mspabi_srll                         
000171c8  CC3100_InterruptEnable                
000171d6  UARTCharPut                           
000171f2  strlen                                
00017200  __mspabi_fltid                        
0001720c  CC3100_InterruptDisable               
00017216  SimpleLinkGeneralEventHandler         
00017220  SimpleLinkHttpServerCallback          
00017220  _SlDrvDispatchHttpServerEvents        
0001722a  _SlDrvMemZero                         
00017234  _SlDrvResetCmdExt                     
0001723e  abs                                   
00017248  __mspabi_slli                         
00017252  _SlNonOsSemSet                        
0001725a  registerInterruptHandler              
00017262  spi_Close                             
0001726a  stopWDT                               
00017272  CC3100_disable                        
00017278  CC3100_enable                         
0001727e  MaskIntHdlr                           
00017284  UnMaskIntHdlr                         
0001728a  C$$EXIT                               
0001728a  abort                                 
00017290  __TI_decompress_rle24                 
00017296  _system_pre_init                      
0001729a  _system_post_cinit                    
ffffffff  __TI_pprof_out_hndl                   
ffffffff  __TI_prof_data_size                   
ffffffff  __TI_prof_data_start                  
ffffffff  __c_args__                            
UNDEFED   __TI_BINIT_Base                       
UNDEFED   __TI_BINIT_Limit                      
UNDEFED   __TI_INITARRAY_Base                   
UNDEFED   __TI_INITARRAY_Limit                  

[1671 symbols]
