Archive member included to satisfy reference by file (symbol)

/home/lbogdanov/programs/gcc-arm-none-eabi-8-2018-q4-major/bin/../lib/gcc/arm-none-eabi/8.2.1/../../../../arm-none-eabi/lib/thumb/v7e-m+dp/hard/libm.a(lib_a-pow.o)
                              ./debug/standard_rms.o (pow)
/home/lbogdanov/programs/gcc-arm-none-eabi-8-2018-q4-major/bin/../lib/gcc/arm-none-eabi/8.2.1/../../../../arm-none-eabi/lib/thumb/v7e-m+dp/hard/libm.a(lib_a-pow_log_data.o)
                              /home/lbogdanov/programs/gcc-arm-none-eabi-8-2018-q4-major/bin/../lib/gcc/arm-none-eabi/8.2.1/../../../../arm-none-eabi/lib/thumb/v7e-m+dp/hard/libm.a(lib_a-pow.o) (__pow_log_data)
/home/lbogdanov/programs/gcc-arm-none-eabi-8-2018-q4-major/bin/../lib/gcc/arm-none-eabi/8.2.1/../../../../arm-none-eabi/lib/thumb/v7e-m+dp/hard/libm.a(lib_a-w_sqrt.o)
                              ./debug/standard_rms.o (sqrt)
/home/lbogdanov/programs/gcc-arm-none-eabi-8-2018-q4-major/bin/../lib/gcc/arm-none-eabi/8.2.1/../../../../arm-none-eabi/lib/thumb/v7e-m+dp/hard/libm.a(lib_a-e_sqrt.o)
                              /home/lbogdanov/programs/gcc-arm-none-eabi-8-2018-q4-major/bin/../lib/gcc/arm-none-eabi/8.2.1/../../../../arm-none-eabi/lib/thumb/v7e-m+dp/hard/libm.a(lib_a-w_sqrt.o) (__ieee754_sqrt)
/home/lbogdanov/programs/gcc-arm-none-eabi-8-2018-q4-major/bin/../lib/gcc/arm-none-eabi/8.2.1/../../../../arm-none-eabi/lib/thumb/v7e-m+dp/hard/libm.a(lib_a-exp_data.o)
                              /home/lbogdanov/programs/gcc-arm-none-eabi-8-2018-q4-major/bin/../lib/gcc/arm-none-eabi/8.2.1/../../../../arm-none-eabi/lib/thumb/v7e-m+dp/hard/libm.a(lib_a-pow.o) (__exp_data)
/home/lbogdanov/programs/gcc-arm-none-eabi-8-2018-q4-major/bin/../lib/gcc/arm-none-eabi/8.2.1/../../../../arm-none-eabi/lib/thumb/v7e-m+dp/hard/libm.a(lib_a-math_err.o)
                              /home/lbogdanov/programs/gcc-arm-none-eabi-8-2018-q4-major/bin/../lib/gcc/arm-none-eabi/8.2.1/../../../../arm-none-eabi/lib/thumb/v7e-m+dp/hard/libm.a(lib_a-pow.o) (__math_uflow)
/home/lbogdanov/programs/gcc-arm-none-eabi-8-2018-q4-major/bin/../lib/gcc/arm-none-eabi/8.2.1/../../../../arm-none-eabi/lib/thumb/v7e-m+dp/hard/libm.a(lib_a-s_lib_ver.o)
                              /home/lbogdanov/programs/gcc-arm-none-eabi-8-2018-q4-major/bin/../lib/gcc/arm-none-eabi/8.2.1/../../../../arm-none-eabi/lib/thumb/v7e-m+dp/hard/libm.a(lib_a-w_sqrt.o) (__fdlib_version)
/home/lbogdanov/programs/gcc-arm-none-eabi-8-2018-q4-major/bin/../lib/gcc/arm-none-eabi/8.2.1/../../../../arm-none-eabi/lib/thumb/v7e-m+dp/hard/libm.a(lib_a-s_matherr.o)
                              /home/lbogdanov/programs/gcc-arm-none-eabi-8-2018-q4-major/bin/../lib/gcc/arm-none-eabi/8.2.1/../../../../arm-none-eabi/lib/thumb/v7e-m+dp/hard/libm.a(lib_a-w_sqrt.o) (matherr)
/home/lbogdanov/programs/gcc-arm-none-eabi-8-2018-q4-major/bin/../lib/gcc/arm-none-eabi/8.2.1/thumb/v7e-m+dp/hard/libgcc.a(_aeabi_uldivmod.o)
                              ./debug/printf.o (__aeabi_uldivmod)
/home/lbogdanov/programs/gcc-arm-none-eabi-8-2018-q4-major/bin/../lib/gcc/arm-none-eabi/8.2.1/thumb/v7e-m+dp/hard/libgcc.a(_udivmoddi4.o)
                              /home/lbogdanov/programs/gcc-arm-none-eabi-8-2018-q4-major/bin/../lib/gcc/arm-none-eabi/8.2.1/thumb/v7e-m+dp/hard/libgcc.a(_aeabi_uldivmod.o) (__udivmoddi4)
/home/lbogdanov/programs/gcc-arm-none-eabi-8-2018-q4-major/bin/../lib/gcc/arm-none-eabi/8.2.1/thumb/v7e-m+dp/hard/libgcc.a(_dvmd_tls.o)
                              /home/lbogdanov/programs/gcc-arm-none-eabi-8-2018-q4-major/bin/../lib/gcc/arm-none-eabi/8.2.1/thumb/v7e-m+dp/hard/libgcc.a(_aeabi_uldivmod.o) (__aeabi_ldiv0)
/home/lbogdanov/programs/gcc-arm-none-eabi-8-2018-q4-major/bin/../lib/gcc/arm-none-eabi/8.2.1/../../../../arm-none-eabi/lib/thumb/v7e-m+dp/hard/libc.a(lib_a-errno.o)
                              /home/lbogdanov/programs/gcc-arm-none-eabi-8-2018-q4-major/bin/../lib/gcc/arm-none-eabi/8.2.1/../../../../arm-none-eabi/lib/thumb/v7e-m+dp/hard/libm.a(lib_a-w_sqrt.o) (__errno)
/home/lbogdanov/programs/gcc-arm-none-eabi-8-2018-q4-major/bin/../lib/gcc/arm-none-eabi/8.2.1/../../../../arm-none-eabi/lib/thumb/v7e-m+dp/hard/libc.a(lib_a-impure.o)
                              /home/lbogdanov/programs/gcc-arm-none-eabi-8-2018-q4-major/bin/../lib/gcc/arm-none-eabi/8.2.1/../../../../arm-none-eabi/lib/thumb/v7e-m+dp/hard/libc.a(lib_a-errno.o) (_impure_ptr)

Memory Configuration

Name             Origin             Length             Attributes
FLASH            0x0000000008000000 0x0000000000200000 xr
RAM              0x0000000020000000 0x0000000000080000 xrw
*default*        0x0000000000000000 0xffffffffffffffff

Linker script and memory map

LOAD ./debug/main.o
LOAD ./debug/led.o
LOAD ./debug/uart.o
LOAD ./debug/startup.o
LOAD ./debug/printf.o
LOAD ./debug/standard_rms.o
LOAD ./debug/button.o
LOAD /home/lbogdanov/programs/gcc-arm-none-eabi-8-2018-q4-major/bin/../lib/gcc/arm-none-eabi/8.2.1/../../../../arm-none-eabi/lib/thumb/v7e-m+dp/hard/libm.a
START GROUP
LOAD /home/lbogdanov/programs/gcc-arm-none-eabi-8-2018-q4-major/bin/../lib/gcc/arm-none-eabi/8.2.1/thumb/v7e-m+dp/hard/libgcc.a
LOAD /home/lbogdanov/programs/gcc-arm-none-eabi-8-2018-q4-major/bin/../lib/gcc/arm-none-eabi/8.2.1/../../../../arm-none-eabi/lib/thumb/v7e-m+dp/hard/libc.a
END GROUP
START GROUP
LOAD /home/lbogdanov/programs/gcc-arm-none-eabi-8-2018-q4-major/bin/../lib/gcc/arm-none-eabi/8.2.1/thumb/v7e-m+dp/hard/libgcc.a
LOAD /home/lbogdanov/programs/gcc-arm-none-eabi-8-2018-q4-major/bin/../lib/gcc/arm-none-eabi/8.2.1/../../../../arm-none-eabi/lib/thumb/v7e-m+dp/hard/libc.a
LOAD /home/lbogdanov/programs/gcc-arm-none-eabi-8-2018-q4-major/bin/../lib/gcc/arm-none-eabi/8.2.1/../../../../arm-none-eabi/lib/thumb/v7e-m+dp/hard/libnosys.a
END GROUP
                0x0000000020080000                PROVIDE (_estack = (ORIGIN (RAM) + LENGTH (RAM)))

.text           0x0000000008000000     0x45b4
                0x0000000008000000                _stext = .
 *(.vector_table)
 .vector_table  0x0000000008000000      0x1f8 ./debug/startup.o
                0x0000000008000000                vector_table
 *(.text*)
 .text          0x00000000080001f8      0x144 ./debug/main.o
                0x00000000080001f8                my_func_3
                0x000000000800021a                my_func_2
                0x000000000800023c                my_func_1
                0x000000000800025e                main
 .text          0x000000000800033c       0xa8 ./debug/led.o
                0x000000000800033c                led_init
                0x000000000800039c                led_set
                0x00000000080003c0                led_clear
 .text          0x00000000080003e4      0x1c8 ./debug/uart.o
                0x00000000080003e4                uart_init
                0x0000000008000528                uart_send_buff
                0x0000000008000574                _putchar
 .text          0x00000000080005ac       0x98 ./debug/startup.o
                0x00000000080005ac                nmi_handler
                0x00000000080005b2                hard_fault_handler
                0x00000000080005b8                mem_manage_handler
                0x00000000080005be                bus_fault_handler
                0x00000000080005c4                usage_fault_handler
                0x00000000080005ca                svc_handler
                0x00000000080005d0                debug_mon_handler
                0x00000000080005d6                pend_sv_handler
                0x00000000080005dc                systick_handler
                0x00000000080005e2                default_handler
                0x00000000080005e8                reset_handler
 *fill*         0x0000000008000644        0x4 
 .text          0x0000000008000648     0x18a4 ./debug/printf.o
                0x0000000008001da8                printf_
                0x0000000008001de0                sprintf_
                0x0000000008001e18                snprintf_
                0x0000000008001e50                vprintf_
                0x0000000008001e7c                vsnprintf_
                0x0000000008001ea8                fctprintf
 .text          0x0000000008001eec       0x9c ./debug/standard_rms.o
                0x0000000008001eec                standard_rms
 .text          0x0000000008001f88      0x13c ./debug/button.o
                0x0000000008001f88                exti0_line_interrupt_handler
                0x0000000008001fb0                button_init
                0x00000000080020a4                button_read
 .text          0x00000000080020c4        0x0 /home/lbogdanov/programs/gcc-arm-none-eabi-8-2018-q4-major/bin/../lib/gcc/arm-none-eabi/8.2.1/../../../../arm-none-eabi/lib/thumb/v7e-m+dp/hard/libm.a(lib_a-pow.o)
 *fill*         0x00000000080020c4        0x4 
 .text.pow      0x00000000080020c8      0x6cc /home/lbogdanov/programs/gcc-arm-none-eabi-8-2018-q4-major/bin/../lib/gcc/arm-none-eabi/8.2.1/../../../../arm-none-eabi/lib/thumb/v7e-m+dp/hard/libm.a(lib_a-pow.o)
                0x00000000080020c8                pow
 .text          0x0000000008002794        0x0 /home/lbogdanov/programs/gcc-arm-none-eabi-8-2018-q4-major/bin/../lib/gcc/arm-none-eabi/8.2.1/../../../../arm-none-eabi/lib/thumb/v7e-m+dp/hard/libm.a(lib_a-pow_log_data.o)
 .text          0x0000000008002794        0x0 /home/lbogdanov/programs/gcc-arm-none-eabi-8-2018-q4-major/bin/../lib/gcc/arm-none-eabi/8.2.1/../../../../arm-none-eabi/lib/thumb/v7e-m+dp/hard/libm.a(lib_a-w_sqrt.o)
 *fill*         0x0000000008002794        0x4 
 .text.sqrt     0x0000000008002798       0xa8 /home/lbogdanov/programs/gcc-arm-none-eabi-8-2018-q4-major/bin/../lib/gcc/arm-none-eabi/8.2.1/../../../../arm-none-eabi/lib/thumb/v7e-m+dp/hard/libm.a(lib_a-w_sqrt.o)
                0x0000000008002798                sqrt
 .text          0x0000000008002840        0x0 /home/lbogdanov/programs/gcc-arm-none-eabi-8-2018-q4-major/bin/../lib/gcc/arm-none-eabi/8.2.1/../../../../arm-none-eabi/lib/thumb/v7e-m+dp/hard/libm.a(lib_a-e_sqrt.o)
 .text.__ieee754_sqrt
                0x0000000008002840        0x8 /home/lbogdanov/programs/gcc-arm-none-eabi-8-2018-q4-major/bin/../lib/gcc/arm-none-eabi/8.2.1/../../../../arm-none-eabi/lib/thumb/v7e-m+dp/hard/libm.a(lib_a-e_sqrt.o)
                0x0000000008002840                __ieee754_sqrt
 .text          0x0000000008002848        0x0 /home/lbogdanov/programs/gcc-arm-none-eabi-8-2018-q4-major/bin/../lib/gcc/arm-none-eabi/8.2.1/../../../../arm-none-eabi/lib/thumb/v7e-m+dp/hard/libm.a(lib_a-exp_data.o)
 .text          0x0000000008002848        0x0 /home/lbogdanov/programs/gcc-arm-none-eabi-8-2018-q4-major/bin/../lib/gcc/arm-none-eabi/8.2.1/../../../../arm-none-eabi/lib/thumb/v7e-m+dp/hard/libm.a(lib_a-math_err.o)
 .text.with_errno
                0x0000000008002848       0x1c /home/lbogdanov/programs/gcc-arm-none-eabi-8-2018-q4-major/bin/../lib/gcc/arm-none-eabi/8.2.1/../../../../arm-none-eabi/lib/thumb/v7e-m+dp/hard/libm.a(lib_a-math_err.o)
 .text.xflow    0x0000000008002864       0x24 /home/lbogdanov/programs/gcc-arm-none-eabi-8-2018-q4-major/bin/../lib/gcc/arm-none-eabi/8.2.1/../../../../arm-none-eabi/lib/thumb/v7e-m+dp/hard/libm.a(lib_a-math_err.o)
 .text.__math_uflow
                0x0000000008002888       0x10 /home/lbogdanov/programs/gcc-arm-none-eabi-8-2018-q4-major/bin/../lib/gcc/arm-none-eabi/8.2.1/../../../../arm-none-eabi/lib/thumb/v7e-m+dp/hard/libm.a(lib_a-math_err.o)
                0x0000000008002888                __math_uflow
 .text.__math_may_uflow
                0x0000000008002898       0x10 /home/lbogdanov/programs/gcc-arm-none-eabi-8-2018-q4-major/bin/../lib/gcc/arm-none-eabi/8.2.1/../../../../arm-none-eabi/lib/thumb/v7e-m+dp/hard/libm.a(lib_a-math_err.o)
                0x0000000008002898                __math_may_uflow
 .text.__math_oflow
                0x00000000080028a8       0x10 /home/lbogdanov/programs/gcc-arm-none-eabi-8-2018-q4-major/bin/../lib/gcc/arm-none-eabi/8.2.1/../../../../arm-none-eabi/lib/thumb/v7e-m+dp/hard/libm.a(lib_a-math_err.o)
                0x00000000080028a8                __math_oflow
 .text.__math_divzero
                0x00000000080028b8       0x30 /home/lbogdanov/programs/gcc-arm-none-eabi-8-2018-q4-major/bin/../lib/gcc/arm-none-eabi/8.2.1/../../../../arm-none-eabi/lib/thumb/v7e-m+dp/hard/libm.a(lib_a-math_err.o)
                0x00000000080028b8                __math_divzero
 .text.__math_invalid
                0x00000000080028e8       0x20 /home/lbogdanov/programs/gcc-arm-none-eabi-8-2018-q4-major/bin/../lib/gcc/arm-none-eabi/8.2.1/../../../../arm-none-eabi/lib/thumb/v7e-m+dp/hard/libm.a(lib_a-math_err.o)
                0x00000000080028e8                __math_invalid
 .text.__math_check_uflow
                0x0000000008002908       0x14 /home/lbogdanov/programs/gcc-arm-none-eabi-8-2018-q4-major/bin/../lib/gcc/arm-none-eabi/8.2.1/../../../../arm-none-eabi/lib/thumb/v7e-m+dp/hard/libm.a(lib_a-math_err.o)
                0x0000000008002908                __math_check_uflow
 *fill*         0x000000000800291c        0x4 
 .text.__math_check_oflow
                0x0000000008002920       0x28 /home/lbogdanov/programs/gcc-arm-none-eabi-8-2018-q4-major/bin/../lib/gcc/arm-none-eabi/8.2.1/../../../../arm-none-eabi/lib/thumb/v7e-m+dp/hard/libm.a(lib_a-math_err.o)
                0x0000000008002920                __math_check_oflow
 .text          0x0000000008002948        0x0 /home/lbogdanov/programs/gcc-arm-none-eabi-8-2018-q4-major/bin/../lib/gcc/arm-none-eabi/8.2.1/../../../../arm-none-eabi/lib/thumb/v7e-m+dp/hard/libm.a(lib_a-s_lib_ver.o)
 .text          0x0000000008002948        0x0 /home/lbogdanov/programs/gcc-arm-none-eabi-8-2018-q4-major/bin/../lib/gcc/arm-none-eabi/8.2.1/../../../../arm-none-eabi/lib/thumb/v7e-m+dp/hard/libm.a(lib_a-s_matherr.o)
 .text.matherr  0x0000000008002948        0x4 /home/lbogdanov/programs/gcc-arm-none-eabi-8-2018-q4-major/bin/../lib/gcc/arm-none-eabi/8.2.1/../../../../arm-none-eabi/lib/thumb/v7e-m+dp/hard/libm.a(lib_a-s_matherr.o)
                0x0000000008002948                matherr
 .text          0x000000000800294c       0x30 /home/lbogdanov/programs/gcc-arm-none-eabi-8-2018-q4-major/bin/../lib/gcc/arm-none-eabi/8.2.1/thumb/v7e-m+dp/hard/libgcc.a(_aeabi_uldivmod.o)
                0x000000000800294c                __aeabi_uldivmod
 .text          0x000000000800297c      0x2d0 /home/lbogdanov/programs/gcc-arm-none-eabi-8-2018-q4-major/bin/../lib/gcc/arm-none-eabi/8.2.1/thumb/v7e-m+dp/hard/libgcc.a(_udivmoddi4.o)
                0x000000000800297c                __udivmoddi4
 .text          0x0000000008002c4c        0x4 /home/lbogdanov/programs/gcc-arm-none-eabi-8-2018-q4-major/bin/../lib/gcc/arm-none-eabi/8.2.1/thumb/v7e-m+dp/hard/libgcc.a(_dvmd_tls.o)
                0x0000000008002c4c                __aeabi_ldiv0
                0x0000000008002c4c                __aeabi_idiv0
 .text          0x0000000008002c50        0x0 /home/lbogdanov/programs/gcc-arm-none-eabi-8-2018-q4-major/bin/../lib/gcc/arm-none-eabi/8.2.1/../../../../arm-none-eabi/lib/thumb/v7e-m+dp/hard/libc.a(lib_a-errno.o)
 .text.__errno  0x0000000008002c50        0xc /home/lbogdanov/programs/gcc-arm-none-eabi-8-2018-q4-major/bin/../lib/gcc/arm-none-eabi/8.2.1/../../../../arm-none-eabi/lib/thumb/v7e-m+dp/hard/libc.a(lib_a-errno.o)
                0x0000000008002c50                __errno
 .text          0x0000000008002c5c        0x0 /home/lbogdanov/programs/gcc-arm-none-eabi-8-2018-q4-major/bin/../lib/gcc/arm-none-eabi/8.2.1/../../../../arm-none-eabi/lib/thumb/v7e-m+dp/hard/libc.a(lib_a-impure.o)
 *(.rodata*)
 .rodata        0x0000000008002c5c       0x20 ./debug/main.o
 *fill*         0x0000000008002c7c        0x4 
 .rodata        0x0000000008002c80       0x68 ./debug/printf.o
 .rodata        0x0000000008002ce8        0x8 ./debug/button.o
 .rodata.__pow_log_data
                0x0000000008002cf0     0x1048 /home/lbogdanov/programs/gcc-arm-none-eabi-8-2018-q4-major/bin/../lib/gcc/arm-none-eabi/8.2.1/../../../../arm-none-eabi/lib/thumb/v7e-m+dp/hard/libm.a(lib_a-pow_log_data.o)
                0x0000000008002cf0                __pow_log_data
 .rodata.sqrt.str1.4
                0x0000000008003d38        0x8 /home/lbogdanov/programs/gcc-arm-none-eabi-8-2018-q4-major/bin/../lib/gcc/arm-none-eabi/8.2.1/../../../../arm-none-eabi/lib/thumb/v7e-m+dp/hard/libm.a(lib_a-w_sqrt.o)
                                          0x5 (size before relaxing)
 .rodata.__exp_data
                0x0000000008003d40      0x870 /home/lbogdanov/programs/gcc-arm-none-eabi-8-2018-q4-major/bin/../lib/gcc/arm-none-eabi/8.2.1/../../../../arm-none-eabi/lib/thumb/v7e-m+dp/hard/libm.a(lib_a-exp_data.o)
                0x0000000008003d40                __exp_data
 .rodata._global_impure_ptr
                0x00000000080045b0        0x4 /home/lbogdanov/programs/gcc-arm-none-eabi-8-2018-q4-major/bin/../lib/gcc/arm-none-eabi/8.2.1/../../../../arm-none-eabi/lib/thumb/v7e-m+dp/hard/libc.a(lib_a-impure.o)
                0x00000000080045b0                _global_impure_ptr
                0x00000000080045b4                _etext = .
                0x00000000080045bc                _sdata_lma = LOADADDR (.data)

.ARM.extab      0x00000000080045b4        0x0
 .ARM.extab     0x00000000080045b4        0x0 /home/lbogdanov/programs/gcc-arm-none-eabi-8-2018-q4-major/bin/../lib/gcc/arm-none-eabi/8.2.1/thumb/v7e-m+dp/hard/libgcc.a(_udivmoddi4.o)

.ARM.exidx      0x00000000080045b4        0x8
 .ARM.exidx     0x00000000080045b4        0x8 /home/lbogdanov/programs/gcc-arm-none-eabi-8-2018-q4-major/bin/../lib/gcc/arm-none-eabi/8.2.1/thumb/v7e-m+dp/hard/libgcc.a(_udivmoddi4.o)

.glue_7         0x00000000080045bc        0x0
 .glue_7        0x00000000080045bc        0x0 linker stubs

.glue_7t        0x00000000080045bc        0x0
 .glue_7t       0x00000000080045bc        0x0 linker stubs

.vfp11_veneer   0x00000000080045bc        0x0
 .vfp11_veneer  0x00000000080045bc        0x0 linker stubs

.v4_bx          0x00000000080045bc        0x0
 .v4_bx         0x00000000080045bc        0x0 linker stubs

.iplt           0x00000000080045bc        0x0
 .iplt          0x00000000080045bc        0x0 ./debug/main.o

.rel.dyn        0x00000000080045bc        0x0
 .rel.iplt      0x00000000080045bc        0x0 ./debug/main.o

.data           0x0000000020000000      0x4a8 load address 0x00000000080045bc
                0x0000000020000000                _sdata = .
 *(.data*)
 .data          0x0000000020000000        0x4 ./debug/main.o
                0x0000000020000000                scb_cpacr
 .data          0x0000000020000004       0x10 ./debug/led.o
                0x0000000020000004                ahb1enr
                0x0000000020000008                gpio_a_moder
                0x000000002000000c                gpio_a_otyper
                0x0000000020000010                gpio_a_odr
 .data          0x0000000020000014       0x24 ./debug/uart.o
 .data          0x0000000020000038        0x0 ./debug/startup.o
 .data          0x0000000020000038        0x0 ./debug/printf.o
 .data          0x0000000020000038        0x0 ./debug/standard_rms.o
 .data          0x0000000020000038       0x3c ./debug/button.o
 .data          0x0000000020000074        0x0 /home/lbogdanov/programs/gcc-arm-none-eabi-8-2018-q4-major/bin/../lib/gcc/arm-none-eabi/8.2.1/../../../../arm-none-eabi/lib/thumb/v7e-m+dp/hard/libm.a(lib_a-pow.o)
 .data          0x0000000020000074        0x0 /home/lbogdanov/programs/gcc-arm-none-eabi-8-2018-q4-major/bin/../lib/gcc/arm-none-eabi/8.2.1/../../../../arm-none-eabi/lib/thumb/v7e-m+dp/hard/libm.a(lib_a-pow_log_data.o)
 .data          0x0000000020000074        0x0 /home/lbogdanov/programs/gcc-arm-none-eabi-8-2018-q4-major/bin/../lib/gcc/arm-none-eabi/8.2.1/../../../../arm-none-eabi/lib/thumb/v7e-m+dp/hard/libm.a(lib_a-w_sqrt.o)
 .data          0x0000000020000074        0x0 /home/lbogdanov/programs/gcc-arm-none-eabi-8-2018-q4-major/bin/../lib/gcc/arm-none-eabi/8.2.1/../../../../arm-none-eabi/lib/thumb/v7e-m+dp/hard/libm.a(lib_a-e_sqrt.o)
 .data          0x0000000020000074        0x0 /home/lbogdanov/programs/gcc-arm-none-eabi-8-2018-q4-major/bin/../lib/gcc/arm-none-eabi/8.2.1/../../../../arm-none-eabi/lib/thumb/v7e-m+dp/hard/libm.a(lib_a-exp_data.o)
 .data          0x0000000020000074        0x0 /home/lbogdanov/programs/gcc-arm-none-eabi-8-2018-q4-major/bin/../lib/gcc/arm-none-eabi/8.2.1/../../../../arm-none-eabi/lib/thumb/v7e-m+dp/hard/libm.a(lib_a-math_err.o)
 .data          0x0000000020000074        0x0 /home/lbogdanov/programs/gcc-arm-none-eabi-8-2018-q4-major/bin/../lib/gcc/arm-none-eabi/8.2.1/../../../../arm-none-eabi/lib/thumb/v7e-m+dp/hard/libm.a(lib_a-s_lib_ver.o)
 .data.__fdlib_version
                0x0000000020000074        0x1 /home/lbogdanov/programs/gcc-arm-none-eabi-8-2018-q4-major/bin/../lib/gcc/arm-none-eabi/8.2.1/../../../../arm-none-eabi/lib/thumb/v7e-m+dp/hard/libm.a(lib_a-s_lib_ver.o)
                0x0000000020000074                __fdlib_version
 .data          0x0000000020000075        0x0 /home/lbogdanov/programs/gcc-arm-none-eabi-8-2018-q4-major/bin/../lib/gcc/arm-none-eabi/8.2.1/../../../../arm-none-eabi/lib/thumb/v7e-m+dp/hard/libm.a(lib_a-s_matherr.o)
 .data          0x0000000020000075        0x0 /home/lbogdanov/programs/gcc-arm-none-eabi-8-2018-q4-major/bin/../lib/gcc/arm-none-eabi/8.2.1/thumb/v7e-m+dp/hard/libgcc.a(_aeabi_uldivmod.o)
 .data          0x0000000020000075        0x0 /home/lbogdanov/programs/gcc-arm-none-eabi-8-2018-q4-major/bin/../lib/gcc/arm-none-eabi/8.2.1/thumb/v7e-m+dp/hard/libgcc.a(_udivmoddi4.o)
 .data          0x0000000020000075        0x0 /home/lbogdanov/programs/gcc-arm-none-eabi-8-2018-q4-major/bin/../lib/gcc/arm-none-eabi/8.2.1/thumb/v7e-m+dp/hard/libgcc.a(_dvmd_tls.o)
 .data          0x0000000020000075        0x0 /home/lbogdanov/programs/gcc-arm-none-eabi-8-2018-q4-major/bin/../lib/gcc/arm-none-eabi/8.2.1/../../../../arm-none-eabi/lib/thumb/v7e-m+dp/hard/libc.a(lib_a-errno.o)
 .data          0x0000000020000075        0x0 /home/lbogdanov/programs/gcc-arm-none-eabi-8-2018-q4-major/bin/../lib/gcc/arm-none-eabi/8.2.1/../../../../arm-none-eabi/lib/thumb/v7e-m+dp/hard/libc.a(lib_a-impure.o)
 *fill*         0x0000000020000075        0x3 
 .data._impure_ptr
                0x0000000020000078        0x4 /home/lbogdanov/programs/gcc-arm-none-eabi-8-2018-q4-major/bin/../lib/gcc/arm-none-eabi/8.2.1/../../../../arm-none-eabi/lib/thumb/v7e-m+dp/hard/libc.a(lib_a-impure.o)
                0x0000000020000078                _impure_ptr
 *fill*         0x000000002000007c        0x4 
 .data.impure_data
                0x0000000020000080      0x428 /home/lbogdanov/programs/gcc-arm-none-eabi-8-2018-q4-major/bin/../lib/gcc/arm-none-eabi/8.2.1/../../../../arm-none-eabi/lib/thumb/v7e-m+dp/hard/libc.a(lib_a-impure.o)
                0x00000000200004a8                _edata = .

.igot.plt       0x00000000200004a8        0x0 load address 0x0000000008004a64
 .igot.plt      0x00000000200004a8        0x0 ./debug/main.o

.bss            0x00000000200004a8        0x0 load address 0x0000000008004a64
                0x00000000200004a8                _sbss = .
 *(.bss*)
 .bss           0x00000000200004a8        0x0 ./debug/main.o
 .bss           0x00000000200004a8        0x0 ./debug/led.o
 .bss           0x00000000200004a8        0x0 ./debug/uart.o
 .bss           0x00000000200004a8        0x0 ./debug/startup.o
 .bss           0x00000000200004a8        0x0 ./debug/printf.o
 .bss           0x00000000200004a8        0x0 ./debug/standard_rms.o
 .bss           0x00000000200004a8        0x0 ./debug/button.o
 .bss           0x00000000200004a8        0x0 /home/lbogdanov/programs/gcc-arm-none-eabi-8-2018-q4-major/bin/../lib/gcc/arm-none-eabi/8.2.1/../../../../arm-none-eabi/lib/thumb/v7e-m+dp/hard/libm.a(lib_a-pow.o)
 .bss           0x00000000200004a8        0x0 /home/lbogdanov/programs/gcc-arm-none-eabi-8-2018-q4-major/bin/../lib/gcc/arm-none-eabi/8.2.1/../../../../arm-none-eabi/lib/thumb/v7e-m+dp/hard/libm.a(lib_a-pow_log_data.o)
 .bss           0x00000000200004a8        0x0 /home/lbogdanov/programs/gcc-arm-none-eabi-8-2018-q4-major/bin/../lib/gcc/arm-none-eabi/8.2.1/../../../../arm-none-eabi/lib/thumb/v7e-m+dp/hard/libm.a(lib_a-w_sqrt.o)
 .bss           0x00000000200004a8        0x0 /home/lbogdanov/programs/gcc-arm-none-eabi-8-2018-q4-major/bin/../lib/gcc/arm-none-eabi/8.2.1/../../../../arm-none-eabi/lib/thumb/v7e-m+dp/hard/libm.a(lib_a-e_sqrt.o)
 .bss           0x00000000200004a8        0x0 /home/lbogdanov/programs/gcc-arm-none-eabi-8-2018-q4-major/bin/../lib/gcc/arm-none-eabi/8.2.1/../../../../arm-none-eabi/lib/thumb/v7e-m+dp/hard/libm.a(lib_a-exp_data.o)
 .bss           0x00000000200004a8        0x0 /home/lbogdanov/programs/gcc-arm-none-eabi-8-2018-q4-major/bin/../lib/gcc/arm-none-eabi/8.2.1/../../../../arm-none-eabi/lib/thumb/v7e-m+dp/hard/libm.a(lib_a-math_err.o)
 .bss           0x00000000200004a8        0x0 /home/lbogdanov/programs/gcc-arm-none-eabi-8-2018-q4-major/bin/../lib/gcc/arm-none-eabi/8.2.1/../../../../arm-none-eabi/lib/thumb/v7e-m+dp/hard/libm.a(lib_a-s_lib_ver.o)
 .bss           0x00000000200004a8        0x0 /home/lbogdanov/programs/gcc-arm-none-eabi-8-2018-q4-major/bin/../lib/gcc/arm-none-eabi/8.2.1/../../../../arm-none-eabi/lib/thumb/v7e-m+dp/hard/libm.a(lib_a-s_matherr.o)
 .bss           0x00000000200004a8        0x0 /home/lbogdanov/programs/gcc-arm-none-eabi-8-2018-q4-major/bin/../lib/gcc/arm-none-eabi/8.2.1/thumb/v7e-m+dp/hard/libgcc.a(_aeabi_uldivmod.o)
 .bss           0x00000000200004a8        0x0 /home/lbogdanov/programs/gcc-arm-none-eabi-8-2018-q4-major/bin/../lib/gcc/arm-none-eabi/8.2.1/thumb/v7e-m+dp/hard/libgcc.a(_udivmoddi4.o)
 .bss           0x00000000200004a8        0x0 /home/lbogdanov/programs/gcc-arm-none-eabi-8-2018-q4-major/bin/../lib/gcc/arm-none-eabi/8.2.1/thumb/v7e-m+dp/hard/libgcc.a(_dvmd_tls.o)
 .bss           0x00000000200004a8        0x0 /home/lbogdanov/programs/gcc-arm-none-eabi-8-2018-q4-major/bin/../lib/gcc/arm-none-eabi/8.2.1/../../../../arm-none-eabi/lib/thumb/v7e-m+dp/hard/libc.a(lib_a-errno.o)
 .bss           0x00000000200004a8        0x0 /home/lbogdanov/programs/gcc-arm-none-eabi-8-2018-q4-major/bin/../lib/gcc/arm-none-eabi/8.2.1/../../../../arm-none-eabi/lib/thumb/v7e-m+dp/hard/libc.a(lib_a-impure.o)
 *(COMMON)
                0x00000000200004a8                _ebss = .

.heap           0x00000000200004a8        0x0 load address 0x0000000008004a64
                0x00000000200004a8                _heap = .
                0x00000000200004a8                end = _heap
 *(.heap*)
                0x00000000200004a8                _eheap = .
OUTPUT(./debug/main.axf elf32-littlearm)

.debug_info     0x0000000000000000     0x31ba
 .debug_info    0x0000000000000000      0xa9e ./debug/main.o
 .debug_info    0x0000000000000a9e      0x10d ./debug/led.o
 .debug_info    0x0000000000000bab      0x1d3 ./debug/uart.o
 .debug_info    0x0000000000000d7e      0xa90 ./debug/startup.o
 .debug_info    0x000000000000180e      0xdf3 ./debug/printf.o
 .debug_info    0x0000000000002601      0x9c3 ./debug/standard_rms.o
 .debug_info    0x0000000000002fc4      0x1f6 ./debug/button.o

.debug_abbrev   0x0000000000000000      0xa3b
 .debug_abbrev  0x0000000000000000      0x232 ./debug/main.o
 .debug_abbrev  0x0000000000000232       0x76 ./debug/led.o
 .debug_abbrev  0x00000000000002a8       0xa1 ./debug/uart.o
 .debug_abbrev  0x0000000000000349      0x20f ./debug/startup.o
 .debug_abbrev  0x0000000000000558      0x22b ./debug/printf.o
 .debug_abbrev  0x0000000000000783      0x20e ./debug/standard_rms.o
 .debug_abbrev  0x0000000000000991       0xaa ./debug/button.o

.debug_aranges  0x0000000000000000       0xe0
 .debug_aranges
                0x0000000000000000       0x20 ./debug/main.o
 .debug_aranges
                0x0000000000000020       0x20 ./debug/led.o
 .debug_aranges
                0x0000000000000040       0x20 ./debug/uart.o
 .debug_aranges
                0x0000000000000060       0x20 ./debug/startup.o
 .debug_aranges
                0x0000000000000080       0x20 ./debug/printf.o
 .debug_aranges
                0x00000000000000a0       0x20 ./debug/standard_rms.o
 .debug_aranges
                0x00000000000000c0       0x20 ./debug/button.o

.debug_line     0x0000000000000000     0x1638
 .debug_line    0x0000000000000000      0x224 ./debug/main.o
 .debug_line    0x0000000000000224      0x127 ./debug/led.o
 .debug_line    0x000000000000034b      0x1d2 ./debug/uart.o
 .debug_line    0x000000000000051d      0x232 ./debug/startup.o
 .debug_line    0x000000000000074f      0xbfa ./debug/printf.o
 .debug_line    0x0000000000001349      0x1a1 ./debug/standard_rms.o
 .debug_line    0x00000000000014ea      0x14e ./debug/button.o

.debug_str      0x0000000000000000      0xbc0
 .debug_str     0x0000000000000000      0x539 ./debug/main.o
                                        0x5b5 (size before relaxing)
 .debug_str     0x0000000000000539       0x8c ./debug/led.o
                                        0x1c1 (size before relaxing)
 .debug_str     0x00000000000005c5       0xd1 ./debug/uart.o
                                        0x23b (size before relaxing)
 .debug_str     0x0000000000000696      0x19c ./debug/startup.o
                                        0x663 (size before relaxing)
 .debug_str     0x0000000000000832      0x1e0 ./debug/printf.o
                                        0x379 (size before relaxing)
 .debug_str     0x0000000000000a12       0x91 ./debug/standard_rms.o
                                        0x5e3 (size before relaxing)
 .debug_str     0x0000000000000aa3      0x11d ./debug/button.o
                                        0x275 (size before relaxing)

.comment        0x0000000000000000       0x75
 .comment       0x0000000000000000       0x75 ./debug/main.o
                                         0x76 (size before relaxing)
 .comment       0x0000000000000075       0x76 ./debug/led.o
 .comment       0x0000000000000075       0x76 ./debug/uart.o
 .comment       0x0000000000000075       0x76 ./debug/startup.o
 .comment       0x0000000000000075       0x76 ./debug/printf.o
 .comment       0x0000000000000075       0x76 ./debug/standard_rms.o
 .comment       0x0000000000000075       0x76 ./debug/button.o

.ARM.attributes
                0x0000000000000000       0x32
 .ARM.attributes
                0x0000000000000000       0x32 ./debug/main.o
 .ARM.attributes
                0x0000000000000032       0x32 ./debug/led.o
 .ARM.attributes
                0x0000000000000064       0x32 ./debug/uart.o
 .ARM.attributes
                0x0000000000000096       0x32 ./debug/startup.o
 .ARM.attributes
                0x00000000000000c8       0x32 ./debug/printf.o
 .ARM.attributes
                0x00000000000000fa       0x32 ./debug/standard_rms.o
 .ARM.attributes
                0x000000000000012c       0x32 ./debug/button.o
 .ARM.attributes
                0x000000000000015e       0x32 /home/lbogdanov/programs/gcc-arm-none-eabi-8-2018-q4-major/bin/../lib/gcc/arm-none-eabi/8.2.1/../../../../arm-none-eabi/lib/thumb/v7e-m+dp/hard/libm.a(lib_a-pow.o)
 .ARM.attributes
                0x0000000000000190       0x30 /home/lbogdanov/programs/gcc-arm-none-eabi-8-2018-q4-major/bin/../lib/gcc/arm-none-eabi/8.2.1/../../../../arm-none-eabi/lib/thumb/v7e-m+dp/hard/libm.a(lib_a-pow_log_data.o)
 .ARM.attributes
                0x00000000000001c0       0x32 /home/lbogdanov/programs/gcc-arm-none-eabi-8-2018-q4-major/bin/../lib/gcc/arm-none-eabi/8.2.1/../../../../arm-none-eabi/lib/thumb/v7e-m+dp/hard/libm.a(lib_a-w_sqrt.o)
 .ARM.attributes
                0x00000000000001f2       0x32 /home/lbogdanov/programs/gcc-arm-none-eabi-8-2018-q4-major/bin/../lib/gcc/arm-none-eabi/8.2.1/../../../../arm-none-eabi/lib/thumb/v7e-m+dp/hard/libm.a(lib_a-e_sqrt.o)
 .ARM.attributes
                0x0000000000000224       0x30 /home/lbogdanov/programs/gcc-arm-none-eabi-8-2018-q4-major/bin/../lib/gcc/arm-none-eabi/8.2.1/../../../../arm-none-eabi/lib/thumb/v7e-m+dp/hard/libm.a(lib_a-exp_data.o)
 .ARM.attributes
                0x0000000000000254       0x32 /home/lbogdanov/programs/gcc-arm-none-eabi-8-2018-q4-major/bin/../lib/gcc/arm-none-eabi/8.2.1/../../../../arm-none-eabi/lib/thumb/v7e-m+dp/hard/libm.a(lib_a-math_err.o)
 .ARM.attributes
                0x0000000000000286       0x30 /home/lbogdanov/programs/gcc-arm-none-eabi-8-2018-q4-major/bin/../lib/gcc/arm-none-eabi/8.2.1/../../../../arm-none-eabi/lib/thumb/v7e-m+dp/hard/libm.a(lib_a-s_lib_ver.o)
 .ARM.attributes
                0x00000000000002b6       0x32 /home/lbogdanov/programs/gcc-arm-none-eabi-8-2018-q4-major/bin/../lib/gcc/arm-none-eabi/8.2.1/../../../../arm-none-eabi/lib/thumb/v7e-m+dp/hard/libm.a(lib_a-s_matherr.o)
 .ARM.attributes
                0x00000000000002e8       0x1e /home/lbogdanov/programs/gcc-arm-none-eabi-8-2018-q4-major/bin/../lib/gcc/arm-none-eabi/8.2.1/thumb/v7e-m+dp/hard/libgcc.a(_aeabi_uldivmod.o)
 .ARM.attributes
                0x0000000000000306       0x32 /home/lbogdanov/programs/gcc-arm-none-eabi-8-2018-q4-major/bin/../lib/gcc/arm-none-eabi/8.2.1/thumb/v7e-m+dp/hard/libgcc.a(_udivmoddi4.o)
 .ARM.attributes
                0x0000000000000338       0x1e /home/lbogdanov/programs/gcc-arm-none-eabi-8-2018-q4-major/bin/../lib/gcc/arm-none-eabi/8.2.1/thumb/v7e-m+dp/hard/libgcc.a(_dvmd_tls.o)
 .ARM.attributes
                0x0000000000000356       0x32 /home/lbogdanov/programs/gcc-arm-none-eabi-8-2018-q4-major/bin/../lib/gcc/arm-none-eabi/8.2.1/../../../../arm-none-eabi/lib/thumb/v7e-m+dp/hard/libc.a(lib_a-errno.o)
 .ARM.attributes
                0x0000000000000388       0x30 /home/lbogdanov/programs/gcc-arm-none-eabi-8-2018-q4-major/bin/../lib/gcc/arm-none-eabi/8.2.1/../../../../arm-none-eabi/lib/thumb/v7e-m+dp/hard/libc.a(lib_a-impure.o)

.debug_frame    0x0000000000000000      0x9e4
 .debug_frame   0x0000000000000000       0xa0 ./debug/main.o
 .debug_frame   0x00000000000000a0       0x70 ./debug/led.o
 .debug_frame   0x0000000000000110       0x88 ./debug/uart.o
 .debug_frame   0x0000000000000198      0x120 ./debug/startup.o
 .debug_frame   0x00000000000002b8      0x370 ./debug/printf.o
 .debug_frame   0x0000000000000628       0x48 ./debug/standard_rms.o
 .debug_frame   0x0000000000000670       0x6c ./debug/button.o
 .debug_frame   0x00000000000006dc      0x130 /home/lbogdanov/programs/gcc-arm-none-eabi-8-2018-q4-major/bin/../lib/gcc/arm-none-eabi/8.2.1/../../../../arm-none-eabi/lib/thumb/v7e-m+dp/hard/libm.a(lib_a-pow.o)
 .debug_frame   0x000000000000080c       0x4c /home/lbogdanov/programs/gcc-arm-none-eabi-8-2018-q4-major/bin/../lib/gcc/arm-none-eabi/8.2.1/../../../../arm-none-eabi/lib/thumb/v7e-m+dp/hard/libm.a(lib_a-w_sqrt.o)
 .debug_frame   0x0000000000000858       0x20 /home/lbogdanov/programs/gcc-arm-none-eabi-8-2018-q4-major/bin/../lib/gcc/arm-none-eabi/8.2.1/../../../../arm-none-eabi/lib/thumb/v7e-m+dp/hard/libm.a(lib_a-e_sqrt.o)
 .debug_frame   0x0000000000000878       0xcc /home/lbogdanov/programs/gcc-arm-none-eabi-8-2018-q4-major/bin/../lib/gcc/arm-none-eabi/8.2.1/../../../../arm-none-eabi/lib/thumb/v7e-m+dp/hard/libm.a(lib_a-math_err.o)
 .debug_frame   0x0000000000000944       0x20 /home/lbogdanov/programs/gcc-arm-none-eabi-8-2018-q4-major/bin/../lib/gcc/arm-none-eabi/8.2.1/../../../../arm-none-eabi/lib/thumb/v7e-m+dp/hard/libm.a(lib_a-s_matherr.o)
 .debug_frame   0x0000000000000964       0x2c /home/lbogdanov/programs/gcc-arm-none-eabi-8-2018-q4-major/bin/../lib/gcc/arm-none-eabi/8.2.1/thumb/v7e-m+dp/hard/libgcc.a(_aeabi_uldivmod.o)
 .debug_frame   0x0000000000000990       0x34 /home/lbogdanov/programs/gcc-arm-none-eabi-8-2018-q4-major/bin/../lib/gcc/arm-none-eabi/8.2.1/thumb/v7e-m+dp/hard/libgcc.a(_udivmoddi4.o)
 .debug_frame   0x00000000000009c4       0x20 /home/lbogdanov/programs/gcc-arm-none-eabi-8-2018-q4-major/bin/../lib/gcc/arm-none-eabi/8.2.1/../../../../arm-none-eabi/lib/thumb/v7e-m+dp/hard/libc.a(lib_a-errno.o)
