<?xml version="1.0"?>
<link_info>
   <banner>MSP430 Linker Unix v15.12.1.LTS</banner>
   <copyright>Copyright (c) 2003-2015 Texas Instruments Incorporated</copyright>
   <link_time>0x63d2627f</link_time>
   <link_errors>0x0</link_errors>
   <output_file>SensorApplication.out</output_file>
   <entry_point>
      <name>_c_int00_noargs_noexit_mpu</name>
      <address>0x4400</address>
   </entry_point>
   <input_file_list>
      <input_file id="fl-2">
         <path>./</path>
         <kind>object</kind>
         <file>board.obj</file>
         <name>board.obj</name>
      </input_file>
      <input_file id="fl-3">
         <path>./</path>
         <kind>object</kind>
         <file>cli_uart.obj</file>
         <name>cli_uart.obj</name>
      </input_file>
      <input_file id="fl-4">
         <path>./</path>
         <kind>object</kind>
         <file>leds.obj</file>
         <name>leds.obj</name>
      </input_file>
      <input_file id="fl-5">
         <path>./</path>
         <kind>object</kind>
         <file>main.obj</file>
         <name>main.obj</name>
      </input_file>
      <input_file id="fl-6">
         <path>./</path>
         <kind>object</kind>
         <file>sensors.obj</file>
         <name>sensors.obj</name>
      </input_file>
      <input_file id="fl-7">
         <path>./</path>
         <kind>object</kind>
         <file>simple_link_func.obj</file>
         <name>simple_link_func.obj</name>
      </input_file>
      <input_file id="fl-8">
         <path>./</path>
         <kind>object</kind>
         <file>spi.obj</file>
         <name>spi.obj</name>
      </input_file>
      <input_file id="fl-9">
         <path>./</path>
         <kind>object</kind>
         <file>uart.obj</file>
         <name>uart.obj</name>
      </input_file>
      <input_file id="fl-a">
         <path>./</path>
         <kind>object</kind>
         <file>uartstdio.obj</file>
         <name>uartstdio.obj</name>
      </input_file>
      <input_file id="fl-b">
         <path>./common/</path>
         <kind>object</kind>
         <file>jsmn.obj</file>
         <name>jsmn.obj</name>
      </input_file>
      <input_file id="fl-c">
         <path>./simplelink/source/</path>
         <kind>object</kind>
         <file>device.obj</file>
         <name>device.obj</name>
      </input_file>
      <input_file id="fl-d">
         <path>./simplelink/source/</path>
         <kind>object</kind>
         <file>driver.obj</file>
         <name>driver.obj</name>
      </input_file>
      <input_file id="fl-e">
         <path>./simplelink/source/</path>
         <kind>object</kind>
         <file>flowcont.obj</file>
         <name>flowcont.obj</name>
      </input_file>
      <input_file id="fl-f">
         <path>./simplelink/source/</path>
         <kind>object</kind>
         <file>fs.obj</file>
         <name>fs.obj</name>
      </input_file>
      <input_file id="fl-10">
         <path>./simplelink/source/</path>
         <kind>object</kind>
         <file>netapp.obj</file>
         <name>netapp.obj</name>
      </input_file>
      <input_file id="fl-11">
         <path>./simplelink/source/</path>
         <kind>object</kind>
         <file>netcfg.obj</file>
         <name>netcfg.obj</name>
      </input_file>
      <input_file id="fl-12">
         <path>./simplelink/source/</path>
         <kind>object</kind>
         <file>nonos.obj</file>
         <name>nonos.obj</name>
      </input_file>
      <input_file id="fl-13">
         <path>./simplelink/source/</path>
         <kind>object</kind>
         <file>socket.obj</file>
         <name>socket.obj</name>
      </input_file>
      <input_file id="fl-14">
         <path>./simplelink/source/</path>
         <kind>object</kind>
         <file>spawn.obj</file>
         <name>spawn.obj</name>
      </input_file>
      <input_file id="fl-15">
         <path>./simplelink/source/</path>
         <kind>object</kind>
         <file>wlan.obj</file>
         <name>wlan.obj</name>
      </input_file>
      <input_file id="fl-3d">
         <path>/home/lab1362-01/programs/ti/ccsv6/tools/compiler/ti-cgt-msp430_15.12.1.LTS/lib/</path>
         <kind>archive</kind>
         <file>rts430x_lc_rd_eabi.lib</file>
         <name>copy_decompress_none.obj</name>
      </input_file>
      <input_file id="fl-3e">
         <path>/home/lab1362-01/programs/ti/ccsv6/tools/compiler/ti-cgt-msp430_15.12.1.LTS/lib/</path>
         <kind>archive</kind>
         <file>rts430x_lc_rd_eabi.lib</file>
         <name>copy_decompress_rle.obj</name>
      </input_file>
      <input_file id="fl-3f">
         <path>/home/lab1362-01/programs/ti/ccsv6/tools/compiler/ti-cgt-msp430_15.12.1.LTS/lib/</path>
         <kind>archive</kind>
         <file>rts430x_lc_rd_eabi.lib</file>
         <name>int27.obj</name>
      </input_file>
      <input_file id="fl-40">
         <path>/home/lab1362-01/programs/ti/ccsv6/tools/compiler/ti-cgt-msp430_15.12.1.LTS/lib/</path>
         <kind>archive</kind>
         <file>rts430x_lc_rd_eabi.lib</file>
         <name>isr_trap.obj</name>
      </input_file>
      <input_file id="fl-41">
         <path>/home/lab1362-01/programs/ti/ccsv6/tools/compiler/ti-cgt-msp430_15.12.1.LTS/lib/</path>
         <kind>archive</kind>
         <file>rts430x_lc_rd_eabi.lib</file>
         <name>int29.obj</name>
      </input_file>
      <input_file id="fl-42">
         <path>/home/lab1362-01/programs/ti/ccsv6/tools/compiler/ti-cgt-msp430_15.12.1.LTS/lib/</path>
         <kind>archive</kind>
         <file>rts430x_lc_rd_eabi.lib</file>
         <name>int30.obj</name>
      </input_file>
      <input_file id="fl-43">
         <path>/home/lab1362-01/programs/ti/ccsv6/tools/compiler/ti-cgt-msp430_15.12.1.LTS/lib/</path>
         <kind>archive</kind>
         <file>rts430x_lc_rd_eabi.lib</file>
         <name>int31.obj</name>
      </input_file>
      <input_file id="fl-44">
         <path>/home/lab1362-01/programs/ti/ccsv6/tools/compiler/ti-cgt-msp430_15.12.1.LTS/lib/</path>
         <kind>archive</kind>
         <file>rts430x_lc_rd_eabi.lib</file>
         <name>int32.obj</name>
      </input_file>
      <input_file id="fl-45">
         <path>/home/lab1362-01/programs/ti/ccsv6/tools/compiler/ti-cgt-msp430_15.12.1.LTS/lib/</path>
         <kind>archive</kind>
         <file>rts430x_lc_rd_eabi.lib</file>
         <name>int33.obj</name>
      </input_file>
      <input_file id="fl-46">
         <path>/home/lab1362-01/programs/ti/ccsv6/tools/compiler/ti-cgt-msp430_15.12.1.LTS/lib/</path>
         <kind>archive</kind>
         <file>rts430x_lc_rd_eabi.lib</file>
         <name>int37.obj</name>
      </input_file>
      <input_file id="fl-47">
         <path>/home/lab1362-01/programs/ti/ccsv6/tools/compiler/ti-cgt-msp430_15.12.1.LTS/lib/</path>
         <kind>archive</kind>
         <file>rts430x_lc_rd_eabi.lib</file>
         <name>int41.obj</name>
      </input_file>
      <input_file id="fl-48">
         <path>/home/lab1362-01/programs/ti/ccsv6/tools/compiler/ti-cgt-msp430_15.12.1.LTS/lib/</path>
         <kind>archive</kind>
         <file>rts430x_lc_rd_eabi.lib</file>
         <name>int48.obj</name>
      </input_file>
      <input_file id="fl-49">
         <path>/home/lab1362-01/programs/ti/ccsv6/tools/compiler/ti-cgt-msp430_15.12.1.LTS/lib/</path>
         <kind>archive</kind>
         <file>rts430x_lc_rd_eabi.lib</file>
         <name>int52.obj</name>
      </input_file>
      <input_file id="fl-4a">
         <path>/home/lab1362-01/programs/ti/ccsv6/tools/compiler/ti-cgt-msp430_15.12.1.LTS/lib/</path>
         <kind>archive</kind>
         <file>rts430x_lc_rd_eabi.lib</file>
         <name>copy_zero_init.obj</name>
      </input_file>
      <input_file id="fl-4b">
         <path>/home/lab1362-01/programs/ti/ccsv6/tools/compiler/ti-cgt-msp430_15.12.1.LTS/lib/</path>
         <kind>archive</kind>
         <file>rts430x_lc_rd_eabi.lib</file>
         <name>fs_add.obj</name>
      </input_file>
      <input_file id="fl-4c">
         <path>/home/lab1362-01/programs/ti/ccsv6/tools/compiler/ti-cgt-msp430_15.12.1.LTS/lib/</path>
         <kind>archive</kind>
         <file>rts430x_lc_rd_eabi.lib</file>
         <name>cvtdf.obj</name>
      </input_file>
      <input_file id="fl-4d">
         <path>/home/lab1362-01/programs/ti/ccsv6/tools/compiler/ti-cgt-msp430_15.12.1.LTS/lib/</path>
         <kind>archive</kind>
         <file>rts430x_lc_rd_eabi.lib</file>
         <name>cvtfd.obj</name>
      </input_file>
      <input_file id="fl-4e">
         <path>/home/lab1362-01/programs/ti/ccsv6/tools/compiler/ti-cgt-msp430_15.12.1.LTS/lib/</path>
         <kind>archive</kind>
         <file>rts430x_lc_rd_eabi.lib</file>
         <name>div16u.obj</name>
      </input_file>
      <input_file id="fl-4f">
         <path>/home/lab1362-01/programs/ti/ccsv6/tools/compiler/ti-cgt-msp430_15.12.1.LTS/lib/</path>
         <kind>archive</kind>
         <file>rts430x_lc_rd_eabi.lib</file>
         <name>div32u.obj</name>
      </input_file>
      <input_file id="fl-50">
         <path>/home/lab1362-01/programs/ti/ccsv6/tools/compiler/ti-cgt-msp430_15.12.1.LTS/lib/</path>
         <kind>archive</kind>
         <file>rts430x_lc_rd_eabi.lib</file>
         <name>fs_utof.obj</name>
      </input_file>
      <input_file id="fl-51">
         <path>/home/lab1362-01/programs/ti/ccsv6/tools/compiler/ti-cgt-msp430_15.12.1.LTS/lib/</path>
         <kind>archive</kind>
         <file>rts430x_lc_rd_eabi.lib</file>
         <name>mpyd.obj</name>
      </input_file>
      <input_file id="fl-52">
         <path>/home/lab1362-01/programs/ti/ccsv6/tools/compiler/ti-cgt-msp430_15.12.1.LTS/lib/</path>
         <kind>archive</kind>
         <file>rts430x_lc_rd_eabi.lib</file>
         <name>frcmpyd.obj</name>
      </input_file>
      <input_file id="fl-53">
         <path>/home/lab1362-01/programs/ti/ccsv6/tools/compiler/ti-cgt-msp430_15.12.1.LTS/lib/</path>
         <kind>archive</kind>
         <file>rts430x_lc_rd_eabi.lib</file>
         <name>mult16.obj</name>
      </input_file>
      <input_file id="fl-54">
         <path>/home/lab1362-01/programs/ti/ccsv6/tools/compiler/ti-cgt-msp430_15.12.1.LTS/lib/</path>
         <kind>archive</kind>
         <file>rts430x_lc_rd_eabi.lib</file>
         <name>mult16_f5hw.obj</name>
      </input_file>
      <input_file id="fl-55">
         <path>/home/lab1362-01/programs/ti/ccsv6/tools/compiler/ti-cgt-msp430_15.12.1.LTS/lib/</path>
         <kind>archive</kind>
         <file>rts430x_lc_rd_eabi.lib</file>
         <name>mult32.obj</name>
      </input_file>
      <input_file id="fl-56">
         <path>/home/lab1362-01/programs/ti/ccsv6/tools/compiler/ti-cgt-msp430_15.12.1.LTS/lib/</path>
         <kind>archive</kind>
         <file>rts430x_lc_rd_eabi.lib</file>
         <name>mult32_f5hw.obj</name>
      </input_file>
      <input_file id="fl-57">
         <path>/home/lab1362-01/programs/ti/ccsv6/tools/compiler/ti-cgt-msp430_15.12.1.LTS/lib/</path>
         <kind>archive</kind>
         <file>rts430x_lc_rd_eabi.lib</file>
         <name>mult64_f5hw.obj</name>
      </input_file>
      <input_file id="fl-58">
         <path>/home/lab1362-01/programs/ti/ccsv6/tools/compiler/ti-cgt-msp430_15.12.1.LTS/lib/</path>
         <kind>archive</kind>
         <file>rts430x_lc_rd_eabi.lib</file>
         <name>mult1632_f5hw.obj</name>
      </input_file>
      <input_file id="fl-59">
         <path>/home/lab1362-01/programs/ti/ccsv6/tools/compiler/ti-cgt-msp430_15.12.1.LTS/lib/</path>
         <kind>archive</kind>
         <file>rts430x_lc_rd_eabi.lib</file>
         <name>mult3264_f5hw.obj</name>
      </input_file>
      <input_file id="fl-5a">
         <path>/home/lab1362-01/programs/ti/ccsv6/tools/compiler/ti-cgt-msp430_15.12.1.LTS/lib/</path>
         <kind>archive</kind>
         <file>rts430x_lc_rd_eabi.lib</file>
         <name>lsl16.obj</name>
      </input_file>
      <input_file id="fl-5b">
         <path>/home/lab1362-01/programs/ti/ccsv6/tools/compiler/ti-cgt-msp430_15.12.1.LTS/lib/</path>
         <kind>archive</kind>
         <file>rts430x_lc_rd_eabi.lib</file>
         <name>lsl32.obj</name>
      </input_file>
      <input_file id="fl-5c">
         <path>/home/lab1362-01/programs/ti/ccsv6/tools/compiler/ti-cgt-msp430_15.12.1.LTS/lib/</path>
         <kind>archive</kind>
         <file>rts430x_lc_rd_eabi.lib</file>
         <name>asr32.obj</name>
      </input_file>
      <input_file id="fl-5d">
         <path>/home/lab1362-01/programs/ti/ccsv6/tools/compiler/ti-cgt-msp430_15.12.1.LTS/lib/</path>
         <kind>archive</kind>
         <file>rts430x_lc_rd_eabi.lib</file>
         <name>lsr16.obj</name>
      </input_file>
      <input_file id="fl-5e">
         <path>/home/lab1362-01/programs/ti/ccsv6/tools/compiler/ti-cgt-msp430_15.12.1.LTS/lib/</path>
         <kind>archive</kind>
         <file>rts430x_lc_rd_eabi.lib</file>
         <name>lsr32.obj</name>
      </input_file>
      <input_file id="fl-5f">
         <path>/home/lab1362-01/programs/ti/ccsv6/tools/compiler/ti-cgt-msp430_15.12.1.LTS/lib/</path>
         <kind>archive</kind>
         <file>rts430x_lc_rd_eabi.lib</file>
         <name>lsr64.obj</name>
      </input_file>
      <input_file id="fl-60">
         <path>/home/lab1362-01/programs/ti/ccsv6/tools/compiler/ti-cgt-msp430_15.12.1.LTS/lib/</path>
         <kind>archive</kind>
         <file>rts430x_lc_rd_eabi.lib</file>
         <name>boot.obj</name>
      </input_file>
      <input_file id="fl-61">
         <path>/home/lab1362-01/programs/ti/ccsv6/tools/compiler/ti-cgt-msp430_15.12.1.LTS/lib/</path>
         <kind>archive</kind>
         <file>rts430x_lc_rd_eabi.lib</file>
         <name>args_main.obj</name>
      </input_file>
      <input_file id="fl-62">
         <path>/home/lab1362-01/programs/ti/ccsv6/tools/compiler/ti-cgt-msp430_15.12.1.LTS/lib/</path>
         <kind>archive</kind>
         <file>rts430x_lc_rd_eabi.lib</file>
         <name>autoinit_wdt.obj</name>
      </input_file>
      <input_file id="fl-63">
         <path>/home/lab1362-01/programs/ti/ccsv6/tools/compiler/ti-cgt-msp430_15.12.1.LTS/lib/</path>
         <kind>archive</kind>
         <file>rts430x_lc_rd_eabi.lib</file>
         <name>boot_special.obj</name>
      </input_file>
      <input_file id="fl-64">
         <path>/home/lab1362-01/programs/ti/ccsv6/ccs_base/msp430/lib/FR59xx/</path>
         <kind>archive</kind>
         <file>MSPMPU_INIT_LIB_CCS_msp430_large_code_restricted_data.lib</file>
         <name>mpu_init.o</name>
      </input_file>
      <input_file id="fl-65">
         <path>/home/lab1362-01/programs/ti/ccsv6/tools/compiler/ti-cgt-msp430_15.12.1.LTS/lib/</path>
         <kind>archive</kind>
         <file>rts430x_lc_rd_eabi.lib</file>
         <name>startup.obj</name>
      </input_file>
      <input_file id="fl-66">
         <path>/home/lab1362-01/programs/ti/ccsv6/tools/compiler/ti-cgt-msp430_15.12.1.LTS/lib/</path>
         <kind>archive</kind>
         <file>rts430x_lc_rd_eabi.lib</file>
         <name>pre_init.obj</name>
      </input_file>
      <input_file id="fl-67">
         <path>/home/lab1362-01/programs/ti/ccsv6/tools/compiler/ti-cgt-msp430_15.12.1.LTS/lib/</path>
         <kind>archive</kind>
         <file>rts430x_lc_rd_eabi.lib</file>
         <name>exit.obj</name>
      </input_file>
      <input_file id="fl-68">
         <path>/home/lab1362-01/programs/ti/ccsv6/tools/compiler/ti-cgt-msp430_15.12.1.LTS/lib/</path>
         <kind>archive</kind>
         <file>rts430x_lc_rd_eabi.lib</file>
         <name>exit_gvars.obj</name>
      </input_file>
      <input_file id="fl-69">
         <path>/home/lab1362-01/programs/ti/ccsv6/tools/compiler/ti-cgt-msp430_15.12.1.LTS/lib/</path>
         <kind>archive</kind>
         <file>rts430x_lc_rd_eabi.lib</file>
         <name>_lock.obj</name>
      </input_file>
      <input_file id="fl-6a">
         <path>/home/lab1362-01/programs/ti/ccsv6/tools/compiler/ti-cgt-msp430_15.12.1.LTS/lib/</path>
         <kind>archive</kind>
         <file>rts430x_lc_rd_eabi.lib</file>
         <name>atoi.obj</name>
      </input_file>
      <input_file id="fl-6b">
         <path>/home/lab1362-01/programs/ti/ccsv6/tools/compiler/ti-cgt-msp430_15.12.1.LTS/lib/</path>
         <kind>archive</kind>
         <file>rts430x_lc_rd_eabi.lib</file>
         <name>ctype.obj</name>
      </input_file>
      <input_file id="fl-6c">
         <path>/home/lab1362-01/programs/ti/ccsv6/tools/compiler/ti-cgt-msp430_15.12.1.LTS/lib/</path>
         <kind>archive</kind>
         <file>rts430x_lc_rd_eabi.lib</file>
         <name>cpy_tbl.obj</name>
      </input_file>
      <input_file id="fl-6d">
         <path>/home/lab1362-01/programs/ti/ccsv6/tools/compiler/ti-cgt-msp430_15.12.1.LTS/lib/</path>
         <kind>archive</kind>
         <file>rts430x_lc_rd_eabi.lib</file>
         <name>memcpy.obj</name>
      </input_file>
      <input_file id="fl-6e">
         <path>/home/lab1362-01/programs/ti/ccsv6/tools/compiler/ti-cgt-msp430_15.12.1.LTS/lib/</path>
         <kind>archive</kind>
         <file>rts430x_lc_rd_eabi.lib</file>
         <name>memset.obj</name>
      </input_file>
      <input_file id="fl-6f">
         <path>/home/lab1362-01/programs/ti/ccsv6/tools/compiler/ti-cgt-msp430_15.12.1.LTS/lib/</path>
         <kind>archive</kind>
         <file>rts430x_lc_rd_eabi.lib</file>
         <name>sprintf.obj</name>
      </input_file>
      <input_file id="fl-70">
         <path>/home/lab1362-01/programs/ti/ccsv6/tools/compiler/ti-cgt-msp430_15.12.1.LTS/lib/</path>
         <kind>archive</kind>
         <file>rts430x_lc_rd_eabi.lib</file>
         <name>_printfi.obj</name>
      </input_file>
      <input_file id="fl-71">
         <path>/home/lab1362-01/programs/ti/ccsv6/tools/compiler/ti-cgt-msp430_15.12.1.LTS/lib/</path>
         <kind>archive</kind>
         <file>rts430x_lc_rd_eabi.lib</file>
         <name>cmpd.obj</name>
      </input_file>
      <input_file id="fl-72">
         <path>/home/lab1362-01/programs/ti/ccsv6/tools/compiler/ti-cgt-msp430_15.12.1.LTS/lib/</path>
         <kind>archive</kind>
         <file>rts430x_lc_rd_eabi.lib</file>
         <name>divd.obj</name>
      </input_file>
      <input_file id="fl-73">
         <path>/home/lab1362-01/programs/ti/ccsv6/tools/compiler/ti-cgt-msp430_15.12.1.LTS/lib/</path>
         <kind>archive</kind>
         <file>rts430x_lc_rd_eabi.lib</file>
         <name>frcdivd.obj</name>
      </input_file>
      <input_file id="fl-74">
         <path>/home/lab1362-01/programs/ti/ccsv6/tools/compiler/ti-cgt-msp430_15.12.1.LTS/lib/</path>
         <kind>archive</kind>
         <file>rts430x_lc_rd_eabi.lib</file>
         <name>div64u.obj</name>
      </input_file>
      <input_file id="fl-75">
         <path>/home/lab1362-01/programs/ti/ccsv6/tools/compiler/ti-cgt-msp430_15.12.1.LTS/lib/</path>
         <kind>archive</kind>
         <file>rts430x_lc_rd_eabi.lib</file>
         <name>fixdi.obj</name>
      </input_file>
      <input_file id="fl-76">
         <path>/home/lab1362-01/programs/ti/ccsv6/tools/compiler/ti-cgt-msp430_15.12.1.LTS/lib/</path>
         <kind>archive</kind>
         <file>rts430x_lc_rd_eabi.lib</file>
         <name>fixdli.obj</name>
      </input_file>
      <input_file id="fl-77">
         <path>/home/lab1362-01/programs/ti/ccsv6/tools/compiler/ti-cgt-msp430_15.12.1.LTS/lib/</path>
         <kind>archive</kind>
         <file>rts430x_lc_rd_eabi.lib</file>
         <name>fltid.obj</name>
      </input_file>
      <input_file id="fl-78">
         <path>/home/lab1362-01/programs/ti/ccsv6/tools/compiler/ti-cgt-msp430_15.12.1.LTS/lib/</path>
         <kind>archive</kind>
         <file>rts430x_lc_rd_eabi.lib</file>
         <name>fltlid.obj</name>
      </input_file>
      <input_file id="fl-79">
         <path>/home/lab1362-01/programs/ti/ccsv6/tools/compiler/ti-cgt-msp430_15.12.1.LTS/lib/</path>
         <kind>archive</kind>
         <file>rts430x_lc_rd_eabi.lib</file>
         <name>negd.obj</name>
      </input_file>
      <input_file id="fl-7a">
         <path>/home/lab1362-01/programs/ti/ccsv6/tools/compiler/ti-cgt-msp430_15.12.1.LTS/lib/</path>
         <kind>archive</kind>
         <file>rts430x_lc_rd_eabi.lib</file>
         <name>lsl64.obj</name>
      </input_file>
      <input_file id="fl-7b">
         <path>/home/lab1362-01/programs/ti/ccsv6/tools/compiler/ti-cgt-msp430_15.12.1.LTS/lib/</path>
         <kind>archive</kind>
         <file>rts430x_lc_rd_eabi.lib</file>
         <name>subd.obj</name>
      </input_file>
      <input_file id="fl-7c">
         <path>/home/lab1362-01/programs/ti/ccsv6/tools/compiler/ti-cgt-msp430_15.12.1.LTS/lib/</path>
         <kind>archive</kind>
         <file>rts430x_lc_rd_eabi.lib</file>
         <name>addd.obj</name>
      </input_file>
      <input_file id="fl-7d">
         <path>/home/lab1362-01/programs/ti/ccsv6/tools/compiler/ti-cgt-msp430_15.12.1.LTS/lib/</path>
         <kind>archive</kind>
         <file>rts430x_lc_rd_eabi.lib</file>
         <name>frcaddd.obj</name>
      </input_file>
      <input_file id="fl-7e">
         <path>/home/lab1362-01/programs/ti/ccsv6/tools/compiler/ti-cgt-msp430_15.12.1.LTS/lib/</path>
         <kind>archive</kind>
         <file>rts430x_lc_rd_eabi.lib</file>
         <name>renormd.obj</name>
      </input_file>
      <input_file id="fl-7f">
         <path>/home/lab1362-01/programs/ti/ccsv6/tools/compiler/ti-cgt-msp430_15.12.1.LTS/lib/</path>
         <kind>archive</kind>
         <file>rts430x_lc_rd_eabi.lib</file>
         <name>s_frexp.obj</name>
      </input_file>
      <input_file id="fl-80">
         <path>/home/lab1362-01/programs/ti/ccsv6/tools/compiler/ti-cgt-msp430_15.12.1.LTS/lib/</path>
         <kind>archive</kind>
         <file>rts430x_lc_rd_eabi.lib</file>
         <name>s_scalbn.obj</name>
      </input_file>
      <input_file id="fl-81">
         <path>/home/lab1362-01/programs/ti/ccsv6/tools/compiler/ti-cgt-msp430_15.12.1.LTS/lib/</path>
         <kind>archive</kind>
         <file>rts430x_lc_rd_eabi.lib</file>
         <name>s_copysign.obj</name>
      </input_file>
      <input_file id="fl-82">
         <path>/home/lab1362-01/programs/ti/ccsv6/tools/compiler/ti-cgt-msp430_15.12.1.LTS/lib/</path>
         <kind>archive</kind>
         <file>rts430x_lc_rd_eabi.lib</file>
         <name>errno.obj</name>
      </input_file>
      <input_file id="fl-83">
         <path>/home/lab1362-01/programs/ti/ccsv6/tools/compiler/ti-cgt-msp430_15.12.1.LTS/lib/</path>
         <kind>archive</kind>
         <file>rts430x_lc_rd_eabi.lib</file>
         <name>ltoa.obj</name>
      </input_file>
      <input_file id="fl-84">
         <path>/home/lab1362-01/programs/ti/ccsv6/tools/compiler/ti-cgt-msp430_15.12.1.LTS/lib/</path>
         <kind>archive</kind>
         <file>rts430x_lc_rd_eabi.lib</file>
         <name>div32s.obj</name>
      </input_file>
      <input_file id="fl-85">
         <path>/home/lab1362-01/programs/ti/ccsv6/tools/compiler/ti-cgt-msp430_15.12.1.LTS/lib/</path>
         <kind>archive</kind>
         <file>rts430x_lc_rd_eabi.lib</file>
         <name>abs.obj</name>
      </input_file>
      <input_file id="fl-86">
         <path>/home/lab1362-01/programs/ti/ccsv6/tools/compiler/ti-cgt-msp430_15.12.1.LTS/lib/</path>
         <kind>archive</kind>
         <file>rts430x_lc_rd_eabi.lib</file>
         <name>memccpy.obj</name>
      </input_file>
      <input_file id="fl-87">
         <path>/home/lab1362-01/programs/ti/ccsv6/tools/compiler/ti-cgt-msp430_15.12.1.LTS/lib/</path>
         <kind>archive</kind>
         <file>rts430x_lc_rd_eabi.lib</file>
         <name>strchr.obj</name>
      </input_file>
      <input_file id="fl-88">
         <path>/home/lab1362-01/programs/ti/ccsv6/tools/compiler/ti-cgt-msp430_15.12.1.LTS/lib/</path>
         <kind>archive</kind>
         <file>rts430x_lc_rd_eabi.lib</file>
         <name>strcpy.obj</name>
      </input_file>
      <input_file id="fl-89">
         <path>/home/lab1362-01/programs/ti/ccsv6/tools/compiler/ti-cgt-msp430_15.12.1.LTS/lib/</path>
         <kind>archive</kind>
         <file>rts430x_lc_rd_eabi.lib</file>
         <name>strlen.obj</name>
      </input_file>
      <input_file id="fl-8a">
         <path>/home/lab1362-01/programs/ti/ccsv6/tools/compiler/ti-cgt-msp430_15.12.1.LTS/lib/</path>
         <kind>archive</kind>
         <file>rts430x_lc_rd_eabi.lib</file>
         <name>strncmp.obj</name>
      </input_file>
      <input_file id="fl-8b">
         <path>/home/lab1362-01/programs/ti/ccsv6/tools/compiler/ti-cgt-msp430_15.12.1.LTS/lib/</path>
         <kind>archive</kind>
         <file>rts430x_lc_rd_eabi.lib</file>
         <name>toupper.obj</name>
      </input_file>
   </input_file_list>
   <object_component_list>
      <object_component id="oc-e1d">
         <name>.cinit..data.load</name>
         <load_address>0x4ab2</load_address>
         <run_address>0x4ab2</run_address>
         <size>0x14</size>
      </object_component>
      <object_component id="oc-e1c">
         <name>.cinit..bss.load</name>
         <load_address>0x4ac6</load_address>
         <run_address>0x4ac6</run_address>
         <size>0xb</size>
      </object_component>
      <object_component id="oc-e1a">
         <name>__TI_handler_table</name>
         <load_address>0x4ad2</load_address>
         <run_address>0x4ad2</run_address>
         <size>0x8</size>
      </object_component>
      <object_component id="oc-e1b">
         <name>__TI_cinit_table</name>
         <load_address>0x4ada</load_address>
         <run_address>0x4ada</run_address>
         <size>0x10</size>
      </object_component>
      <object_component id="oc-db2">
         <name>.binit</name>
         <load_address>0x4400</load_address>
         <run_address>0x4400</run_address>
         <size>0x0</size>
      </object_component>
      <object_component id="oc-ba0">
         <name>.const:.string</name>
         <load_address>0x444e</load_address>
         <run_address>0x444e</run_address>
         <size>0x29c</size>
         <input_file_ref idref="fl-7"/>
      </object_component>
      <object_component id="oc-739">
         <name>.const:.string</name>
         <load_address>0x46ea</load_address>
         <run_address>0x46ea</run_address>
         <size>0x104</size>
         <input_file_ref idref="fl-5"/>
      </object_component>
      <object_component id="oc-ad1">
         <name>.const:.string:_ctypes_</name>
         <load_address>0x47ee</load_address>
         <run_address>0x47ee</run_address>
         <size>0x101</size>
         <input_file_ref idref="fl-6b"/>
      </object_component>
      <object_component id="oc-b9c">
         <name>.const:OpcodeTranslateTable</name>
         <load_address>0x48f0</load_address>
         <run_address>0x48f0</run_address>
         <size>0x3c</size>
         <input_file_ref idref="fl-d"/>
      </object_component>
      <object_component id="oc-bdf">
         <name>.const:_SlActionLookupTable</name>
         <load_address>0x492c</load_address>
         <run_address>0x492c</run_address>
         <size>0x38</size>
         <input_file_ref idref="fl-d"/>
      </object_component>
      <object_component id="oc-81b">
         <name>.const:.string</name>
         <load_address>0x4964</load_address>
         <run_address>0x4964</run_address>
         <size>0x34</size>
         <input_file_ref idref="fl-a"/>
      </object_component>
      <object_component id="oc-82b">
         <name>.const:$P$T0$1</name>
         <load_address>0x4998</load_address>
         <run_address>0x4998</run_address>
         <size>0x2c</size>
         <input_file_ref idref="fl-7"/>
      </object_component>
      <object_component id="oc-bb1">
         <name>.const:.string</name>
         <load_address>0x49c4</load_address>
         <run_address>0x49c4</run_address>
         <size>0x26</size>
         <input_file_ref idref="fl-70"/>
      </object_component>
      <object_component id="oc-bce">
         <name>.const:RxMsgClassLUT</name>
         <load_address>0x49ea</load_address>
         <run_address>0x49ea</run_address>
         <size>0x20</size>
         <input_file_ref idref="fl-d"/>
      </object_component>
      <object_component id="oc-82e">
         <name>.const:$P$T1$2</name>
         <load_address>0x4a0a</load_address>
         <run_address>0x4a0a</run_address>
         <size>0x14</size>
         <input_file_ref idref="fl-7"/>
      </object_component>
      <object_component id="oc-ad8">
         <name>.const:.string:_SlPayloadByProtocolLUT</name>
         <load_address>0x4a1e</load_address>
         <run_address>0x4a1e</run_address>
         <size>0x10</size>
         <input_file_ref idref="fl-13"/>
      </object_component>
      <object_component id="oc-a50">
         <name>.const:StartResponseLUT</name>
         <load_address>0x4a2e</load_address>
         <run_address>0x4a2e</run_address>
         <size>0x10</size>
         <input_file_ref idref="fl-c"/>
      </object_component>
      <object_component id="oc-718">
         <name>.const:$P$T0$1</name>
         <load_address>0x4a3e</load_address>
         <run_address>0x4a3e</run_address>
         <size>0x8</size>
         <input_file_ref idref="fl-5"/>
      </object_component>
      <object_component id="oc-951">
         <name>.const:.string</name>
         <load_address>0x4a46</load_address>
         <run_address>0x4a46</run_address>
         <size>0x8</size>
         <input_file_ref idref="fl-6"/>
      </object_component>
      <object_component id="oc-bca">
         <name>.const:g_H2NCnysPattern</name>
         <load_address>0x4a4e</load_address>
         <run_address>0x4a4e</run_address>
         <size>0x8</size>
         <input_file_ref idref="fl-d"/>
      </object_component>
      <object_component id="oc-b2f">
         <name>.const:g_H2NSyncPattern</name>
         <load_address>0x4a56</load_address>
         <run_address>0x4a56</run_address>
         <size>0x8</size>
         <input_file_ref idref="fl-d"/>
      </object_component>
      <object_component id="oc-821">
         <name>.const</name>
         <load_address>0x4a5e</load_address>
         <run_address>0x4a5e</run_address>
         <size>0x8</size>
         <input_file_ref idref="fl-a"/>
      </object_component>
      <object_component id="oc-be6">
         <name>.const:.string</name>
         <load_address>0x4a66</load_address>
         <run_address>0x4a66</run_address>
         <size>0x4</size>
         <input_file_ref idref="fl-3"/>
      </object_component>
      <object_component id="oc-8fa">
         <name>.const:_SlAcceptCmdCtrl</name>
         <load_address>0x4a6a</load_address>
         <run_address>0x4a6a</run_address>
         <size>0x4</size>
         <input_file_ref idref="fl-13"/>
      </object_component>
      <object_component id="oc-9c1">
         <name>.const:_SlDeviceGetCmdCtrl</name>
         <load_address>0x4a6e</load_address>
         <run_address>0x4a6e</run_address>
         <size>0x4</size>
         <input_file_ref idref="fl-c"/>
      </object_component>
      <object_component id="oc-970">
         <name>.const:_SlGetSockOptCmdCtrl</name>
         <load_address>0x4a72</load_address>
         <run_address>0x4a72</run_address>
         <size>0x4</size>
         <input_file_ref idref="fl-13"/>
      </object_component>
      <object_component id="oc-8f6">
         <name>.const:_SlListenCmdCtrl</name>
         <load_address>0x4a76</load_address>
         <run_address>0x4a76</run_address>
         <size>0x4</size>
         <input_file_ref idref="fl-13"/>
      </object_component>
      <object_component id="oc-ce4">
         <name>.const:_SlNetAppSendTokenValueCmdCtrl</name>
         <load_address>0x4a7a</load_address>
         <run_address>0x4a7a</run_address>
         <size>0x4</size>
         <input_file_ref idref="fl-10"/>
      </object_component>
      <object_component id="oc-8b5">
         <name>.const:_SlNetAppStopCtrl</name>
         <load_address>0x4a7e</load_address>
         <run_address>0x4a7e</run_address>
         <size>0x4</size>
         <input_file_ref idref="fl-10"/>
      </object_component>
      <object_component id="oc-9cd">
         <name>.const:_SlNetCfgSetCmdCtrl</name>
         <load_address>0x4a82</load_address>
         <run_address>0x4a82</run_address>
         <size>0x4</size>
         <input_file_ref idref="fl-11"/>
      </object_component>
      <object_component id="oc-9c5">
         <name>.const:_SlPolicySetCmdCtrl</name>
         <load_address>0x4a86</load_address>
         <run_address>0x4a86</run_address>
         <size>0x4</size>
         <input_file_ref idref="fl-15"/>
      </object_component>
      <object_component id="oc-9c9">
         <name>.const:_SlProfileDelCmdCtrl</name>
         <load_address>0x4a8a</load_address>
         <run_address>0x4a8a</run_address>
         <size>0x4</size>
         <input_file_ref idref="fl-15"/>
      </object_component>
      <object_component id="oc-919">
         <name>.const:_SlRecvCmdCtrl</name>
         <load_address>0x4a8e</load_address>
         <run_address>0x4a8e</run_address>
         <size>0x4</size>
         <input_file_ref idref="fl-13"/>
      </object_component>
      <object_component id="oc-b01">
         <name>.const:_SlRegisterServiceCtrl</name>
         <load_address>0x4a92</load_address>
         <run_address>0x4a92</run_address>
         <size>0x4</size>
         <input_file_ref idref="fl-10"/>
      </object_component>
      <object_component id="oc-9e2">
         <name>.const:_SlRxFilterSetCmdCtrl</name>
         <load_address>0x4a96</load_address>
         <run_address>0x4a96</run_address>
         <size>0x4</size>
         <input_file_ref idref="fl-15"/>
      </object_component>
      <object_component id="oc-966">
         <name>.const:_SlSendCmdCtrl</name>
         <load_address>0x4a9a</load_address>
         <run_address>0x4a9a</run_address>
         <size>0x4</size>
         <input_file_ref idref="fl-13"/>
      </object_component>
      <object_component id="oc-974">
         <name>.const:_SlSockCloseCmdCtrl</name>
         <load_address>0x4a9e</load_address>
         <run_address>0x4a9e</run_address>
         <size>0x4</size>
         <input_file_ref idref="fl-13"/>
      </object_component>
      <object_component id="oc-8e6">
         <name>.const:_SlSockSocketCmdCtrl</name>
         <load_address>0x4aa2</load_address>
         <run_address>0x4aa2</run_address>
         <size>0x4</size>
         <input_file_ref idref="fl-13"/>
      </object_component>
      <object_component id="oc-97f">
         <name>.const:_SlStopCmdCtrl</name>
         <load_address>0x4aa6</load_address>
         <run_address>0x4aa6</run_address>
         <size>0x4</size>
         <input_file_ref idref="fl-c"/>
      </object_component>
      <object_component id="oc-9d7">
         <name>.const:_SlWlanCfgSetCmdCtrl</name>
         <load_address>0x4aaa</load_address>
         <run_address>0x4aaa</run_address>
         <size>0x4</size>
         <input_file_ref idref="fl-15"/>
      </object_component>
      <object_component id="oc-9bd">
         <name>.const:_SlWlanSetModeCmdCtrl</name>
         <load_address>0x4aae</load_address>
         <run_address>0x4aae</run_address>
         <size>0x4</size>
         <input_file_ref idref="fl-15"/>
      </object_component>
      <object_component id="oc-c6">
         <name>.text:_isr:_c_int00_noargs_noexit_mpu</name>
         <load_address>0x4400</load_address>
         <run_address>0x4400</run_address>
         <size>0x1e</size>
         <input_file_ref idref="fl-63"/>
      </object_component>
      <object_component id="oc-688">
         <name>.text:_isr:Port2_ISR</name>
         <load_address>0x441e</load_address>
         <run_address>0x441e</run_address>
         <size>0x1a</size>
         <input_file_ref idref="fl-2"/>
      </object_component>
      <object_component id="oc-68e">
         <name>.text:_isr:UART_ISR</name>
         <load_address>0x4438</load_address>
         <run_address>0x4438</run_address>
         <size>0xa</size>
         <input_file_ref idref="fl-3"/>
      </object_component>
      <object_component id="oc-67d">
         <name>.text:_isr:__TI_ISR_TRAP</name>
         <load_address>0x4442</load_address>
         <run_address>0x4442</run_address>
         <size>0x8</size>
         <input_file_ref idref="fl-40"/>
      </object_component>
      <object_component id="oc-682">
         <name>.text:_isr:Trap_ISR</name>
         <load_address>0x444a</load_address>
         <run_address>0x444a</run_address>
         <size>0x4</size>
         <input_file_ref idref="fl-2"/>
      </object_component>
      <object_component id="oc-b14">
         <name>.text:_SlDrvMsgRead</name>
         <load_address>0x10000</load_address>
         <run_address>0x10000</run_address>
         <size>0x4c0</size>
         <input_file_ref idref="fl-d"/>
      </object_component>
      <object_component id="oc-d25">
         <name>.text:__TI_frcdivd</name>
         <load_address>0x104c0</load_address>
         <run_address>0x104c0</run_address>
         <size>0x486</size>
         <input_file_ref idref="fl-73"/>
      </object_component>
      <object_component id="oc-73a">
         <name>.text:UARTprintf</name>
         <load_address>0x10946</load_address>
         <run_address>0x10946</run_address>
         <size>0x3be</size>
         <input_file_ref idref="fl-a"/>
      </object_component>
      <object_component id="oc-c83">
         <name>.text:__mspabi_divull</name>
         <load_address>0x10d04</load_address>
         <run_address>0x10d04</run_address>
         <size>0x372</size>
         <input_file_ref idref="fl-74"/>
      </object_component>
      <object_component id="oc-aa8">
         <name>.text:__TI_frcmpyd</name>
         <load_address>0x11076</load_address>
         <run_address>0x11076</run_address>
         <size>0x2e4</size>
         <input_file_ref idref="fl-52"/>
      </object_component>
      <object_component id="oc-d60">
         <name>.text:__mspabi_addd</name>
         <load_address>0x1135a</load_address>
         <run_address>0x1135a</run_address>
         <size>0x2d8</size>
         <input_file_ref idref="fl-7c"/>
      </object_component>
      <object_component id="oc-940">
         <name>.text:__mspabi_mpyd</name>
         <load_address>0x11632</load_address>
         <run_address>0x11632</run_address>
         <size>0x282</size>
         <input_file_ref idref="fl-51"/>
      </object_component>
      <object_component id="oc-b59">
         <name>.text:_setfield</name>
         <load_address>0x118b4</load_address>
         <run_address>0x118b4</run_address>
         <size>0x262</size>
         <input_file_ref idref="fl-70"/>
      </object_component>
      <object_component id="oc-d85">
         <name>.text:__TI_frcaddd</name>
         <load_address>0x11b16</load_address>
         <run_address>0x11b16</run_address>
         <size>0x252</size>
         <input_file_ref idref="fl-7d"/>
      </object_component>
      <object_component id="oc-bb8">
         <name>.text:_pproc_fgea</name>
         <load_address>0x11d68</load_address>
         <run_address>0x11d68</run_address>
         <size>0x248</size>
         <input_file_ref idref="fl-70"/>
      </object_component>
      <object_component id="oc-ac9">
         <name>.text:__TI_printfi</name>
         <load_address>0x11fb0</load_address>
         <run_address>0x11fb0</run_address>
         <size>0x23c</size>
         <input_file_ref idref="fl-70"/>
      </object_component>
      <object_component id="oc-cc5">
         <name>.text:acvt</name>
         <load_address>0x121ec</load_address>
         <run_address>0x121ec</run_address>
         <size>0x224</size>
         <input_file_ref idref="fl-70"/>
      </object_component>
      <object_component id="oc-cb8">
         <name>.text:__mspabi_divd</name>
         <load_address>0x12410</load_address>
         <run_address>0x12410</run_address>
         <size>0x222</size>
         <input_file_ref idref="fl-72"/>
      </object_component>
      <object_component id="oc-c98">
         <name>.text:ecvt</name>
         <load_address>0x12632</load_address>
         <run_address>0x12632</run_address>
         <size>0x218</size>
         <input_file_ref idref="fl-70"/>
      </object_component>
      <object_component id="oc-752">
         <name>.text:sl_WlanConnect</name>
         <load_address>0x1284a</load_address>
         <run_address>0x1284a</run_address>
         <size>0x216</size>
         <input_file_ref idref="fl-15"/>
      </object_component>
      <object_component id="oc-6bb">
         <name>.text:main</name>
         <load_address>0x12a60</load_address>
         <run_address>0x12a60</run_address>
         <size>0x214</size>
         <input_file_ref idref="fl-5"/>
      </object_component>
      <object_component id="oc-8a2">
         <name>.text:_SlDrvReleasePoolObj</name>
         <load_address>0x12c74</load_address>
         <run_address>0x12c74</run_address>
         <size>0x20e</size>
         <input_file_ref idref="fl-d"/>
      </object_component>
      <object_component id="oc-cab">
         <name>.text:fcvt</name>
         <load_address>0x12e82</load_address>
         <run_address>0x12e82</run_address>
         <size>0x202</size>
         <input_file_ref idref="fl-70"/>
      </object_component>
      <object_component id="oc-b7d">
         <name>.text:_SlDrvRxHdrRead</name>
         <load_address>0x13084</load_address>
         <run_address>0x13084</run_address>
         <size>0x1f6</size>
         <input_file_ref idref="fl-d"/>
      </object_component>
      <object_component id="oc-740">
         <name>.text:configureSimpleLinkToDefaultState</name>
         <load_address>0x1327a</load_address>
         <run_address>0x1327a</run_address>
         <size>0x1ec</size>
         <input_file_ref idref="fl-7"/>
      </object_component>
      <object_component id="oc-91c">
         <name>.text:_SlDrvDataReadOp</name>
         <load_address>0x13466</load_address>
         <run_address>0x13466</run_address>
         <size>0x1b6</size>
         <input_file_ref idref="fl-d"/>
      </object_component>
      <object_component id="oc-c15">
         <name>.text:_pconv_e</name>
         <load_address>0x1361c</load_address>
         <run_address>0x1361c</run_address>
         <size>0x1a4</size>
         <input_file_ref idref="fl-70"/>
      </object_component>
      <object_component id="oc-d34">
         <name>.text:scalbn</name>
         <load_address>0x137c0</load_address>
         <run_address>0x137c0</run_address>
         <size>0x1a0</size>
         <input_file_ref idref="fl-80"/>
      </object_component>
      <object_component id="oc-86f">
         <name>.text:_SlDrvDriverCBInit</name>
         <load_address>0x13960</load_address>
         <run_address>0x13960</run_address>
         <size>0x194</size>
         <input_file_ref idref="fl-d"/>
      </object_component>
      <object_component id="oc-a13">
         <name>.text:_SlDrvWaitForPoolObj</name>
         <load_address>0x13af4</load_address>
         <run_address>0x13af4</run_address>
         <size>0x18e</size>
         <input_file_ref idref="fl-d"/>
      </object_component>
      <object_component id="oc-beb">
         <name>.text:_getarg_diouxp</name>
         <load_address>0x13c82</load_address>
         <run_address>0x13c82</run_address>
         <size>0x188</size>
         <input_file_ref idref="fl-70"/>
      </object_component>
      <object_component id="oc-a64">
         <name>.text:_SlDrvMsgWrite</name>
         <load_address>0x13e0a</load_address>
         <run_address>0x13e0a</run_address>
         <size>0x174</size>
         <input_file_ref idref="fl-d"/>
      </object_component>
      <object_component id="oc-c1b">
         <name>.text:_pconv_a</name>
         <load_address>0x13f7e</load_address>
         <run_address>0x13f7e</run_address>
         <size>0x16e</size>
         <input_file_ref idref="fl-70"/>
      </object_component>
      <object_component id="oc-779">
         <name>.text:sl_Accept</name>
         <load_address>0x140ec</load_address>
         <run_address>0x140ec</run_address>
         <size>0x168</size>
         <input_file_ref idref="fl-13"/>
      </object_component>
      <object_component id="oc-b8f">
         <name>.text:_SlFindAndSetActiveObj</name>
         <load_address>0x14254</load_address>
         <run_address>0x14254</run_address>
         <size>0x150</size>
         <input_file_ref idref="fl-d"/>
      </object_component>
      <object_component id="oc-bb2">
         <name>.text:_pproc_diouxp</name>
         <load_address>0x143a4</load_address>
         <run_address>0x143a4</run_address>
         <size>0x148</size>
         <input_file_ref idref="fl-70"/>
      </object_component>
      <object_component id="oc-94c">
         <name>.text</name>
         <load_address>0x144ec</load_address>
         <run_address>0x144ec</run_address>
         <size>0x132</size>
         <input_file_ref idref="fl-4b"/>
      </object_component>
      <object_component id="oc-bf1">
         <name>.text:_ltostr</name>
         <load_address>0x1461e</load_address>
         <run_address>0x1461e</run_address>
         <size>0x128</size>
         <input_file_ref idref="fl-70"/>
      </object_component>
      <object_component id="oc-969">
         <name>.text:_SlDrvDataWriteOp</name>
         <load_address>0x14746</load_address>
         <run_address>0x14746</run_address>
         <size>0x124</size>
         <input_file_ref idref="fl-d"/>
      </object_component>
      <object_component id="oc-c3e">
         <name>.text:SimpleLinkNetAppEventHandler</name>
         <load_address>0x1486a</load_address>
         <run_address>0x1486a</run_address>
         <size>0xfc</size>
         <input_file_ref idref="fl-7"/>
      </object_component>
      <object_component id="oc-c09">
         <name>.text:_pconv_g</name>
         <load_address>0x14966</load_address>
         <run_address>0x14966</run_address>
         <size>0xfc</size>
         <input_file_ref idref="fl-70"/>
      </object_component>
      <object_component id="oc-b53">
         <name>.text:_pproc_fwp</name>
         <load_address>0x14a62</load_address>
         <run_address>0x14a62</run_address>
         <size>0xfa</size>
         <input_file_ref idref="fl-70"/>
      </object_component>
      <object_component id="oc-bd7">
         <name>.text:_SlDrvNetAppEventHandler</name>
         <load_address>0x14b5c</load_address>
         <run_address>0x14b5c</run_address>
         <size>0xf2</size>
         <input_file_ref idref="fl-10"/>
      </object_component>
      <object_component id="oc-a6a">
         <name>.text:_SlDrvMsgReadCmdCtx</name>
         <load_address>0x14c4e</load_address>
         <run_address>0x14c4e</run_address>
         <size>0xf0</size>
         <input_file_ref idref="fl-d"/>
      </object_component>
      <object_component id="oc-c32">
         <name>.text:SimpleLinkWlanEventHandler</name>
         <load_address>0x14d3e</load_address>
         <run_address>0x14d3e</run_address>
         <size>0xdc</size>
         <input_file_ref idref="fl-7"/>
      </object_component>
      <object_component id="oc-c21">
         <name>.text:__mspabi_cmpd</name>
         <load_address>0x14e1a</load_address>
         <run_address>0x14e1a</run_address>
         <size>0xd8</size>
         <input_file_ref idref="fl-71"/>
      </object_component>
      <object_component id="oc-988">
         <name>.text:_SlDrvDriverCBDeinit</name>
         <load_address>0x14ef2</load_address>
         <run_address>0x14ef2</run_address>
         <size>0xcc</size>
         <input_file_ref idref="fl-d"/>
      </object_component>
      <object_component id="oc-9db">
         <name>.text:sl_NetAppMDNSRegisterUnregisterService</name>
         <load_address>0x14fbe</load_address>
         <run_address>0x14fbe</run_address>
         <size>0xcc</size>
         <input_file_ref idref="fl-10"/>
      </object_component>
      <object_component id="oc-7a6">
         <name>.text:sl_Send</name>
         <load_address>0x1508a</load_address>
         <run_address>0x1508a</run_address>
         <size>0xca</size>
         <input_file_ref idref="fl-13"/>
      </object_component>
      <object_component id="oc-746">
         <name>.text:sl_Start</name>
         <load_address>0x15154</load_address>
         <run_address>0x15154</run_address>
         <size>0xca</size>
         <input_file_ref idref="fl-c"/>
      </object_component>
      <object_component id="oc-7a0">
         <name>.text:sensors_get_data</name>
         <load_address>0x1521e</load_address>
         <run_address>0x1521e</run_address>
         <size>0xc6</size>
         <input_file_ref idref="fl-6"/>
      </object_component>
      <object_component id="oc-733">
         <name>.text:init_sensors</name>
         <load_address>0x152e4</load_address>
         <run_address>0x152e4</run_address>
         <size>0xc2</size>
         <input_file_ref idref="fl-6"/>
      </object_component>
      <object_component id="oc-a43">
         <name>.text:_SlRemoveFromList</name>
         <load_address>0x153a6</load_address>
         <run_address>0x153a6</run_address>
         <size>0xbc</size>
         <input_file_ref idref="fl-d"/>
      </object_component>
      <object_component id="oc-c4d">
         <name>.text:_sl_HandleAsync_DnsGetHostByService</name>
         <load_address>0x15462</load_address>
         <run_address>0x15462</run_address>
         <size>0xba</size>
         <input_file_ref idref="fl-10"/>
      </object_component>
      <object_component id="oc-da0">
         <name>.text:__TI_renormd</name>
         <load_address>0x1551c</load_address>
         <run_address>0x1551c</run_address>
         <size>0xb2</size>
         <input_file_ref idref="fl-7e"/>
      </object_component>
      <object_component id="oc-cbf">
         <name>.text:frexp</name>
         <load_address>0x155ce</load_address>
         <run_address>0x155ce</run_address>
         <size>0xb2</size>
         <input_file_ref idref="fl-7f"/>
      </object_component>
      <object_component id="oc-7be">
         <name>.text:sl_Stop</name>
         <load_address>0x15680</load_address>
         <run_address>0x15680</run_address>
         <size>0xac</size>
         <input_file_ref idref="fl-c"/>
      </object_component>
      <object_component id="oc-c53">
         <name>.text:_sl_HandleAsync_DnsGetHostByName</name>
         <load_address>0x1572c</load_address>
         <run_address>0x1572c</run_address>
         <size>0xaa</size>
         <input_file_ref idref="fl-10"/>
      </object_component>
      <object_component id="oc-837">
         <name>.text:sl_DevGet</name>
         <load_address>0x157d6</load_address>
         <run_address>0x157d6</run_address>
         <size>0xaa</size>
         <input_file_ref idref="fl-c"/>
      </object_component>
      <object_component id="oc-8b8">
         <name>.text:_SlDrvCmdOp</name>
         <load_address>0x15880</load_address>
         <run_address>0x15880</run_address>
         <size>0xa8</size>
         <input_file_ref idref="fl-d"/>
      </object_component>
      <object_component id="oc-b5f">
         <name>.text:_pproc_str</name>
         <load_address>0x15928</load_address>
         <run_address>0x15928</run_address>
         <size>0xa6</size>
         <input_file_ref idref="fl-70"/>
      </object_component>
      <object_component id="oc-875">
         <name>.text:spi_Open</name>
         <load_address>0x159ce</load_address>
         <run_address>0x159ce</run_address>
         <size>0xa2</size>
         <input_file_ref idref="fl-8"/>
      </object_component>
      <object_component id="oc-bd1">
         <name>.text:_sl_HandleAsync_PingResponse</name>
         <load_address>0x15a70</load_address>
         <run_address>0x15a70</run_address>
         <size>0xa0</size>
         <input_file_ref idref="fl-10"/>
      </object_component>
      <object_component id="oc-d08">
         <name>.text:__mspabi_fltlid</name>
         <load_address>0x15b10</load_address>
         <run_address>0x15b10</run_address>
         <size>0x9e</size>
         <input_file_ref idref="fl-78"/>
      </object_component>
      <object_component id="oc-a3c">
         <name>.text:_SlDriverHandleError</name>
         <load_address>0x15bae</load_address>
         <run_address>0x15bae</run_address>
         <size>0x98</size>
         <input_file_ref idref="fl-d"/>
      </object_component>
      <object_component id="oc-b1a">
         <name>.text:_SlAsyncEventGenericHandler</name>
         <load_address>0x15c46</load_address>
         <run_address>0x15c46</run_address>
         <size>0x96</size>
         <input_file_ref idref="fl-d"/>
      </object_component>
      <object_component id="oc-c9e">
         <name>.text:_ecpy</name>
         <load_address>0x15cdc</load_address>
         <run_address>0x15cdc</run_address>
         <size>0x94</size>
         <input_file_ref idref="fl-70"/>
      </object_component>
      <object_component id="oc-ccf">
         <name>.text:_sl_HandleAsync_InitComplete</name>
         <load_address>0x15d70</load_address>
         <run_address>0x15d70</run_address>
         <size>0x94</size>
         <input_file_ref idref="fl-c"/>
      </object_component>
      <object_component id="oc-c6c">
         <name>.text:_sl_HandleAsync_Connect</name>
         <load_address>0x15e04</load_address>
         <run_address>0x15e04</run_address>
         <size>0x92</size>
         <input_file_ref idref="fl-13"/>
      </object_component>
      <object_component id="oc-ca4">
         <name>.text:_mcpy</name>
         <load_address>0x15e96</load_address>
         <run_address>0x15e96</run_address>
         <size>0x90</size>
         <input_file_ref idref="fl-70"/>
      </object_component>
      <object_component id="oc-946">
         <name>.text:__mspabi_cvtdf</name>
         <load_address>0x15f26</load_address>
         <run_address>0x15f26</run_address>
         <size>0x8c</size>
         <input_file_ref idref="fl-4c"/>
      </object_component>
      <object_component id="oc-7ac">
         <name>.text:sl_GetSockOpt</name>
         <load_address>0x15fb2</load_address>
         <run_address>0x15fb2</run_address>
         <size>0x88</size>
         <input_file_ref idref="fl-13"/>
      </object_component>
      <object_component id="oc-a2d">
         <name>.text:_SlDrvMsgReadSpawnCtx</name>
         <load_address>0x1603a</load_address>
         <run_address>0x1603a</run_address>
         <size>0x82</size>
         <input_file_ref idref="fl-d"/>
      </object_component>
      <object_component id="oc-6a1">
         <name>.text:_auto_init_hold_wdt</name>
         <load_address>0x160bc</load_address>
         <run_address>0x160bc</run_address>
         <size>0x82</size>
         <input_file_ref idref="fl-62"/>
      </object_component>
      <object_component id="oc-c2c">
         <name>.text:_SlDrvDeviceEventHandler</name>
         <load_address>0x1613e</load_address>
         <run_address>0x1613e</run_address>
         <size>0x80</size>
         <input_file_ref idref="fl-c"/>
      </object_component>
      <object_component id="oc-d02">
         <name>.text:ltoa</name>
         <load_address>0x161be</load_address>
         <run_address>0x161be</run_address>
         <size>0x80</size>
         <input_file_ref idref="fl-83"/>
      </object_component>
      <object_component id="oc-849">
         <name>.text:sl_NetCfgSet</name>
         <load_address>0x1623e</load_address>
         <run_address>0x1623e</run_address>
         <size>0x7a</size>
         <input_file_ref idref="fl-11"/>
      </object_component>
      <object_component id="oc-c0f">
         <name>.text:_pconv_f</name>
         <load_address>0x162b8</load_address>
         <run_address>0x162b8</run_address>
         <size>0x78</size>
         <input_file_ref idref="fl-70"/>
      </object_component>
      <object_component id="oc-76d">
         <name>.text:sl_Bind</name>
         <load_address>0x16330</load_address>
         <run_address>0x16330</run_address>
         <size>0x76</size>
         <input_file_ref idref="fl-13"/>
      </object_component>
      <object_component id="oc-b83">
         <name>.text:_SlDrvClassifyRxMsg</name>
         <load_address>0x163a6</load_address>
         <run_address>0x163a6</run_address>
         <size>0x74</size>
         <input_file_ref idref="fl-d"/>
      </object_component>
      <object_component id="oc-c66">
         <name>.text:_sl_HandleAsync_Accept</name>
         <load_address>0x1641a</load_address>
         <run_address>0x1641a</run_address>
         <size>0x74</size>
         <input_file_ref idref="fl-13"/>
      </object_component>
      <object_component id="oc-93a">
         <name>.text:__mspabi_cvtfd</name>
         <load_address>0x1648e</load_address>
         <run_address>0x1648e</run_address>
         <size>0x6e</size>
         <input_file_ref idref="fl-4d"/>
      </object_component>
      <object_component id="oc-9fc">
         <name>.text:_SlNonOsSemGet</name>
         <load_address>0x164fc</load_address>
         <run_address>0x164fc</run_address>
         <size>0x6a</size>
         <input_file_ref idref="fl-12"/>
      </object_component>
      <object_component id="oc-670">
         <name>.text:__TI_decompress_rle_core</name>
         <load_address>0x16566</load_address>
         <run_address>0x16566</run_address>
         <size>0x68</size>
         <input_file_ref idref="fl-3e"/>
      </object_component>
      <object_component id="oc-d1a">
         <name>.text:__mspabi_fixdli</name>
         <load_address>0x165ce</load_address>
         <run_address>0x165ce</run_address>
         <size>0x66</size>
         <input_file_ref idref="fl-76"/>
      </object_component>
      <object_component id="oc-6f1">
         <name>.text:copy_in</name>
         <load_address>0x16634</load_address>
         <run_address>0x16634</run_address>
         <size>0x66</size>
         <input_file_ref idref="fl-6c"/>
      </object_component>
      <object_component id="oc-ce7">
         <name>.text:_SlDrvCmdSend</name>
         <load_address>0x1669a</load_address>
         <run_address>0x1669a</run_address>
         <size>0x62</size>
         <input_file_ref idref="fl-d"/>
      </object_component>
      <object_component id="oc-958">
         <name>.text:atoi</name>
         <load_address>0x166fc</load_address>
         <run_address>0x166fc</run_address>
         <size>0x62</size>
         <input_file_ref idref="fl-6a"/>
      </object_component>
      <object_component id="oc-785">
         <name>.text:sl_Recv</name>
         <load_address>0x1675e</load_address>
         <run_address>0x1675e</run_address>
         <size>0x60</size>
         <input_file_ref idref="fl-13"/>
      </object_component>
      <object_component id="oc-84f">
         <name>.text:sl_WlanSet</name>
         <load_address>0x167be</load_address>
         <run_address>0x167be</run_address>
         <size>0x60</size>
         <input_file_ref idref="fl-15"/>
      </object_component>
      <object_component id="oc-c72">
         <name>.text:_sl_HandleAsync_Select</name>
         <load_address>0x1681e</load_address>
         <run_address>0x1681e</run_address>
         <size>0x5e</size>
         <input_file_ref idref="fl-13"/>
      </object_component>
      <object_component id="oc-c78">
         <name>.text:_sl_HandleAsync_Stop</name>
         <load_address>0x1687c</load_address>
         <run_address>0x1687c</run_address>
         <size>0x5c</size>
         <input_file_ref idref="fl-c"/>
      </object_component>
      <object_component id="oc-c5f">
         <name>.text:_sl_NetAppSendTokenValue</name>
         <load_address>0x168d8</load_address>
         <run_address>0x168d8</run_address>
         <size>0x5a</size>
         <input_file_ref idref="fl-10"/>
      </object_component>
      <object_component id="oc-81c">
         <name>.text</name>
         <load_address>0x16932</load_address>
         <run_address>0x16932</run_address>
         <size>0x58</size>
         <input_file_ref idref="fl-4f"/>
      </object_component>
      <object_component id="oc-83d">
         <name>.text:sl_WlanPolicySet</name>
         <load_address>0x1698a</load_address>
         <run_address>0x1698a</run_address>
         <size>0x58</size>
         <input_file_ref idref="fl-15"/>
      </object_component>
      <object_component id="oc-810">
         <name>.text:UARTwrite</name>
         <load_address>0x169e2</load_address>
         <run_address>0x169e2</run_address>
         <size>0x50</size>
         <input_file_ref idref="fl-a"/>
      </object_component>
      <object_component id="oc-85b">
         <name>.text:sl_WlanRxFilterSet</name>
         <load_address>0x16a32</load_address>
         <run_address>0x16a32</run_address>
         <size>0x50</size>
         <input_file_ref idref="fl-15"/>
      </object_component>
      <object_component id="oc-cb1">
         <name>.text:_fcpy</name>
         <load_address>0x16a82</load_address>
         <run_address>0x16a82</run_address>
         <size>0x4e</size>
         <input_file_ref idref="fl-70"/>
      </object_component>
      <object_component id="oc-77f">
         <name>.text:_SlNonOsMainLoopTask</name>
         <load_address>0x16ad0</load_address>
         <run_address>0x16ad0</run_address>
         <size>0x4c</size>
         <input_file_ref idref="fl-12"/>
      </object_component>
      <object_component id="oc-89c">
         <name>.text:_SlDrvSyncObjWaitTimeout</name>
         <load_address>0x16b1c</load_address>
         <run_address>0x16b1c</run_address>
         <size>0x46</size>
         <input_file_ref idref="fl-d"/>
      </object_component>
      <object_component id="oc-a33">
         <name>.text:_SlNonOsSpawn</name>
         <load_address>0x16b62</load_address>
         <run_address>0x16b62</run_address>
         <size>0x44</size>
         <input_file_ref idref="fl-12"/>
      </object_component>
      <object_component id="oc-8ef">
         <name>.text:_sl_BuildAddress</name>
         <load_address>0x16ba6</load_address>
         <run_address>0x16ba6</run_address>
         <size>0x44</size>
         <input_file_ref idref="fl-13"/>
      </object_component>
      <object_component id="oc-952">
         <name>.text:sprintf</name>
         <load_address>0x16bea</load_address>
         <run_address>0x16bea</run_address>
         <size>0x44</size>
         <input_file_ref idref="fl-6f"/>
      </object_component>
      <object_component id="oc-c38">
         <name>.text:SimpleLinkSockEventHandler</name>
         <load_address>0x16c2e</load_address>
         <run_address>0x16c2e</run_address>
         <size>0x40</size>
         <input_file_ref idref="fl-7"/>
      </object_component>
      <object_component id="oc-d51">
         <name>.text</name>
         <load_address>0x16c6e</load_address>
         <run_address>0x16c6e</run_address>
         <size>0x40</size>
         <input_file_ref idref="fl-84"/>
      </object_component>
      <object_component id="oc-767">
         <name>.text:sl_Socket</name>
         <load_address>0x16cae</load_address>
         <run_address>0x16cae</run_address>
         <size>0x40</size>
         <input_file_ref idref="fl-13"/>
      </object_component>
      <object_component id="oc-a9d">
         <name>.text:l_asr_const</name>
         <load_address>0x16cee</load_address>
         <run_address>0x16cee</run_address>
         <size>0x3e</size>
         <input_file_ref idref="fl-5c"/>
      </object_component>
      <object_component id="oc-ab5">
         <name>.text:l_lsl_const</name>
         <load_address>0x16d2c</load_address>
         <run_address>0x16d2c</run_address>
         <size>0x3e</size>
         <input_file_ref idref="fl-5b"/>
      </object_component>
      <object_component id="oc-b3f">
         <name>.text:l_lsr_const</name>
         <load_address>0x16d6a</load_address>
         <run_address>0x16d6a</run_address>
         <size>0x3e</size>
         <input_file_ref idref="fl-5e"/>
      </object_component>
      <object_component id="oc-b89">
         <name>.text:spi_Read</name>
         <load_address>0x16da8</load_address>
         <run_address>0x16da8</run_address>
         <size>0x3e</size>
         <input_file_ref idref="fl-8"/>
      </object_component>
      <object_component id="oc-87e">
         <name>.text:_SlDrvProtectAsyncRespSetting</name>
         <load_address>0x16de6</load_address>
         <run_address>0x16de6</run_address>
         <size>0x3c</size>
         <input_file_ref idref="fl-d"/>
      </object_component>
      <object_component id="oc-88a">
         <name>.text:_SlDrvRxIrqHandler</name>
         <load_address>0x16e22</load_address>
         <run_address>0x16e22</run_address>
         <size>0x3c</size>
         <input_file_ref idref="fl-d"/>
      </object_component>
      <object_component id="oc-727">
         <name>.text:initUART</name>
         <load_address>0x16e5e</load_address>
         <run_address>0x16e5e</run_address>
         <size>0x3c</size>
         <input_file_ref idref="fl-9"/>
      </object_component>
      <object_component id="oc-cf7">
         <name>.text:__mspabi_sllll</name>
         <load_address>0x16e9a</load_address>
         <run_address>0x16e9a</run_address>
         <size>0x3a</size>
         <input_file_ref idref="fl-7a"/>
      </object_component>
      <object_component id="oc-c89">
         <name>.text:__mspabi_srlll</name>
         <load_address>0x16ed4</load_address>
         <run_address>0x16ed4</run_address>
         <size>0x3a</size>
         <input_file_ref idref="fl-5f"/>
      </object_component>
      <object_component id="oc-855">
         <name>.text:sl_NetAppMDNSUnRegisterService</name>
         <load_address>0x16f0e</load_address>
         <run_address>0x16f0e</run_address>
         <size>0x3a</size>
         <input_file_ref idref="fl-10"/>
      </object_component>
      <object_component id="oc-c46">
         <name>.text:CopyPingResultsToReport</name>
         <load_address>0x16f48</load_address>
         <run_address>0x16f48</run_address>
         <size>0x38</size>
         <input_file_ref idref="fl-10"/>
      </object_component>
      <object_component id="oc-978">
         <name>.text:_SlDrvBasicCmd</name>
         <load_address>0x16f80</load_address>
         <run_address>0x16f80</run_address>
         <size>0x38</size>
         <input_file_ref idref="fl-d"/>
      </object_component>
      <object_component id="oc-797">
         <name>.text:blink_led</name>
         <load_address>0x16fb8</load_address>
         <run_address>0x16fb8</run_address>
         <size>0x36</size>
         <input_file_ref idref="fl-4"/>
      </object_component>
      <object_component id="oc-927">
         <name>.text:soft_delay</name>
         <load_address>0x16fee</load_address>
         <run_address>0x16fee</run_address>
         <size>0x34</size>
         <input_file_ref idref="fl-4"/>
      </object_component>
      <object_component id="oc-d0e">
         <name>.text:__mspabi_subd</name>
         <load_address>0x17022</load_address>
         <run_address>0x17022</run_address>
         <size>0x32</size>
         <input_file_ref idref="fl-7b"/>
      </object_component>
      <object_component id="oc-72d">
         <name>.text:init_leds</name>
         <load_address>0x17054</load_address>
         <run_address>0x17054</run_address>
         <size>0x32</size>
         <input_file_ref idref="fl-4"/>
      </object_component>
      <object_component id="oc-b32">
         <name>.text:spi_Write</name>
         <load_address>0x17086</load_address>
         <run_address>0x17086</run_address>
         <size>0x32</size>
         <input_file_ref idref="fl-8"/>
      </object_component>
      <object_component id="oc-773">
         <name>.text:sl_Listen</name>
         <load_address>0x170b8</load_address>
         <run_address>0x170b8</run_address>
         <size>0x30</size>
         <input_file_ref idref="fl-13"/>
      </object_component>
      <object_component id="oc-74c">
         <name>.text:sl_NetAppStop</name>
         <load_address>0x170e8</load_address>
         <run_address>0x170e8</run_address>
         <size>0x30</size>
         <input_file_ref idref="fl-10"/>
      </object_component>
      <object_component id="oc-a58">
         <name>.text:_SlDrvObjGlobalLockWaitForever</name>
         <load_address>0x17118</load_address>
         <run_address>0x17118</run_address>
         <size>0x2e</size>
         <input_file_ref idref="fl-d"/>
      </object_component>
      <object_component id="oc-c03">
         <name>.text:__mspabi_negd</name>
         <load_address>0x17146</load_address>
         <run_address>0x17146</run_address>
         <size>0x2e</size>
         <input_file_ref idref="fl-79"/>
      </object_component>
      <object_component id="oc-d72">
         <name>.text:copysign</name>
         <load_address>0x17174</load_address>
         <run_address>0x17174</run_address>
         <size>0x2e</size>
         <input_file_ref idref="fl-81"/>
      </object_component>
      <object_component id="oc-75b">
         <name>.text:set_led</name>
         <load_address>0x171a2</load_address>
         <run_address>0x171a2</run_address>
         <size>0x2e</size>
         <input_file_ref idref="fl-4"/>
      </object_component>
      <object_component id="oc-78b">
         <name>.text:strncmp</name>
         <load_address>0x171d0</load_address>
         <run_address>0x171d0</run_address>
         <size>0x2e</size>
         <input_file_ref idref="fl-8a"/>
      </object_component>
      <object_component id="oc-7b2">
         <name>.text:sl_Close</name>
         <load_address>0x171fe</load_address>
         <run_address>0x171fe</run_address>
         <size>0x2c</size>
         <input_file_ref idref="fl-13"/>
      </object_component>
      <object_component id="oc-761">
         <name>.text:sl_Htons</name>
         <load_address>0x1722a</load_address>
         <run_address>0x1722a</run_address>
         <size>0x2c</size>
         <input_file_ref idref="fl-13"/>
      </object_component>
      <object_component id="oc-843">
         <name>.text:sl_WlanProfileDel</name>
         <load_address>0x17256</load_address>
         <run_address>0x17256</run_address>
         <size>0x2c</size>
         <input_file_ref idref="fl-15"/>
      </object_component>
      <object_component id="oc-831">
         <name>.text:sl_WlanSetMode</name>
         <load_address>0x17282</load_address>
         <run_address>0x17282</run_address>
         <size>0x2c</size>
         <input_file_ref idref="fl-15"/>
      </object_component>
      <object_component id="oc-a19">
         <name>.text:_SlDrvProtectionObjLockWaitForever</name>
         <load_address>0x172ae</load_address>
         <run_address>0x172ae</run_address>
         <size>0x2a</size>
         <input_file_ref idref="fl-d"/>
      </object_component>
      <object_component id="oc-902">
         <name>.text:_SlDrvSyncObjWaitForever</name>
         <load_address>0x172d8</load_address>
         <run_address>0x172d8</run_address>
         <size>0x28</size>
         <input_file_ref idref="fl-d"/>
      </object_component>
      <object_component id="oc-6b4">
         <name>.text:__mpu_init</name>
         <load_address>0x17300</load_address>
         <run_address>0x17300</run_address>
         <size>0x28</size>
         <input_file_ref idref="fl-64"/>
      </object_component>
      <object_component id="oc-d14">
         <name>.text:__mspabi_fixdi</name>
         <load_address>0x17328</load_address>
         <run_address>0x17328</run_address>
         <size>0x28</size>
         <input_file_ref idref="fl-75"/>
      </object_component>
      <object_component id="oc-ba1">
         <name>.text:CLI_Write</name>
         <load_address>0x17350</load_address>
         <run_address>0x17350</run_address>
         <size>0x26</size>
         <input_file_ref idref="fl-3"/>
      </object_component>
      <object_component id="oc-930">
         <name>.text</name>
         <load_address>0x17376</load_address>
         <run_address>0x17376</run_address>
         <size>0x24</size>
         <input_file_ref idref="fl-50"/>
      </object_component>
      <object_component id="oc-816">
         <name>.text</name>
         <load_address>0x1739a</load_address>
         <run_address>0x1739a</run_address>
         <size>0x24</size>
         <input_file_ref idref="fl-56"/>
      </object_component>
      <object_component id="oc-721">
         <name>.text:initClk</name>
         <load_address>0x173be</load_address>
         <run_address>0x173be</run_address>
         <size>0x22</size>
         <input_file_ref idref="fl-2"/>
      </object_component>
      <object_component id="oc-a03">
         <name>.text:Delay</name>
         <load_address>0x173e0</load_address>
         <run_address>0x173e0</run_address>
         <size>0x20</size>
         <input_file_ref idref="fl-2"/>
      </object_component>
      <object_component id="oc-a88">
         <name>.text:_SlDrvObjLockWaitForever</name>
         <load_address>0x17400</load_address>
         <run_address>0x17400</run_address>
         <size>0x20</size>
         <input_file_ref idref="fl-d"/>
      </object_component>
      <object_component id="oc-abd">
         <name>.text:_outs</name>
         <load_address>0x17420</load_address>
         <run_address>0x17420</run_address>
         <size>0x20</size>
         <input_file_ref idref="fl-6f"/>
      </object_component>
      <object_component id="oc-bbe">
         <name>.text:memccpy</name>
         <load_address>0x17440</load_address>
         <run_address>0x17440</run_address>
         <size>0x1e</size>
         <input_file_ref idref="fl-86"/>
      </object_component>
      <object_component id="oc-960">
         <name>.text:_sl_TruncatePayloadByProtocol</name>
         <load_address>0x1745e</load_address>
         <run_address>0x1745e</run_address>
         <size>0x1c</size>
         <input_file_ref idref="fl-13"/>
      </object_component>
      <object_component id="oc-d3a">
         <name>.text:strchr</name>
         <load_address>0x1747a</load_address>
         <run_address>0x1747a</run_address>
         <size>0x1c</size>
         <input_file_ref idref="fl-87"/>
      </object_component>
      <object_component id="oc-a1f">
         <name>.text:_SlDrvProtectionObjUnLock</name>
         <load_address>0x17496</load_address>
         <run_address>0x17496</run_address>
         <size>0x1a</size>
         <input_file_ref idref="fl-d"/>
      </object_component>
      <object_component id="oc-a5e">
         <name>.text:_SlDrvGlobalObjUnLock</name>
         <load_address>0x174b0</load_address>
         <run_address>0x174b0</run_address>
         <size>0x18</size>
         <input_file_ref idref="fl-d"/>
      </object_component>
      <object_component id="oc-7da">
         <name>.text</name>
         <load_address>0x174c8</load_address>
         <run_address>0x174c8</run_address>
         <size>0x18</size>
         <input_file_ref idref="fl-54"/>
      </object_component>
      <object_component id="oc-791">
         <name>.text:memset</name>
         <load_address>0x174e0</load_address>
         <run_address>0x174e0</run_address>
         <size>0x16</size>
         <input_file_ref idref="fl-6e"/>
      </object_component>
      <object_component id="oc-935">
         <name>.text</name>
         <load_address>0x174f6</load_address>
         <run_address>0x174f6</run_address>
         <size>0x16</size>
         <input_file_ref idref="fl-4e"/>
      </object_component>
      <object_component id="oc-7b8">
         <name>.text:sl_WlanDisconnect</name>
         <load_address>0x1750c</load_address>
         <run_address>0x1750c</run_address>
         <size>0x16</size>
         <input_file_ref idref="fl-15"/>
      </object_component>
      <object_component id="oc-ac3">
         <name>.text:_outc</name>
         <load_address>0x17522</load_address>
         <run_address>0x17522</run_address>
         <size>0x14</size>
         <input_file_ref idref="fl-6f"/>
      </object_component>
      <object_component id="oc-663">
         <name>.text:memcpy</name>
         <load_address>0x17536</load_address>
         <run_address>0x17536</run_address>
         <size>0x14</size>
         <input_file_ref idref="fl-6d"/>
      </object_component>
      <object_component id="oc-7a">
         <name>.text:decompress:none:__TI_decompress_none</name>
         <load_address>0x1754a</load_address>
         <run_address>0x1754a</run_address>
         <size>0x12</size>
         <input_file_ref idref="fl-3d"/>
      </object_component>
      <object_component id="oc-cd7">
         <name>.text:strcpy</name>
         <load_address>0x1755c</load_address>
         <run_address>0x1755c</run_address>
         <size>0x12</size>
         <input_file_ref idref="fl-88"/>
      </object_component>
      <object_component id="oc-bfd">
         <name>.text:toupper</name>
         <load_address>0x1756e</load_address>
         <run_address>0x1756e</run_address>
         <size>0x12</size>
         <input_file_ref idref="fl-8b"/>
      </object_component>
      <object_component id="oc-a8e">
         <name>.text:_SlDrvObjUnLock</name>
         <load_address>0x17580</load_address>
         <run_address>0x17580</run_address>
         <size>0x10</size>
         <input_file_ref idref="fl-d"/>
      </object_component>
      <object_component id="oc-a49">
         <name>.text:_SlDrvSyncObjSignal</name>
         <load_address>0x17590</load_address>
         <run_address>0x17590</run_address>
         <size>0x10</size>
         <input_file_ref idref="fl-d"/>
      </object_component>
      <object_component id="oc-d9b">
         <name>.text:l_asr</name>
         <load_address>0x175a0</load_address>
         <run_address>0x175a0</run_address>
         <size>0x10</size>
         <input_file_ref idref="fl-5c"/>
      </object_component>
      <object_component id="oc-d96">
         <name>.text:l_lsl</name>
         <load_address>0x175b0</load_address>
         <run_address>0x175b0</run_address>
         <size>0x10</size>
         <input_file_ref idref="fl-5b"/>
      </object_component>
      <object_component id="oc-cf2">
         <name>.text:l_lsr</name>
         <load_address>0x175c0</load_address>
         <run_address>0x175c0</run_address>
         <size>0x10</size>
         <input_file_ref idref="fl-5e"/>
      </object_component>
      <object_component id="oc-a09">
         <name>.text:CC3100_InterruptEnable</name>
         <load_address>0x175d0</load_address>
         <run_address>0x175d0</run_address>
         <size>0xe</size>
         <input_file_ref idref="fl-2"/>
      </object_component>
      <object_component id="oc-9aa">
         <name>.text:UARTCharPut</name>
         <load_address>0x175de</load_address>
         <run_address>0x175de</run_address>
         <size>0xe</size>
         <input_file_ref idref="fl-9"/>
      </object_component>
      <object_component id="oc-8a8">
         <name>.text:_sl_GetStartResponseConvert</name>
         <load_address>0x175ec</load_address>
         <run_address>0x175ec</run_address>
         <size>0xe</size>
         <input_file_ref idref="fl-c"/>
      </object_component>
      <object_component id="oc-b4d">
         <name>.text:strlen</name>
         <load_address>0x175fa</load_address>
         <run_address>0x175fa</run_address>
         <size>0xe</size>
         <input_file_ref idref="fl-89"/>
      </object_component>
      <object_component id="oc-d40">
         <name>.text:__mspabi_fltid</name>
         <load_address>0x17608</load_address>
         <run_address>0x17608</run_address>
         <size>0xc</size>
         <input_file_ref idref="fl-77"/>
      </object_component>
      <object_component id="oc-ae6">
         <name>.text:CC3100_InterruptDisable</name>
         <load_address>0x17614</load_address>
[...]
      </symbol>
      <symbol id="sm-d1c">
         <name>__TI_int29</name>
         <value>0xffca</value>
         <object_component_ref idref="oc-88"/>
      </symbol>
      <symbol id="sm-d1f">
         <name>__TI_int30</name>
         <value>0xffcc</value>
         <object_component_ref idref="oc-89"/>
      </symbol>
      <symbol id="sm-d22">
         <name>__TI_int31</name>
         <value>0xffce</value>
         <object_component_ref idref="oc-8a"/>
      </symbol>
      <symbol id="sm-d25">
         <name>__TI_int32</name>
         <value>0xffd0</value>
         <object_component_ref idref="oc-8b"/>
      </symbol>
      <symbol id="sm-d28">
         <name>__TI_int33</name>
         <value>0xffd2</value>
         <object_component_ref idref="oc-8c"/>
      </symbol>
      <symbol id="sm-d2b">
         <name>__TI_int37</name>
         <value>0xffda</value>
         <object_component_ref idref="oc-90"/>
      </symbol>
      <symbol id="sm-d2e">
         <name>__TI_int41</name>
         <value>0xffe2</value>
         <object_component_ref idref="oc-94"/>
      </symbol>
      <symbol id="sm-d31">
         <name>__TI_int48</name>
         <value>0xfff0</value>
         <object_component_ref idref="oc-9b"/>
      </symbol>
      <symbol id="sm-d34">
         <name>__TI_int52</name>
         <value>0xfff8</value>
         <object_component_ref idref="oc-9f"/>
      </symbol>
      <symbol id="sm-d50">
         <name>__mspabi_subf</name>
         <value>0x144ec</value>
         <object_component_ref idref="oc-94c"/>
      </symbol>
      <symbol id="sm-d51">
         <name>__mspabi_addf</name>
         <value>0x144f2</value>
         <object_component_ref idref="oc-94c"/>
      </symbol>
      <symbol id="sm-d69">
         <name>__mspabi_cvtdf</name>
         <value>0x15f26</value>
         <object_component_ref idref="oc-946"/>
      </symbol>
      <symbol id="sm-d77">
         <name>__mspabi_cvtfd</name>
         <value>0x1648e</value>
         <object_component_ref idref="oc-93a"/>
      </symbol>
      <symbol id="sm-d81">
         <name>__mspabi_remu</name>
         <value>0x174f6</value>
         <object_component_ref idref="oc-935"/>
      </symbol>
      <symbol id="sm-d82">
         <name>__mspabi_divu</name>
         <value>0x174f6</value>
         <object_component_ref idref="oc-935"/>
      </symbol>
      <symbol id="sm-d90">
         <name>__mspabi_remul</name>
         <value>0x16932</value>
         <object_component_ref idref="oc-81c"/>
      </symbol>
      <symbol id="sm-d91">
         <name>__mspabi_divul</name>
         <value>0x16932</value>
         <object_component_ref idref="oc-81c"/>
      </symbol>
      <symbol id="sm-d9c">
         <name>__mspabi_fltuf</name>
         <value>0x17376</value>
         <object_component_ref idref="oc-930"/>
      </symbol>
      <symbol id="sm-dc1">
         <name>__mspabi_mpyd</name>
         <value>0x11632</value>
         <object_component_ref idref="oc-940"/>
      </symbol>
      <symbol id="sm-dd2">
         <name>__TI_frcmpyd</name>
         <value>0x11076</value>
         <object_component_ref idref="oc-aa8"/>
      </symbol>
      <symbol id="sm-ddb">
         <name>__mspabi_mpyi_f5hw</name>
         <value>0x174c8</value>
         <object_component_ref idref="oc-7da"/>
      </symbol>
      <symbol id="sm-de4">
         <name>__mspabi_mpyl_f5hw</name>
         <value>0x1739a</value>
         <object_component_ref idref="oc-816"/>
      </symbol>
      <symbol id="sm-df0">
         <name>__mspabi_slli</name>
         <value>0x17650</value>
         <object_component_ref idref="oc-8fd"/>
      </symbol>
      <symbol id="sm-e00">
         <name>__mspabi_slll_9</name>
         <value>0x16d44</value>
         <object_component_ref idref="oc-ab5"/>
      </symbol>
      <symbol id="sm-e01">
         <name>__mspabi_slll_8</name>
         <value>0x16d48</value>
         <object_component_ref idref="oc-ab5"/>
      </symbol>
      <symbol id="sm-e02">
         <name>__mspabi_slll_7</name>
         <value>0x16d4c</value>
         <object_component_ref idref="oc-ab5"/>
      </symbol>
      <symbol id="sm-e03">
         <name>__mspabi_slll_6</name>
         <value>0x16d50</value>
         <object_component_ref idref="oc-ab5"/>
      </symbol>
      <symbol id="sm-e04">
         <name>__mspabi_slll_5</name>
         <value>0x16d54</value>
         <object_component_ref idref="oc-ab5"/>
      </symbol>
      <symbol id="sm-e05">
         <name>__mspabi_slll_4</name>
         <value>0x16d58</value>
         <object_component_ref idref="oc-ab5"/>
      </symbol>
      <symbol id="sm-e06">
         <name>__mspabi_slll_3</name>
         <value>0x16d5c</value>
         <object_component_ref idref="oc-ab5"/>
      </symbol>
      <symbol id="sm-e07">
         <name>__mspabi_slll_2</name>
         <value>0x16d60</value>
         <object_component_ref idref="oc-ab5"/>
      </symbol>
      <symbol id="sm-e08">
         <name>__mspabi_slll_1</name>
         <value>0x16d64</value>
         <object_component_ref idref="oc-ab5"/>
      </symbol>
      <symbol id="sm-e09">
         <name>__mspabi_slll</name>
         <value>0x175b0</value>
         <object_component_ref idref="oc-d96"/>
      </symbol>
      <symbol id="sm-e0a">
         <name>__mspabi_slll_15</name>
         <value>0x16d2c</value>
         <object_component_ref idref="oc-ab5"/>
      </symbol>
      <symbol id="sm-e0b">
         <name>__mspabi_slll_14</name>
         <value>0x16d30</value>
         <object_component_ref idref="oc-ab5"/>
      </symbol>
      <symbol id="sm-e0c">
         <name>__mspabi_slll_13</name>
         <value>0x16d34</value>
         <object_component_ref idref="oc-ab5"/>
      </symbol>
      <symbol id="sm-e0d">
         <name>__mspabi_slll_12</name>
         <value>0x16d38</value>
         <object_component_ref idref="oc-ab5"/>
      </symbol>
      <symbol id="sm-e0e">
         <name>__mspabi_slll_11</name>
         <value>0x16d3c</value>
         <object_component_ref idref="oc-ab5"/>
      </symbol>
      <symbol id="sm-e0f">
         <name>__mspabi_slll_10</name>
         <value>0x16d40</value>
         <object_component_ref idref="oc-ab5"/>
      </symbol>
      <symbol id="sm-e1f">
         <name>__mspabi_sral</name>
         <value>0x175a0</value>
         <object_component_ref idref="oc-d9b"/>
      </symbol>
      <symbol id="sm-e20">
         <name>__mspabi_sral_15</name>
         <value>0x16cee</value>
         <object_component_ref idref="oc-a9d"/>
      </symbol>
      <symbol id="sm-e21">
         <name>__mspabi_sral_14</name>
         <value>0x16cf2</value>
         <object_component_ref idref="oc-a9d"/>
      </symbol>
      <symbol id="sm-e22">
         <name>__mspabi_sral_13</name>
         <value>0x16cf6</value>
         <object_component_ref idref="oc-a9d"/>
      </symbol>
      <symbol id="sm-e23">
         <name>__mspabi_sral_12</name>
         <value>0x16cfa</value>
         <object_component_ref idref="oc-a9d"/>
      </symbol>
      <symbol id="sm-e24">
         <name>__mspabi_sral_11</name>
         <value>0x16cfe</value>
         <object_component_ref idref="oc-a9d"/>
      </symbol>
      <symbol id="sm-e25">
         <name>__mspabi_sral_10</name>
         <value>0x16d02</value>
         <object_component_ref idref="oc-a9d"/>
      </symbol>
      <symbol id="sm-e26">
         <name>__mspabi_sral_8</name>
         <value>0x16d0a</value>
         <object_component_ref idref="oc-a9d"/>
      </symbol>
      <symbol id="sm-e27">
         <name>__mspabi_sral_9</name>
         <value>0x16d06</value>
         <object_component_ref idref="oc-a9d"/>
      </symbol>
      <symbol id="sm-e28">
         <name>__mspabi_sral_6</name>
         <value>0x16d12</value>
         <object_component_ref idref="oc-a9d"/>
      </symbol>
      <symbol id="sm-e29">
         <name>__mspabi_sral_7</name>
         <value>0x16d0e</value>
         <object_component_ref idref="oc-a9d"/>
      </symbol>
      <symbol id="sm-e2a">
         <name>__mspabi_sral_4</name>
         <value>0x16d1a</value>
         <object_component_ref idref="oc-a9d"/>
      </symbol>
      <symbol id="sm-e2b">
         <name>__mspabi_sral_5</name>
         <value>0x16d16</value>
         <object_component_ref idref="oc-a9d"/>
      </symbol>
      <symbol id="sm-e2c">
         <name>__mspabi_sral_2</name>
         <value>0x16d22</value>
         <object_component_ref idref="oc-a9d"/>
      </symbol>
      <symbol id="sm-e2d">
         <name>__mspabi_sral_3</name>
         <value>0x16d1e</value>
         <object_component_ref idref="oc-a9d"/>
      </symbol>
      <symbol id="sm-e2e">
         <name>__mspabi_sral_1</name>
         <value>0x16d26</value>
         <object_component_ref idref="oc-a9d"/>
      </symbol>
      <symbol id="sm-e3f">
         <name>__mspabi_srll_8</name>
         <value>0x16d86</value>
         <object_component_ref idref="oc-b3f"/>
      </symbol>
      <symbol id="sm-e40">
         <name>__mspabi_srll_9</name>
         <value>0x16d82</value>
         <object_component_ref idref="oc-b3f"/>
      </symbol>
      <symbol id="sm-e41">
         <name>__mspabi_srll_6</name>
         <value>0x16d8e</value>
         <object_component_ref idref="oc-b3f"/>
      </symbol>
      <symbol id="sm-e42">
         <name>__mspabi_srll_7</name>
         <value>0x16d8a</value>
         <object_component_ref idref="oc-b3f"/>
      </symbol>
      <symbol id="sm-e43">
         <name>__mspabi_srll_4</name>
         <value>0x16d96</value>
         <object_component_ref idref="oc-b3f"/>
      </symbol>
      <symbol id="sm-e44">
         <name>__mspabi_srll_5</name>
         <value>0x16d92</value>
         <object_component_ref idref="oc-b3f"/>
      </symbol>
      <symbol id="sm-e45">
         <name>__mspabi_srll_2</name>
         <value>0x16d9e</value>
         <object_component_ref idref="oc-b3f"/>
      </symbol>
      <symbol id="sm-e46">
         <name>__mspabi_srll_3</name>
         <value>0x16d9a</value>
         <object_component_ref idref="oc-b3f"/>
      </symbol>
      <symbol id="sm-e47">
         <name>__mspabi_srll_1</name>
         <value>0x16da2</value>
         <object_component_ref idref="oc-b3f"/>
      </symbol>
      <symbol id="sm-e48">
         <name>__mspabi_srll_15</name>
         <value>0x16d6a</value>
         <object_component_ref idref="oc-b3f"/>
      </symbol>
      <symbol id="sm-e49">
         <name>__mspabi_srll_14</name>
         <value>0x16d6e</value>
         <object_component_ref idref="oc-b3f"/>
      </symbol>
      <symbol id="sm-e4a">
         <name>__mspabi_srll_13</name>
         <value>0x16d72</value>
         <object_component_ref idref="oc-b3f"/>
      </symbol>
      <symbol id="sm-e4b">
         <name>__mspabi_srll_12</name>
         <value>0x16d76</value>
         <object_component_ref idref="oc-b3f"/>
      </symbol>
      <symbol id="sm-e4c">
         <name>__mspabi_srll_11</name>
         <value>0x16d7a</value>
         <object_component_ref idref="oc-b3f"/>
      </symbol>
      <symbol id="sm-e4d">
         <name>__mspabi_srll_10</name>
         <value>0x16d7e</value>
         <object_component_ref idref="oc-b3f"/>
      </symbol>
      <symbol id="sm-e4e">
         <name>__mspabi_srll</name>
         <value>0x175c0</value>
         <object_component_ref idref="oc-cf2"/>
      </symbol>
      <symbol id="sm-e5b">
         <name>__mspabi_srlll</name>
         <value>0x16ed4</value>
         <object_component_ref idref="oc-c89"/>
      </symbol>
      <symbol id="sm-e63">
         <name>_stack</name>
         <value>0x2360</value>
         <object_component_ref idref="oc-65f"/>
      </symbol>
      <symbol id="sm-e64">
         <name>_reset_vector</name>
         <value>0xfffe</value>
         <object_component_ref idref="oc-662"/>
      </symbol>
      <symbol id="sm-e87">
         <name>_auto_init_hold_wdt</name>
         <value>0x160bc</value>
         <object_component_ref idref="oc-6a1"/>
      </symbol>
      <symbol id="sm-e91">
         <name>_c_int00_noargs_noexit_mpu</name>
         <value>0x4400</value>
         <object_component_ref idref="oc-c6"/>
      </symbol>
      <symbol id="sm-e9a">
         <name>__mpu_init</name>
         <value>0x17300</value>
         <object_component_ref idref="oc-6b4"/>
      </symbol>
      <symbol id="sm-ea3">
         <name>_system_post_cinit</name>
         <value>0x176a2</value>
         <object_component_ref idref="oc-6f7"/>
      </symbol>
      <symbol id="sm-eac">
         <name>_system_pre_init</name>
         <value>0x1769e</value>
         <object_component_ref idref="oc-69b"/>
      </symbol>
      <symbol id="sm-eb6">
         <name>C$$EXIT</name>
         <value>0x17692</value>
         <object_component_ref idref="oc-6c3"/>
      </symbol>
      <symbol id="sm-eb7">
         <name>abort</name>
         <value>0x17692</value>
         <object_component_ref idref="oc-6c3"/>
      </symbol>
      <symbol id="sm-ecc">
         <name>atoi</name>
         <value>0x166fc</value>
         <object_component_ref idref="oc-958"/>
      </symbol>
      <symbol id="sm-ed6">
         <name>_ctypes_</name>
         <value>0x47ee</value>
         <object_component_ref idref="oc-ad1"/>
      </symbol>
      <symbol id="sm-eec">
         <name>copy_in</name>
         <value>0x16634</value>
         <object_component_ref idref="oc-6f1"/>
      </symbol>
      <symbol id="sm-efa">
         <name>memcpy</name>
         <value>0x17536</value>
         <object_component_ref idref="oc-663"/>
      </symbol>
      <symbol id="sm-f08">
         <name>memset</name>
         <value>0x174e0</value>
         <object_component_ref idref="oc-791"/>
      </symbol>
      <symbol id="sm-f29">
         <name>sprintf</name>
         <value>0x16bea</value>
         <object_component_ref idref="oc-952"/>
      </symbol>
      <symbol id="sm-10d2">
         <name>__TI_printfi</name>
         <value>0x11fb0</value>
         <object_component_ref idref="oc-ac9"/>
      </symbol>
      <symbol id="sm-10ec">
         <name>__mspabi_cmpd</name>
         <value>0x14e1a</value>
         <object_component_ref idref="oc-c21"/>
      </symbol>
      <symbol id="sm-110d">
         <name>__mspabi_divd</name>
         <value>0x12410</value>
         <object_component_ref idref="oc-cb8"/>
      </symbol>
      <symbol id="sm-1128">
         <name>__TI_frcdivd</name>
         <value>0x104c0</value>
         <object_component_ref idref="oc-d25"/>
      </symbol>
      <symbol id="sm-115b">
         <name>__mspabi_divull</name>
         <value>0x10d04</value>
         <object_component_ref idref="oc-c83"/>
      </symbol>
      <symbol id="sm-1168">
         <name>__mspabi_fixdi</name>
         <value>0x17328</value>
         <object_component_ref idref="oc-d14"/>
      </symbol>
      <symbol id="sm-1177">
         <name>__mspabi_fixdli</name>
         <value>0x165ce</value>
         <object_component_ref idref="oc-d1a"/>
      </symbol>
      <symbol id="sm-1180">
         <name>__mspabi_fltid</name>
         <value>0x17608</value>
         <object_component_ref idref="oc-d40"/>
      </symbol>
      <symbol id="sm-1198">
         <name>__mspabi_fltlid</name>
         <value>0x15b10</value>
         <object_component_ref idref="oc-d08"/>
      </symbol>
      <symbol id="sm-11a1">
         <name>__mspabi_negd</name>
         <value>0x17146</value>
         <object_component_ref idref="oc-c03"/>
      </symbol>
      <symbol id="sm-11ae">
         <name>__mspabi_sllll</name>
         <value>0x16e9a</value>
         <object_component_ref idref="oc-cf7"/>
      </symbol>
      <symbol id="sm-11b7">
         <name>__mspabi_subd</name>
         <value>0x17022</value>
         <object_component_ref idref="oc-d0e"/>
      </symbol>
      <symbol id="sm-11d9">
         <name>__mspabi_addd</name>
         <value>0x1135a</value>
         <object_component_ref idref="oc-d60"/>
      </symbol>
      <symbol id="sm-11fa">
         <name>__TI_frcaddd</name>
         <value>0x11b16</value>
         <object_component_ref idref="oc-d85"/>
      </symbol>
      <symbol id="sm-120e">
         <name>__TI_renormd</name>
         <value>0x1551c</value>
         <object_component_ref idref="oc-da0"/>
      </symbol>
      <symbol id="sm-1225">
         <name>frexpl</name>
         <value>0x155ce</value>
         <object_component_ref idref="oc-cbf"/>
      </symbol>
      <symbol id="sm-1226">
         <name>frexp</name>
         <value>0x155ce</value>
         <object_component_ref idref="oc-cbf"/>
      </symbol>
      <symbol id="sm-1240">
         <name>scalbn</name>
         <value>0x137c0</value>
         <object_component_ref idref="oc-d34"/>
      </symbol>
      <symbol id="sm-1241">
         <name>scalbnl</name>
         <value>0x137c0</value>
         <object_component_ref idref="oc-d34"/>
      </symbol>
      <symbol id="sm-1242">
         <name>ldexpl</name>
         <value>0x137c0</value>
         <object_component_ref idref="oc-d34"/>
      </symbol>
      <symbol id="sm-1243">
         <name>ldexp</name>
         <value>0x137c0</value>
         <object_component_ref idref="oc-d34"/>
      </symbol>
      <symbol id="sm-124c">
         <name>copysign</name>
         <value>0x17174</value>
         <object_component_ref idref="oc-d72"/>
      </symbol>
      <symbol id="sm-124d">
         <name>copysignl</name>
         <value>0x17174</value>
         <object_component_ref idref="oc-d72"/>
      </symbol>
      <symbol id="sm-1254">
         <name>errno</name>
         <value>0x1dca</value>
         <object_component_ref idref="oc-d6f"/>
      </symbol>
      <symbol id="sm-1263">
         <name>ltoa</name>
         <value>0x161be</value>
         <object_component_ref idref="oc-d02"/>
      </symbol>
      <symbol id="sm-126f">
         <name>__mspabi_remli</name>
         <value>0x16c6e</value>
         <object_component_ref idref="oc-d51"/>
      </symbol>
      <symbol id="sm-1270">
         <name>__mspabi_divli</name>
         <value>0x16c6e</value>
         <object_component_ref idref="oc-d51"/>
      </symbol>
      <symbol id="sm-127a">
         <name>abs</name>
         <value>0x17646</value>
         <object_component_ref idref="oc-d56"/>
      </symbol>
      <symbol id="sm-1289">
         <name>memccpy</name>
         <value>0x17440</value>
         <object_component_ref idref="oc-bbe"/>
      </symbol>
      <symbol id="sm-1298">
         <name>strchr</name>
         <value>0x1747a</value>
         <object_component_ref idref="oc-d3a"/>
      </symbol>
      <symbol id="sm-12a5">
         <name>strcpy</name>
         <value>0x1755c</value>
         <object_component_ref idref="oc-cd7"/>
      </symbol>
      <symbol id="sm-12b2">
         <name>strlen</name>
         <value>0x175fa</value>
         <object_component_ref idref="oc-b4d"/>
      </symbol>
      <symbol id="sm-12c2">
         <name>strncmp</name>
         <value>0x171d0</value>
         <object_component_ref idref="oc-78b"/>
      </symbol>
      <symbol id="sm-12cf">
         <name>toupper</name>
         <value>0x1756e</value>
         <object_component_ref idref="oc-bfd"/>
      </symbol>
      <symbol id="sm-12d4">
         <name>__TI_BINIT_Base</name>
         <value>0x0</value>
      </symbol>
      <symbol id="sm-12d5">
         <name>__TI_BINIT_Limit</name>
         <value>0x0</value>
      </symbol>
      <symbol id="sm-12d6">
         <name>__TI_INITARRAY_Base</name>
         <value>0x0</value>
      </symbol>
      <symbol id="sm-12d7">
         <name>__TI_INITARRAY_Limit</name>
         <value>0x0</value>
      </symbol>
      <symbol id="sm-12d8">
         <name>UARTStdioInit</name>
         <value>0x16e5e</value>
      </symbol>
      <symbol id="sm-12d9">
         <name>_SlDrvDispatchHttpServerEvents</name>
         <value>0x17628</value>
      </symbol>
   </symbol_table>
   <title>Link successful</title>
</link_info>
